Component: ARM Compiler 5.06 update 1 (build 61) Tool: armlink [4d35a8]

==============================================================================

Section Cross References

    startup_stm32f405xx.o(RESET) refers to startup_stm32f405xx.o(STACK) for __initial_sp
    startup_stm32f405xx.o(RESET) refers to startup_stm32f405xx.o(.text) for Reset_Handler
    startup_stm32f405xx.o(RESET) refers to stm32f4xx_it.o(i.NMI_Handler) for NMI_Handler
    startup_stm32f405xx.o(RESET) refers to stm32f4xx_it.o(i.HardFault_Handler) for HardFault_Handler
    startup_stm32f405xx.o(RESET) refers to stm32f4xx_it.o(i.MemManage_Handler) for MemManage_Handler
    startup_stm32f405xx.o(RESET) refers to stm32f4xx_it.o(i.BusFault_Handler) for BusFault_Handler
    startup_stm32f405xx.o(RESET) refers to stm32f4xx_it.o(i.UsageFault_Handler) for UsageFault_Handler
    startup_stm32f405xx.o(RESET) refers to port.o(.emb_text) for SVC_Handler
    startup_stm32f405xx.o(RESET) refers to stm32f4xx_it.o(i.DebugMon_Handler) for DebugMon_Handler
    startup_stm32f405xx.o(RESET) refers to cmsis_os2.o(i.SysTick_Handler) for SysTick_Handler
    startup_stm32f405xx.o(RESET) refers to stm32f4xx_it.o(i.TIM1_UP_TIM10_IRQHandler) for TIM1_UP_TIM10_IRQHandler
    startup_stm32f405xx.o(RESET) refers to stm32f4xx_it.o(i.USART2_IRQHandler) for USART2_IRQHandler
    startup_stm32f405xx.o(RESET) refers to stm32f4xx_it.o(i.USART3_IRQHandler) for USART3_IRQHandler
    startup_stm32f405xx.o(RESET) refers to stm32f4xx_it.o(i.UART4_IRQHandler) for UART4_IRQHandler
    startup_stm32f405xx.o(RESET) refers to stm32f4xx_it.o(i.USART6_IRQHandler) for USART6_IRQHandler
    startup_stm32f405xx.o(.text) refers to system_stm32f4xx.o(i.SystemInit) for SystemInit
    startup_stm32f405xx.o(.text) refers to entry.o(.ARM.Collect$$$$00000000) for __main
    atgm.o(i.atgm_init) refers to nmea.o(i.nmea_init) for nmea_init
    atgm.o(i.atgm_init) refers to cmsis_os2.o(i.osThreadNew) for osThreadNew
    atgm.o(i.atgm_init) refers to printfa.o(i.__0printf) for __2printf
    atgm.o(i.atgm_init) refers to atgm.o(.bss) for atgm
    atgm.o(i.atgm_init) refers to atgm.o(.constdata) for atgmtask_attributes
    atgm.o(i.atgm_init) refers to atgm.o(i.atgm_task_entry) for atgm_task_entry
    atgm.o(i.atgm_init) refers to atgm.o(.data) for atgm_task
    atgm.o(i.atgm_task_entry) refers to nmea.o(i.nmea_available_reset) for nmea_available_reset
    atgm.o(i.atgm_task_entry) refers to cmsis_os2.o(i.osDelay) for osDelay
    atgm.o(i.atgm_task_entry) refers to queue.o(i.xQueueReceive) for xQueueReceive
    atgm.o(i.atgm_task_entry) refers to nmea.o(i.nmea_loop) for nmea_loop
    atgm.o(i.atgm_task_entry) refers to memseta.o(.text) for __aeabi_memclr
    atgm.o(i.atgm_task_entry) refers to queue.o(i.xQueueGenericSend) for xQueueGenericSend
    atgm.o(i.atgm_task_entry) refers to atgm.o(.bss) for atgm
    atgm.o(.constdata) refers to atgm.o(.conststring) for .conststring
    nmea.o(i.nmea_available_reset) refers to cmsis_os2.o(i.osDelay) for osDelay
    nmea.o(i.nmea_available_reset) refers to memseta.o(.text) for __aeabi_memclr
    nmea.o(i.nmea_init) refers to heap_4.o(i.pvPortMalloc) for pvPortMalloc
    nmea.o(i.nmea_init) refers to queue.o(i.xQueueGenericCreate) for xQueueGenericCreate
    nmea.o(i.nmea_init) refers to queue.o(i.xQueueGenericSend) for xQueueGenericSend
    nmea.o(i.nmea_init) refers to queue.o(i.xQueueReceive) for xQueueReceive
    nmea.o(i.nmea_loop) refers to _scanf_int.o(.text) for _scanf_int
    nmea.o(i.nmea_loop) refers to memcpya.o(.text) for __aeabi_memcpy
    nmea.o(i.nmea_loop) refers to strstr.o(.text) for strstr
    nmea.o(i.nmea_loop) refers to memseta.o(.text) for __aeabi_memclr4
    nmea.o(i.nmea_loop) refers to strncpy.o(.text) for strncpy
    nmea.o(i.nmea_loop) refers to nmea.o(i.nmea_checksum) for nmea_checksum
    nmea.o(i.nmea_loop) refers to __0sscanf.o(.text) for __0sscanf
    nmea.o(i.nmea_loop) refers to strtok.o(.text) for strtok
    nmea.o(i.nmea_loop) refers to atof.o(i.__hardfp_atof) for __hardfp_atof
    nmea.o(i.nmea_loop) refers to d2f.o(.text) for __aeabi_d2f
    nmea.o(i.nmea_loop) refers to strcmp.o(.text) for strcmp
    nmea.o(i.nmea_loop) refers to nmea.o(i.nmea_convert) for nmea_convert
    nmea.o(i.nmea_loop) refers to atoi.o(.text) for atoi
    nmea.o(i.nmea_loop) refers to nmea.o(.data) for nmea_delimiter
    nmea.o(.data) refers to nmea.o(.conststring) for .conststring
    audio.o(i.audio_alarm) refers to audio.o(i.audio_attach_header) for audio_attach_header
    audio.o(i.audio_alarm) refers to audio.o(i.audio_attach_seq) for audio_attach_seq
    audio.o(i.audio_alarm) refers to audio.o(i.audio_attach_tailer) for audio_attach_tailer
    audio.o(i.audio_alarm) refers to printfa.o(i.__0printf) for __2printf
    audio.o(i.audio_alarm) refers to audio.o(i.audio_send_msg) for audio_send_msg
    audio.o(i.audio_callback) refers to queue.o(i.xQueueGenericSendFromISR) for xQueueGenericSendFromISR
[...]
    i.xQueueGenericCreate                    0x08006758   Section        0  queue.o(i.xQueueGenericCreate)
    i.xQueueGenericCreateStatic              0x080067b2   Section        0  queue.o(i.xQueueGenericCreateStatic)
    i.xQueueGenericReset                     0x08006894   Section        0  queue.o(i.xQueueGenericReset)
    i.xQueueGenericSend                      0x0800692c   Section        0  queue.o(i.xQueueGenericSend)
    i.xQueueGenericSendFromISR               0x08006ad4   Section        0  queue.o(i.xQueueGenericSendFromISR)
    i.xQueueReceive                          0x08006bd0   Section        0  queue.o(i.xQueueReceive)
    i.xQueueReceiveFromISR                   0x08006d38   Section        0  queue.o(i.xQueueReceiveFromISR)
    i.xTaskCheckForTimeOut                   0x08006e04   Section        0  tasks.o(i.xTaskCheckForTimeOut)
    i.xTaskCreate                            0x08006e90   Section        0  tasks.o(i.xTaskCreate)
    i.xTaskCreateStatic                      0x08006ef4   Section        0  tasks.o(i.xTaskCreateStatic)
    i.xTaskGetSchedulerState                 0x08006fb0   Section        0  tasks.o(i.xTaskGetSchedulerState)
    i.xTaskGetTickCount                      0x08006fd0   Section        0  tasks.o(i.xTaskGetTickCount)
    i.xTaskIncrementTick                     0x08006fdc   Section        0  tasks.o(i.xTaskIncrementTick)
    i.xTaskPriorityDisinherit                0x08007120   Section        0  tasks.o(i.xTaskPriorityDisinherit)
    i.xTaskRemoveFromEventList               0x080071c4   Section        0  tasks.o(i.xTaskRemoveFromEventList)
    i.xTaskResumeAll                         0x0800725c   Section        0  tasks.o(i.xTaskResumeAll)
    i.xTimerCreateTimerTask                  0x08007360   Section        0  timers.o(i.xTimerCreateTimerTask)
    i.xTimerGenericCommand                   0x080073d8   Section        0  timers.o(i.xTimerGenericCommand)
    .constdata                               0x0800745c   Section       44  atgm.o(.constdata)
    STREAM_OFFSET_TAB                        0x0800745c   Data           8  atgm.o(.constdata)
    .constdata                               0x08007488   Section       44  audio.o(.constdata)
    STREAM_OFFSET_TAB                        0x08007488   Data           8  audio.o(.constdata)
    audio_task_attr                          0x08007490   Data          36  audio.o(.constdata)
    .constdata                               0x080074b4   Section       44  hi3861.o(.constdata)
    STREAM_OFFSET_TAB                        0x080074b4   Data           8  hi3861.o(.constdata)
    hi3861_task_attr                         0x080074bc   Data          36  hi3861.o(.constdata)
    .constdata                               0x080074e0   Section       44  main.o(.constdata)
    STREAM_OFFSET_TAB                        0x080074e0   Data           8  main.o(.constdata)
    .constdata                               0x0800750c   Section       44  syn6288.o(.constdata)
    STREAM_OFFSET_TAB                        0x0800750c   Data           8  syn6288.o(.constdata)
    syn_task_attr                            0x08007514   Data          36  syn6288.o(.constdata)
    .constdata                               0x08007538   Section       24  system_stm32f4xx.o(.constdata)
    .constdata                               0x08007550   Section      129  ctype_o.o(.constdata)
    .constdata                               0x080075d4   Section        4  ctype_o.o(.constdata)
    table                                    0x080075d4   Data           4  ctype_o.o(.constdata)
    .conststring                             0x080075d8   Section        9  atgm.o(.conststring)
    .conststring                             0x080075e4   Section       64  nmea.o(.conststring)
    .conststring                             0x08007624   Section        9  audio.o(.conststring)
    .conststring                             0x08007630   Section       12  hi3861.o(.conststring)
    .conststring                             0x0800763c   Section        9  syn6288.o(.conststring)
    .data                                    0x20000000   Section        4  atgm.o(.data)
    .data                                    0x20000004   Section       24  nmea.o(.data)
    .data                                    0x2000001c   Section       48  hi3861.o(.data)
    .data                                    0x2000004c   Section       47  main.o(.data)
    .data                                    0x2000007c   Section        9  stm32f4xx_hal.o(.data)
    .data                                    0x20000088   Section        4  system_stm32f4xx.o(.data)
    .data                                    0x2000008c   Section       60  tasks.o(.data)
    pxDelayedTaskList                        0x20000090   Data           4  tasks.o(.data)
    pxOverflowDelayedTaskList                0x20000094   Data           4  tasks.o(.data)
    uxDeletedTasksWaitingCleanUp             0x20000098   Data           4  tasks.o(.data)
    uxCurrentNumberOfTasks                   0x2000009c   Data           4  tasks.o(.data)
    xTickCount                               0x200000a0   Data           4  tasks.o(.data)
    uxTopReadyPriority                       0x200000a4   Data           4  tasks.o(.data)
    xSchedulerRunning                        0x200000a8   Data           4  tasks.o(.data)
    xPendedTicks                             0x200000ac   Data           4  tasks.o(.data)
    xYieldPending                            0x200000b0   Data           4  tasks.o(.data)
    xNumOfOverflows                          0x200000b4   Data           4  tasks.o(.data)
    uxTaskNumber                             0x200000b8   Data           4  tasks.o(.data)
    xNextTaskUnblockTime                     0x200000bc   Data           4  tasks.o(.data)
    xIdleTaskHandle                          0x200000c0   Data           4  tasks.o(.data)
    uxSchedulerSuspended                     0x200000c4   Data           4  tasks.o(.data)
    .data                                    0x200000c8   Section       20  timers.o(.data)
    pxCurrentTimerList                       0x200000c8   Data           4  timers.o(.data)
    pxOverflowTimerList                      0x200000cc   Data           4  timers.o(.data)
    xTimerQueue                              0x200000d0   Data           4  timers.o(.data)
    xTimerTaskHandle                         0x200000d4   Data           4  timers.o(.data)
    xLastTime                                0x200000d8   Data           4  timers.o(.data)
    .data                                    0x200000dc   Section        4  cmsis_os2.o(.data)
    KernelState                              0x200000dc   Data           4  cmsis_os2.o(.data)
    .data                                    0x200000e0   Section       32  heap_4.o(.data)
    xStart                                   0x200000e0   Data           8  heap_4.o(.data)
    pxEnd                                    0x200000e8   Data           4  heap_4.o(.data)
    xFreeBytesRemaining                      0x200000ec   Data           4  heap_4.o(.data)
    xMinimumEverFreeBytesRemaining           0x200000f0   Data           4  heap_4.o(.data)
    xNumberOfSuccessfulAllocations           0x200000f4   Data           4  heap_4.o(.data)
    xNumberOfSuccessfulFrees                 0x200000f8   Data           4  heap_4.o(.data)
    xBlockAllocatedBit                       0x200000fc   Data           4  heap_4.o(.data)
    .data                                    0x20000100   Section       12  port.o(.data)
    uxCriticalNesting                        0x20000100   Data           4  port.o(.data)
    ucMaxSysCallPriority                     0x20000104   Data           1  port.o(.data)
    ulMaxPRIGROUPValue                       0x20000108   Data           4  port.o(.data)
    .data                                    0x2000010c   Section        4  strtok.o(.data)
    state                                    0x2000010c   Data           4  strtok.o(.data)
    .data                                    0x20000110   Section        4  stdout.o(.data)
    .data                                    0x20000114   Section        4  errno.o(.data)
    _errno                                   0x20000114   Data           4  errno.o(.data)
    .bss                                     0x20000118   Section      112  atgm.o(.bss)
    .bss                                     0x20000188   Section      700  hi3861.o(.bss)
    .bss                                     0x20000448   Section      236  main.o(.bss)
    .bss                                     0x20000534   Section       72  stm32f4xx_hal_timebase_tim.o(.bss)
    .bss                                     0x2000057c   Section      256  syn6288.o(.bss)
    .bss                                     0x2000067c   Section       64  queue.o(.bss)
    .bss                                     0x200006bc   Section     1220  tasks.o(.bss)
    pxReadyTasksLists                        0x200006bc   Data        1120  tasks.o(.bss)
    xDelayedTaskList1                        0x20000b1c   Data          20  tasks.o(.bss)
    xDelayedTaskList2                        0x20000b30   Data          20  tasks.o(.bss)
    xPendingReadyList                        0x20000b44   Data          20  tasks.o(.bss)
    xTasksWaitingTermination                 0x20000b58   Data          20  tasks.o(.bss)
    xSuspendedTaskList                       0x20000b6c   Data          20  tasks.o(.bss)
    .bss                                     0x20000b80   Section      280  timers.o(.bss)
    xActiveTimerList1                        0x20000b80   Data          20  timers.o(.bss)
    xActiveTimerList2                        0x20000b94   Data          20  timers.o(.bss)
    xStaticTimerQueue                        0x20000ba8   Data          80  timers.o(.bss)
    ucStaticTimerQueueStorage                0x20000bf8   Data         160  timers.o(.bss)
    .bss                                     0x20000c98   Section     1720  cmsis_os2.o(.bss)
    Idle_TCB                                 0x20000c98   Data          92  cmsis_os2.o(.bss)
    Idle_Stack                               0x20000cf4   Data         512  cmsis_os2.o(.bss)
    Timer_TCB                                0x20000ef4   Data          92  cmsis_os2.o(.bss)
    Timer_Stack                              0x20000f50   Data        1024  cmsis_os2.o(.bss)
    .bss                                     0x20001350   Section    15360  heap_4.o(.bss)
    ucHeap                                   0x20001350   Data       15360  heap_4.o(.bss)
    STACK                                    0x20004f50   Section     1024  startup_stm32f405xx.o(STACK)

    Global Symbols

    Symbol Name                              Value     Ov Type        Size  Object(Section)

    BuildAttributes$$THM_ISAv4$E$P$D$K$B$S$7EM$VFPi3$EXTD16$VFPS$VFMA$PE$A:L22UL41UL21$X:L11$S22US41US21$IEEE1$IW$USESV6$~STKCKD$USESV7$~SHL$OTIME$ROPI$IEEEX$EBA8$MICROLIB$REQ8$PRES8$EABIv2 0x00000000   Number         0  anon$$obj.o ABSOLUTE
    __ARM_use_no_argv                        0x00000000   Number         0  main.o ABSOLUTE
    _printf_a                                0x00000000   Number         0  stubs.o ABSOLUTE
    _printf_c                                0x00000000   Number         0  stubs.o ABSOLUTE
    _printf_charcount                        0x00000000   Number         0  stubs.o ABSOLUTE
    _printf_d                                0x00000000   Number         0  stubs.o ABSOLUTE
    _printf_e                                0x00000000   Number         0  stubs.o ABSOLUTE
    _printf_f                                0x00000000   Number         0  stubs.o ABSOLUTE
    _printf_flags                            0x00000000   Number         0  stubs.o ABSOLUTE
    _printf_fp_dec                           0x00000000   Number         0  stubs.o ABSOLUTE
    _printf_fp_hex                           0x00000000   Number         0  stubs.o ABSOLUTE
    _printf_g                                0x00000000   Number         0  stubs.o ABSOLUTE
    _printf_i                                0x00000000   Number         0  stubs.o ABSOLUTE
    _printf_int_dec                          0x00000000   Number         0  stubs.o ABSOLUTE
    _printf_l                                0x00000000   Number         0  stubs.o ABSOLUTE
    _printf_lc                               0x00000000   Number         0  stubs.o ABSOLUTE
    _printf_ll                               0x00000000   Number         0  stubs.o ABSOLUTE
    _printf_lld                              0x00000000   Number         0  stubs.o ABSOLUTE
    _printf_lli                              0x00000000   Number         0  stubs.o ABSOLUTE
    _printf_llo                              0x00000000   Number         0  stubs.o ABSOLUTE
    _printf_llu                              0x00000000   Number         0  stubs.o ABSOLUTE
    _printf_llx                              0x00000000   Number         0  stubs.o ABSOLUTE
    _printf_longlong_dec                     0x00000000   Number         0  stubs.o ABSOLUTE
    _printf_longlong_hex                     0x00000000   Number         0  stubs.o ABSOLUTE
    _printf_longlong_oct                     0x00000000   Number         0  stubs.o ABSOLUTE
    _printf_ls                               0x00000000   Number         0  stubs.o ABSOLUTE
    _printf_mbtowc                           0x00000000   Number         0  stubs.o ABSOLUTE
    _printf_n                                0x00000000   Number         0  stubs.o ABSOLUTE
    _printf_o                                0x00000000   Number         0  stubs.o ABSOLUTE
    _printf_p                                0x00000000   Number         0  stubs.o ABSOLUTE
    _printf_percent                          0x00000000   Number         0  stubs.o ABSOLUTE
    _printf_pre_padding                      0x00000000   Number         0  stubs.o ABSOLUTE
    _printf_return_value                     0x00000000   Number         0  stubs.o ABSOLUTE
    _printf_s                                0x00000000   Number         0  stubs.o ABSOLUTE
    _printf_sizespec                         0x00000000   Number         0  stubs.o ABSOLUTE
    _printf_str                              0x00000000   Number         0  stubs.o ABSOLUTE
    _printf_truncate_signed                  0x00000000   Number         0  stubs.o ABSOLUTE
    _printf_truncate_unsigned                0x00000000   Number         0  stubs.o ABSOLUTE
    _printf_u                                0x00000000   Number         0  stubs.o ABSOLUTE
    _printf_wc                               0x00000000   Number         0  stubs.o ABSOLUTE
    _printf_wctomb                           0x00000000   Number         0  stubs.o ABSOLUTE
    _printf_widthprec                        0x00000000   Number         0  stubs.o ABSOLUTE
    _printf_x                                0x00000000   Number         0  stubs.o ABSOLUTE
    __cpp_initialize__aeabi_                  - Undefined Weak Reference
    __cxa_finalize                            - Undefined Weak Reference
    __decompress                              - Undefined Weak Reference
    _clock_init                               - Undefined Weak Reference
    _microlib_exit                            - Undefined Weak Reference
    _scanf_longlong                           - Undefined Weak Reference
    _scanf_string                             - Undefined Weak Reference
    __Vectors_Size                           0x00000188   Number         0  startup_stm32f405xx.o ABSOLUTE
    __Vectors                                0x08000000   Data           4  startup_stm32f405xx.o(RESET)
    __Vectors_End                            0x08000188   Data           0  startup_stm32f405xx.o(RESET)
    __main                                   0x08000189   Thumb Code     0  entry.o(.ARM.Collect$$$$00000000)
    _main_stk                                0x08000189   Thumb Code     0  entry2.o(.ARM.Collect$$$$00000001)
    _main_scatterload                        0x0800018d   Thumb Code     0  entry5.o(.ARM.Collect$$$$00000004)
    __main_after_scatterload                 0x08000191   Thumb Code     0  entry5.o(.ARM.Collect$$$$00000004)
    _main_clock                              0x08000191   Thumb Code     0  entry7b.o(.ARM.Collect$$$$00000008)
    _main_cpp_init                           0x08000191   Thumb Code     0  entry8b.o(.ARM.Collect$$$$0000000A)
    _main_init                               0x08000191   Thumb Code     0  entry9a.o(.ARM.Collect$$$$0000000B)
    __rt_final_cpp                           0x08000199   Thumb Code     0  entry10a.o(.ARM.Collect$$$$0000000D)
    __rt_final_exit                          0x08000199   Thumb Code     0  entry11a.o(.ARM.Collect$$$$0000000F)
    SVC_Handler                              0x0800019d   Thumb Code    28  port.o(.emb_text)
    __asm___6_port_c_39a90d8d__prvStartFirstTask 0x080001bd   Thumb Code    36  port.o(.emb_text)
    __asm___6_port_c_39a90d8d__prvEnableVFP  0x080001e5   Thumb Code    16  port.o(.emb_text)
    PendSV_Handler                           0x080001f9   Thumb Code    88  port.o(.emb_text)
    vPortGetIPSR                             0x08000255   Thumb Code     6  port.o(.emb_text)
    Reset_Handler                            0x0800025d   Thumb Code     8  startup_stm32f405xx.o(.text)
    ADC_IRQHandler                           0x08000277   Thumb Code     0  startup_stm32f405xx.o(.text)
    CAN1_RX0_IRQHandler                      0x08000277   Thumb Code     0  startup_stm32f405xx.o(.text)
    CAN1_RX1_IRQHandler                      0x08000277   Thumb Code     0  startup_stm32f405xx.o(.text)
    CAN1_SCE_IRQHandler                      0x08000277   Thumb Code     0  startup_stm32f405xx.o(.text)
    CAN1_TX_IRQHandler                       0x08000277   Thumb Code     0  startup_stm32f405xx.o(.text)
    CAN2_RX0_IRQHandler                      0x08000277   Thumb Code     0  startup_stm32f405xx.o(.text)
    CAN2_RX1_IRQHandler                      0x08000277   Thumb Code     0  startup_stm32f405xx.o(.text)
    CAN2_SCE_IRQHandler                      0x08000277   Thumb Code     0  startup_stm32f405xx.o(.text)
    CAN2_TX_IRQHandler                       0x08000277   Thumb Code     0  startup_stm32f405xx.o(.text)
    DMA1_Stream0_IRQHandler                  0x08000277   Thumb Code     0  startup_stm32f405xx.o(.text)
    DMA1_Stream1_IRQHandler                  0x08000277   Thumb Code     0  startup_stm32f405xx.o(.text)
    DMA1_Stream2_IRQHandler                  0x08000277   Thumb Code     0  startup_stm32f405xx.o(.text)
    DMA1_Stream3_IRQHandler                  0x08000277   Thumb Code     0  startup_stm32f405xx.o(.text)
    DMA1_Stream4_IRQHandler                  0x08000277   Thumb Code     0  startup_stm32f405xx.o(.text)
    DMA1_Stream5_IRQHandler                  0x08000277   Thumb Code     0  startup_stm32f405xx.o(.text)
    DMA1_Stream6_IRQHandler                  0x08000277   Thumb Code     0  startup_stm32f405xx.o(.text)
    DMA1_Stream7_IRQHandler                  0x08000277   Thumb Code     0  startup_stm32f405xx.o(.text)
    DMA2_Stream0_IRQHandler                  0x08000277   Thumb Code     0  startup_stm32f405xx.o(.text)
    DMA2_Stream1_IRQHandler                  0x08000277   Thumb Code     0  startup_stm32f405xx.o(.text)
    DMA2_Stream2_IRQHandler                  0x08000277   Thumb Code     0  startup_stm32f405xx.o(.text)
    DMA2_Stream3_IRQHandler                  0x08000277   Thumb Code     0  startup_stm32f405xx.o(.text)
    DMA2_Stream4_IRQHandler                  0x08000277   Thumb Code     0  startup_stm32f405xx.o(.text)
    DMA2_Stream5_IRQHandler                  0x08000277   Thumb Code     0  startup_stm32f405xx.o(.text)
    DMA2_Stream6_IRQHandler                  0x08000277   Thumb Code     0  startup_stm32f405xx.o(.text)
    DMA2_Stream7_IRQHandler                  0x08000277   Thumb Code     0  startup_stm32f405xx.o(.text)
    EXTI0_IRQHandler                         0x08000277   Thumb Code     0  startup_stm32f405xx.o(.text)
    EXTI15_10_IRQHandler                     0x08000277   Thumb Code     0  startup_stm32f405xx.o(.text)
    EXTI1_IRQHandler                         0x08000277   Thumb Code     0  startup_stm32f405xx.o(.text)
    EXTI2_IRQHandler                         0x08000277   Thumb Code     0  startup_stm32f405xx.o(.text)
    EXTI3_IRQHandler                         0x08000277   Thumb Code     0  startup_stm32f405xx.o(.text)
    EXTI4_IRQHandler                         0x08000277   Thumb Code     0  startup_stm32f405xx.o(.text)
    EXTI9_5_IRQHandler                       0x08000277   Thumb Code     0  startup_stm32f405xx.o(.text)
    FLASH_IRQHandler                         0x08000277   Thumb Code     0  startup_stm32f405xx.o(.text)
    FMC_IRQHandler                           0x08000277   Thumb Code     0  startup_stm32f405xx.o(.text)
    FPU_IRQHandler                           0x08000277   Thumb Code     0  startup_stm32f405xx.o(.text)
    HASH_RNG_IRQHandler                      0x08000277   Thumb Code     0  startup_stm32f405xx.o(.text)
    I2C1_ER_IRQHandler                       0x08000277   Thumb Code     0  startup_stm32f405xx.o(.text)
    I2C1_EV_IRQHandler                       0x08000277   Thumb Code     0  startup_stm32f405xx.o(.text)
    I2C2_ER_IRQHandler                       0x08000277   Thumb Code     0  startup_stm32f405xx.o(.text)
    I2C2_EV_IRQHandler                       0x08000277   Thumb Code     0  startup_stm32f405xx.o(.text)
    I2C3_ER_IRQHandler                       0x08000277   Thumb Code     0  startup_stm32f405xx.o(.text)
    I2C3_EV_IRQHandler                       0x08000277   Thumb Code     0  startup_stm32f405xx.o(.text)
    OTG_FS_IRQHandler                        0x08000277   Thumb Code     0  startup_stm32f405xx.o(.text)
    OTG_FS_WKUP_IRQHandler                   0x08000277   Thumb Code     0  startup_stm32f405xx.o(.text)
    OTG_HS_EP1_IN_IRQHandler                 0x08000277   Thumb Code     0  startup_stm32f405xx.o(.text)
    OTG_HS_EP1_OUT_IRQHandler                0x08000277   Thumb Code     0  startup_stm32f405xx.o(.text)
    OTG_HS_IRQHandler                        0x08000277   Thumb Code     0  startup_stm32f405xx.o(.text)
    OTG_HS_WKUP_IRQHandler                   0x08000277   Thumb Code     0  startup_stm32f405xx.o(.text)
    PVD_IRQHandler                           0x08000277   Thumb Code     0  startup_stm32f405xx.o(.text)
    RCC_IRQHandler                           0x08000277   Thumb Code     0  startup_stm32f405xx.o(.text)
    RTC_Alarm_IRQHandler                     0x08000277   Thumb Code     0  startup_stm32f405xx.o(.text)
    RTC_WKUP_IRQHandler                      0x08000277   Thumb Code     0  startup_stm32f405xx.o(.text)
    SDIO_IRQHandler                          0x08000277   Thumb Code     0  startup_stm32f405xx.o(.text)
    SPI1_IRQHandler                          0x08000277   Thumb Code     0  startup_stm32f405xx.o(.text)
    SPI2_IRQHandler                          0x08000277   Thumb Code     0  startup_stm32f405xx.o(.text)
    SPI3_IRQHandler                          0x08000277   Thumb Code     0  startup_stm32f405xx.o(.text)
    TAMP_STAMP_IRQHandler                    0x08000277   Thumb Code     0  startup_stm32f405xx.o(.text)
    TIM1_BRK_TIM9_IRQHandler                 0x08000277   Thumb Code     0  startup_stm32f405xx.o(.text)
    TIM1_CC_IRQHandler                       0x08000277   Thumb Code     0  startup_stm32f405xx.o(.text)
    TIM1_TRG_COM_TIM11_IRQHandler            0x08000277   Thumb Code     0  startup_stm32f405xx.o(.text)
    TIM2_IRQHandler                          0x08000277   Thumb Code     0  startup_stm32f405xx.o(.text)
    TIM3_IRQHandler                          0x08000277   Thumb Code     0  startup_stm32f405xx.o(.text)
    TIM4_IRQHandler                          0x08000277   Thumb Code     0  startup_stm32f405xx.o(.text)
    TIM5_IRQHandler                          0x08000277   Thumb Code     0  startup_stm32f405xx.o(.text)
    TIM6_DAC_IRQHandler                      0x08000277   Thumb Code     0  startup_stm32f405xx.o(.text)
    TIM7_IRQHandler                          0x08000277   Thumb Code     0  startup_stm32f405xx.o(.text)
    TIM8_BRK_TIM12_IRQHandler                0x08000277   Thumb Code     0  startup_stm32f405xx.o(.text)
    TIM8_CC_IRQHandler                       0x08000277   Thumb Code     0  startup_stm32f405xx.o(.text)
    TIM8_TRG_COM_TIM14_IRQHandler            0x08000277   Thumb Code     0  startup_stm32f405xx.o(.text)
    TIM8_UP_TIM13_IRQHandler                 0x08000277   Thumb Code     0  startup_stm32f405xx.o(.text)
    UART5_IRQHandler                         0x08000277   Thumb Code     0  startup_stm32f405xx.o(.text)
    USART1_IRQHandler                        0x08000277   Thumb Code     0  startup_stm32f405xx.o(.text)
    WWDG_IRQHandler                          0x08000277   Thumb Code     0  startup_stm32f405xx.o(.text)
    __aeabi_uldivmod                         0x08000281   Thumb Code    98  uldiv.o(.text)
    __aeabi_memcpy                           0x080002e3   Thumb Code    36  memcpya.o(.text)
    __aeabi_memcpy4                          0x080002e3   Thumb Code     0  memcpya.o(.text)
    __aeabi_memcpy8                          0x080002e3   Thumb Code     0  memcpya.o(.text)
    __aeabi_memset                           0x08000307   Thumb Code    14  memseta.o(.text)
    __aeabi_memset4                          0x08000307   Thumb Code     0  memseta.o(.text)
    __aeabi_memset8                          0x08000307   Thumb Code     0  memseta.o(.text)
    __aeabi_memclr                           0x08000315   Thumb Code     4  memseta.o(.text)
    __aeabi_memclr4                          0x08000315   Thumb Code     0  memseta.o(.text)
    __aeabi_memclr8                          0x08000315   Thumb Code     0  memseta.o(.text)
    memset                                   0x08000319   Thumb Code    18  memseta.o(.text)
    strstr                                   0x0800032b   Thumb Code    36  strstr.o(.text)
    strncpy                                  0x0800034f   Thumb Code    24  strncpy.o(.text)
    strcmp                                   0x08000367   Thumb Code    28  strcmp.o(.text)
    strtok                                   0x08000385   Thumb Code    62  strtok.o(.text)
    __0sscanf                                0x080003c9   Thumb Code    48  __0sscanf.o(.text)
    _scanf_int                               0x08000401   Thumb Code   332  _scanf_int.o(.text)
    atoi                                     0x0800054d   Thumb Code    26  atoi.o(.text)
    __aeabi_dadd                             0x08000567   Thumb Code   322  dadd.o(.text)
    __aeabi_dsub                             0x080006a9   Thumb Code     6  dadd.o(.text)
    __aeabi_drsub                            0x080006af   Thumb Code     6  dadd.o(.text)
    __aeabi_dmul                             0x080006b5   Thumb Code   228  dmul.o(.text)
    __aeabi_f2d                              0x08000799   Thumb Code    38  f2d.o(.text)
    __aeabi_d2f                              0x080007bf   Thumb Code    56  d2f.o(.text)
    __aeabi_uidiv                            0x080007f7   Thumb Code     0  uidiv.o(.text)
    __aeabi_uidivmod                         0x080007f7   Thumb Code    44  uidiv.o(.text)
    __aeabi_llsl                             0x08000823   Thumb Code    30  llshl.o(.text)
    _ll_shift_l                              0x08000823   Thumb Code     0  llshl.o(.text)
    __aeabi_llsr                             0x08000841   Thumb Code    32  llushr.o(.text)
    _ll_ushift_r                             0x08000841   Thumb Code     0  llushr.o(.text)
    __aeabi_lasr                             0x08000861   Thumb Code    36  llsshr.o(.text)
    _ll_sshift_r                             0x08000861   Thumb Code     0  llsshr.o(.text)
    _chval                                   0x08000885   Thumb Code    28  _chval.o(.text)
    __vfscanf_char                           0x080008ad   Thumb Code    20  scanf_char.o(.text)
    _sgetc                                   0x080008c9   Thumb Code    30  _sgetc.o(.text)
    _sbackspace                              0x080008e7   Thumb Code    34  _sgetc.o(.text)
    __strtod_int                             0x0800093f   Thumb Code    88  strtod.o(.text)
    strtol                                   0x080009a5   Thumb Code   112  strtol.o(.text)
    __I$use$fp                               0x08000a15   Thumb Code     0  iusefp.o(.text)
    _float_round                             0x08000a15   Thumb Code    18  fepilogue.o(.text)
    _float_epilogue                          0x08000a27   Thumb Code    92  fepilogue.o(.text)
    _double_round                            0x08000a83   Thumb Code    30  depilogue.o(.text)
    _double_epilogue                         0x08000aa1   Thumb Code   156  depilogue.o(.text)
    __aeabi_ddiv                             0x08000b3d   Thumb Code   222  ddiv.o(.text)
    __aeabi_d2ulz                            0x08000c1b   Thumb Code    48  dfixul.o(.text)
    __aeabi_cdrcmple                         0x08000c4d   Thumb Code    48  cdrcmple.o(.text)
    __scatterload                            0x08000c7d   Thumb Code    28  init.o(.text)
    __scatterload_rt2                        0x08000c7d   Thumb Code     0  init.o(.text)
    __rt_ctype_table                         0x08000ca1   Thumb Code     4  ctype_o.o(.text)
    isspace                                  0x08000ca9   Thumb Code    18  isspace_o.o(.text)
    __vfscanf                                0x08000cbd   Thumb Code   808  _scanf.o(.text)
    _scanf_real                              0x080010e9   Thumb Code     0  scanf_fp.o(.text)
    _scanf_really_real                       0x080010e9   Thumb Code   556  scanf_fp.o(.text)
    _strtoul                                 0x08001321   Thumb Code   158  _strtoul.o(.text)
    __aeabi_ul2d                             0x080013bf   Thumb Code    24  dfltul.o(.text)
    BusFault_Handler                         0x080013d7   Thumb Code     4  stm32f4xx_it.o(i.BusFault_Handler)
    DebugMon_Handler                         0x080013db   Thumb Code     2  stm32f4xx_it.o(i.DebugMon_Handler)
    Error_Handler                            0x080013dd   Thumb Code     6  main.o(i.Error_Handler)
    HAL_IncTick                              0x080013e5   Thumb Code    16  stm32f4xx_hal.o(i.HAL_IncTick)
    HAL_Init                                 0x080013fd   Thumb Code    54  stm32f4xx_hal.o(i.HAL_Init)
    HAL_InitTick                             0x08001439   Thumb Code   140  stm32f4xx_hal_timebase_tim.o(i.HAL_InitTick)
    HAL_MspInit                              0x080014d9   Thumb Code    78  stm32f4xx_hal_msp.o(i.HAL_MspInit)
    HAL_NVIC_EnableIRQ                       0x0800152d   Thumb Code    40  stm32f4xx_hal_cortex.o(i.HAL_NVIC_EnableIRQ)
    HAL_NVIC_SetPriority                     0x08001555   Thumb Code   124  stm32f4xx_hal_cortex.o(i.HAL_NVIC_SetPriority)
    HAL_NVIC_SetPriorityGrouping             0x080015d1   Thumb Code    32  stm32f4xx_hal_cortex.o(i.HAL_NVIC_SetPriorityGrouping)
    HAL_RCC_GetClockConfig                   0x080015f9   Thumb Code    58  stm32f4xx_hal_rcc.o(i.HAL_RCC_GetClockConfig)
    HAL_RCC_GetHCLKFreq                      0x0800163d   Thumb Code     6  stm32f4xx_hal_rcc.o(i.HAL_RCC_GetHCLKFreq)
    HAL_RCC_GetPCLK2Freq                     0x08001649   Thumb Code    22  stm32f4xx_hal_rcc.o(i.HAL_RCC_GetPCLK2Freq)
    HAL_TIMEx_BreakCallback                  0x08001669   Thumb Code     2  stm32f4xx_hal_tim_ex.o(i.HAL_TIMEx_BreakCallback)
    HAL_TIMEx_CommutCallback                 0x0800166b   Thumb Code     2  stm32f4xx_hal_tim_ex.o(i.HAL_TIMEx_CommutCallback)
    HAL_TIM_Base_Init                        0x0800166d   Thumb Code   102  stm32f4xx_hal_tim.o(i.HAL_TIM_Base_Init)
    HAL_TIM_Base_MspInit                     0x080016d3   Thumb Code     2  stm32f4xx_hal_tim.o(i.HAL_TIM_Base_MspInit)
    HAL_TIM_Base_Start_IT                    0x080016d5   Thumb Code   138  stm32f4xx_hal_tim.o(i.HAL_TIM_Base_Start_IT)
    HAL_TIM_IC_CaptureCallback               0x0800177d   Thumb Code     2  stm32f4xx_hal_tim.o(i.HAL_TIM_IC_CaptureCallback)
    HAL_TIM_IRQHandler                       0x0800177f   Thumb Code   364  stm32f4xx_hal_tim.o(i.HAL_TIM_IRQHandler)
    HAL_TIM_OC_DelayElapsedCallback          0x080018eb   Thumb Code     2  stm32f4xx_hal_tim.o(i.HAL_TIM_OC_DelayElapsedCallback)
    HAL_TIM_PWM_PulseFinishedCallback        0x080018ed   Thumb Code     2  stm32f4xx_hal_tim.o(i.HAL_TIM_PWM_PulseFinishedCallback)
    HAL_TIM_PeriodElapsedCallback            0x080018f1   Thumb Code    18  main.o(i.HAL_TIM_PeriodElapsedCallback)
    HAL_TIM_TriggerCallback                  0x08001909   Thumb Code     2  stm32f4xx_hal_tim.o(i.HAL_TIM_TriggerCallback)
    HardFault_Handler                        0x0800190b   Thumb Code     4  stm32f4xx_it.o(i.HardFault_Handler)
    LL_GPIO_Init                             0x08001965   Thumb Code   312  stm32f4xx_ll_gpio.o(i.LL_GPIO_Init)
    LL_I2C_Init                              0x08001b89   Thumb Code   104  stm32f4xx_ll_i2c.o(i.LL_I2C_Init)
    LL_RCC_GetSystemClocksFreq               0x08001c2f   Thumb Code    36  stm32f4xx_ll_rcc.o(i.LL_RCC_GetSystemClocksFreq)
    LL_SetSystemCoreClock                    0x08001c65   Thumb Code     6  stm32f4xx_ll_utils.o(i.LL_SetSystemCoreClock)
    LL_USART_Init                            0x08001c8d   Thumb Code   170  stm32f4xx_ll_usart.o(i.LL_USART_Init)
    MemManage_Handler                        0x080022d1   Thumb Code     4  stm32f4xx_it.o(i.MemManage_Handler)
    NMI_Handler                              0x080022d5   Thumb Code     4  stm32f4xx_it.o(i.NMI_Handler)
    RCC_GetHCLKClockFreq                     0x08002319   Thumb Code    24  stm32f4xx_ll_rcc.o(i.RCC_GetHCLKClockFreq)
    RCC_GetPCLK1ClockFreq                    0x08002339   Thumb Code    26  stm32f4xx_ll_rcc.o(i.RCC_GetPCLK1ClockFreq)
    RCC_GetPCLK2ClockFreq                    0x0800235d   Thumb Code    26  stm32f4xx_ll_rcc.o(i.RCC_GetPCLK2ClockFreq)
    RCC_GetSystemClockFreq                   0x08002381   Thumb Code    54  stm32f4xx_ll_rcc.o(i.RCC_GetSystemClockFreq)
    RCC_PLL_GetFreqDomain_SYS                0x080023c1   Thumb Code   100  stm32f4xx_ll_rcc.o(i.RCC_PLL_GetFreqDomain_SYS)
    SysTick_Handler                          0x0800242d   Thumb Code    22  cmsis_os2.o(i.SysTick_Handler)
    SystemClock_Config                       0x08002445   Thumb Code   296  main.o(i.SystemClock_Config)
    SystemInit                               0x08002581   Thumb Code    14  system_stm32f4xx.o(i.SystemInit)
    TIM1_UP_TIM10_IRQHandler                 0x08002595   Thumb Code    10  stm32f4xx_it.o(i.TIM1_UP_TIM10_IRQHandler)
    TIM_Base_SetConfig                       0x080025a5   Thumb Code   186  stm32f4xx_hal_tim.o(i.TIM_Base_SetConfig)
    UART4_IRQHandler                         0x0800268d   Thumb Code    10  stm32f4xx_it.o(i.UART4_IRQHandler)
    USART2_IRQHandler                        0x0800269d   Thumb Code    10  stm32f4xx_it.o(i.USART2_IRQHandler)
    USART3_IRQHandler                        0x080026ad   Thumb Code    10  stm32f4xx_it.o(i.USART3_IRQHandler)
    USART6_IRQHandler                        0x080026bd   Thumb Code    10  stm32f4xx_it.o(i.USART6_IRQHandler)
    UsageFault_Handler                       0x080026cd   Thumb Code     4  stm32f4xx_it.o(i.UsageFault_Handler)
    __0printf                                0x080026d1   Thumb Code    22  printfa.o(i.__0printf)
    __1printf                                0x080026d1   Thumb Code     0  printfa.o(i.__0printf)
    __2printf                                0x080026d1   Thumb Code     0  printfa.o(i.__0printf)
    __c89printf                              0x080026d1   Thumb Code     0  printfa.o(i.__0printf)
    printf                                   0x080026d1   Thumb Code     0  printfa.o(i.__0printf)
    __0snprintf                              0x080026f1   Thumb Code    36  printfa.o(i.__0snprintf)
    __1snprintf                              0x080026f1   Thumb Code     0  printfa.o(i.__0snprintf)
    __2snprintf                              0x080026f1   Thumb Code     0  printfa.o(i.__0snprintf)
    __c89snprintf                            0x080026f1   Thumb Code     0  printfa.o(i.__0snprintf)
    snprintf                                 0x080026f1   Thumb Code     0  printfa.o(i.__0snprintf)
    __aeabi_errno_addr                       0x080027ad   Thumb Code     4  errno.o(i.__aeabi_errno_addr)
    __rt_errno_addr                          0x080027ad   Thumb Code     0  errno.o(i.__aeabi_errno_addr)
    __hardfp_atof                            0x080027c1   Thumb Code    44  atof.o(i.__hardfp_atof)
    __read_errno                             0x080027f9   Thumb Code     6  errno.o(i.__read_errno)
    __scatterload_copy                       0x08002805   Thumb Code    14  handlers.o(i.__scatterload_copy)
    __scatterload_null                       0x08002813   Thumb Code     2  handlers.o(i.__scatterload_null)
    __scatterload_zeroinit                   0x08002815   Thumb Code    14  handlers.o(i.__scatterload_zeroinit)
    __set_errno                              0x08002825   Thumb Code     6  errno.o(i.__set_errno)
    _is_digit                                0x08002995   Thumb Code    14  scanf_fp.o(i._is_digit)
    atgm_init                                0x080030e9   Thumb Code    36  atgm.o(i.atgm_init)
    audio_alarm                              0x0800317d   Thumb Code    64  audio.o(i.audio_alarm)
    audio_attach_header                      0x080031c9   Thumb Code    20  audio.o(i.audio_attach_header)
    audio_attach_how                         0x080031dd   Thumb Code    46  audio.o(i.audio_attach_how)
    audio_attach_pos                         0x0800320b   Thumb Code    70  audio.o(i.audio_attach_pos)
    audio_attach_seq                         0x08003251   Thumb Code    14  audio.o(i.audio_attach_seq)
    audio_attach_tailer                      0x0800325f   Thumb Code    26  audio.o(i.audio_attach_tailer)
    audio_callback                           0x08003279   Thumb Code   152  audio.o(i.audio_callback)
    audio_handle                             0x0800332d   Thumb Code   190  audio.o(i.audio_handle)
    audio_init                               0x08003425   Thumb Code   176  audio.o(i.audio_init)
    audio_send_how                           0x080034f5   Thumb Code   122  audio.o(i.audio_send_how)
    audio_send_msg                           0x0800356f   Thumb Code    56  audio.o(i.audio_send_msg)
    audio_task                               0x080035a7   Thumb Code    56  audio.o(i.audio_task)
    fputc                                    0x080035e1   Thumb Code    36  main.o(i.fputc)
    hi3861_callback                          0x08003609   Thumb Code   160  hi3861.o(i.hi3861_callback)
    hi3861_init                              0x080036c9   Thumb Code   188  hi3861.o(i.hi3861_init)
    hi3861_msg_handle                        0x080037a9   Thumb Code   348  hi3861.o(i.hi3861_msg_handle)
    hi3861_msg_start_pos                     0x08003945   Thumb Code    82  hi3861.o(i.hi3861_msg_start_pos)
    hi3861_msg_target_pos                    0x080039a5   Thumb Code    82  hi3861.o(i.hi3861_msg_target_pos)
    hi3861_send_msg                          0x08003a05   Thumb Code    70  hi3861.o(i.hi3861_send_msg)
    hi3861_send_pos                          0x08003a71   Thumb Code   220  hi3861.o(i.hi3861_send_pos)
    hi3861_send_target_pos                   0x08003b59   Thumb Code   100  hi3861.o(i.hi3861_send_target_pos)
    log_nmea_buf                             0x08003bf5   Thumb Code    38  util.o(i.log_nmea_buf)
    main                                     0x08003c51   Thumb Code   116  main.o(i.main)
    nmea_available                           0x08003e99   Thumb Code     6  nmea.o(i.nmea_available)
    nmea_available_reset                     0x08003e9f   Thumb Code    56  nmea.o(i.nmea_available_reset)
    nmea_callback                            0x08003ed9   Thumb Code   180  nmea.o(i.nmea_callback)
    nmea_checksum                            0x08003f99   Thumb Code    44  nmea.o(i.nmea_checksum)
    nmea_convert                             0x08003fc5   Thumb Code    60  nmea.o(i.nmea_convert)
    nmea_gnss_latitude_deg                   0x08004009   Thumb Code    34  nmea.o(i.nmea_gnss_latitude_deg)
    nmea_gnss_longitude_deg                  0x0800402b   Thumb Code    34  nmea.o(i.nmea_gnss_longitude_deg)
    nmea_init                                0x0800404d   Thumb Code   180  nmea.o(i.nmea_init)
    nmea_loop                                0x08004101   Thumb Code  2694  nmea.o(i.nmea_loop)
    osDelay                                  0x08004b8d   Thumb Code    30  cmsis_os2.o(i.osDelay)
    osKernelInitialize                       0x08004bad   Thumb Code    38  cmsis_os2.o(i.osKernelInitialize)
    osKernelStart                            0x08004bd9   Thumb Code    82  cmsis_os2.o(i.osKernelStart)
    osThreadNew                              0x08004c39   Thumb Code   184  cmsis_os2.o(i.osThreadNew)
    pvPortMalloc                             0x08005715   Thumb Code   306  heap_4.o(i.pvPortMalloc)
    pxPortInitialiseStack                    0x08005861   Thumb Code    38  port.o(i.pxPortInitialiseStack)
    qmc_check_i2c                            0x0800588d   Thumb Code    34  qmc5883.o(i.qmc_check_i2c)
    qmc_init                                 0x080058b1   Thumb Code   172  qmc5883.o(i.qmc_init)
    qmc_read_byte                            0x080059e5   Thumb Code   196  qmc5883.o(i.qmc_read_byte)
    qmc_write_byte                           0x08005ac1   Thumb Code   140  qmc5883.o(i.qmc_write_byte)
    remove_html_tag                          0x08005b65   Thumb Code    70  util.o(i.remove_html_tag)
    str_utf8_2_ucs2                          0x08005bab   Thumb Code    58  util.o(i.str_utf8_2_ucs2)
    syn6288_send                             0x08005be5   Thumb Code   110  syn6288.o(i.syn6288_send)
    syn_attach_cmd                           0x08005c95   Thumb Code    18  syn6288.o(i.syn_attach_cmd)
    syn_attach_cmdparam                      0x08005ca7   Thumb Code    26  syn6288.o(i.syn_attach_cmdparam)
    syn_attach_data                          0x08005cc1   Thumb Code    32  syn6288.o(i.syn_attach_data)
    syn_attach_errcheck                      0x08005ce1   Thumb Code    38  syn6288.o(i.syn_attach_errcheck)
    syn_attach_header                        0x08005d07   Thumb Code    20  syn6288.o(i.syn_attach_header)
    syn_attach_len                           0x08005d1b   Thumb Code    32  syn6288.o(i.syn_attach_len)
    syn_callback                             0x08005d3d   Thumb Code   176  syn6288.o(i.syn_callback)
    syn_init                                 0x08005e05   Thumb Code   182  syn6288.o(i.syn_init)
    syn_msg_handle                           0x08005ed9   Thumb Code    70  syn6288.o(i.syn_msg_handle)
    syn_send_msg                             0x08005f39   Thumb Code    70  syn6288.o(i.syn_send_msg)
    utf8_to_ucs2                             0x08005fdb   Thumb Code    96  util.o(i.utf8_to_ucs2)
    uxListRemove                             0x0800603b   Thumb Code    40  list.o(i.uxListRemove)
    uxQueueMessagesWaitingFromISR            0x08006063   Thumb Code    34  queue.o(i.uxQueueMessagesWaitingFromISR)
    vApplicationGetIdleTaskMemory            0x08006085   Thumb Code    14  cmsis_os2.o(i.vApplicationGetIdleTaskMemory)
    vApplicationGetTimerTaskMemory           0x0800609d   Thumb Code    16  cmsis_os2.o(i.vApplicationGetTimerTaskMemory)
    vListInitialise                          0x080060b5   Thumb Code    26  list.o(i.vListInitialise)
    vListInitialiseItem                      0x080060cf   Thumb Code     6  list.o(i.vListInitialiseItem)
    vListInsert                              0x080060d5   Thumb Code    52  list.o(i.vListInsert)
    vListInsertEnd                           0x08006109   Thumb Code    24  list.o(i.vListInsertEnd)
    vPortEnterCritical                       0x08006121   Thumb Code    76  port.o(i.vPortEnterCritical)
    vPortExitCritical                        0x08006175   Thumb Code    56  port.o(i.vPortExitCritical)
    vPortFree                                0x080061b1   Thumb Code   150  heap_4.o(i.vPortFree)
    vPortSetupTimerInterrupt                 0x08006255   Thumb Code    36  port.o(i.vPortSetupTimerInterrupt)
    vPortValidateInterruptPriority           0x0800627d   Thumb Code   106  port.o(i.vPortValidateInterruptPriority)
    vQueueAddToRegistry                      0x080062f5   Thumb Code    38  queue.o(i.vQueueAddToRegistry)
    vQueueWaitForMessageRestricted           0x08006321   Thumb Code    74  queue.o(i.vQueueWaitForMessageRestricted)
    vTaskDelay                               0x0800636d   Thumb Code    82  tasks.o(i.vTaskDelay)
    vTaskInternalSetTimeOutState             0x080063c9   Thumb Code    14  tasks.o(i.vTaskInternalSetTimeOutState)
    vTaskMissedYield                         0x080063e1   Thumb Code     8  tasks.o(i.vTaskMissedYield)
    vTaskPlaceOnEventList                    0x080063ed   Thumb Code    52  tasks.o(i.vTaskPlaceOnEventList)
    vTaskPlaceOnEventListRestricted          0x08006425   Thumb Code    60  tasks.o(i.vTaskPlaceOnEventListRestricted)
    vTaskStartScheduler                      0x08006465   Thumb Code   156  tasks.o(i.vTaskStartScheduler)
    vTaskSuspendAll                          0x0800651d   Thumb Code    12  tasks.o(i.vTaskSuspendAll)
    vTaskSwitchContext                       0x0800652d   Thumb Code   122  tasks.o(i.vTaskSwitchContext)
    xPortStartScheduler                      0x080065bd   Thumb Code   330  port.o(i.xPortStartScheduler)
    xPortSysTickHandler                      0x08006725   Thumb Code    46  port.o(i.xPortSysTickHandler)
    xQueueGenericCreate                      0x08006759   Thumb Code    90  queue.o(i.xQueueGenericCreate)
    xQueueGenericCreateStatic                0x080067b3   Thumb Code   224  queue.o(i.xQueueGenericCreateStatic)
    xQueueGenericReset                       0x08006895   Thumb Code   146  queue.o(i.xQueueGenericReset)
    xQueueGenericSend                        0x0800692d   Thumb Code   420  queue.o(i.xQueueGenericSend)
    xQueueGenericSendFromISR                 0x08006ad5   Thumb Code   252  queue.o(i.xQueueGenericSendFromISR)
    xQueueReceive                            0x08006bd1   Thumb Code   356  queue.o(i.xQueueReceive)
    xQueueReceiveFromISR                     0x08006d39   Thumb Code   202  queue.o(i.xQueueReceiveFromISR)
    xTaskCheckForTimeOut                     0x08006e05   Thumb Code   132  tasks.o(i.xTaskCheckForTimeOut)
    xTaskCreate                              0x08006e91   Thumb Code   100  tasks.o(i.xTaskCreate)
    xTaskCreateStatic                        0x08006ef5   Thumb Code   186  tasks.o(i.xTaskCreateStatic)
    xTaskGetSchedulerState                   0x08006fb1   Thumb Code    24  tasks.o(i.xTaskGetSchedulerState)
    xTaskGetTickCount                        0x08006fd1   Thumb Code     6  tasks.o(i.xTaskGetTickCount)
    xTaskIncrementTick                       0x08006fdd   Thumb Code   280  tasks.o(i.xTaskIncrementTick)
    xTaskPriorityDisinherit                  0x08007121   Thumb Code   152  tasks.o(i.xTaskPriorityDisinherit)
    xTaskRemoveFromEventList                 0x080071c5   Thumb Code   126  tasks.o(i.xTaskRemoveFromEventList)
    xTaskResumeAll                           0x0800725d   Thumb Code   222  tasks.o(i.xTaskResumeAll)
    xTimerCreateTimerTask                    0x08007361   Thumb Code   100  timers.o(i.xTimerCreateTimerTask)
    xTimerGenericCommand                     0x080073d9   Thumb Code   128  timers.o(i.xTimerGenericCommand)
    atgmtask_attributes                      0x08007464   Data          36  atgm.o(.constdata)
    AHBPrescTable                            0x08007538   Data          16  system_stm32f4xx.o(.constdata)
    APBPrescTable                            0x08007548   Data           8  system_stm32f4xx.o(.constdata)
    __ctype_table                            0x08007550   Data         129  ctype_o.o(.constdata)
    Region$$Table$$Base                      0x08007648   Number         0  anon$$obj.o(Region$$Table)
    Region$$Table$$Limit                     0x08007668   Number         0  anon$$obj.o(Region$$Table)
    atgm_task                                0x20000000   Data           4  atgm.o(.data)
    nmea_delimiter                           0x20000004   Data          24  nmea.o(.data)
    au_msg                                   0x2000001c   Data           8  hi3861.o(.data)
    alarm_msg                                0x20000024   Data           8  hi3861.o(.data)
    ucs_len                                  0x2000002c   Data           4  hi3861.o(.data)
    lal                                      0x20000030   Data          12  hi3861.o(.data)
    lng                                      0x2000003c   Data          12  hi3861.o(.data)
    target_index                             0x20000048   Data           4  hi3861.o(.data)
    maintask                                 0x2000004c   Data           4  main.o(.data)
    latitude                                 0x20000050   Data           4  main.o(.data)
    longitute                                0x20000054   Data           4  main.o(.data)
    altitude                                 0x20000058   Data           4  main.o(.data)
    syn_test                                 0x2000005c   Data          31  main.o(.data)
    uwTick                                   0x2000007c   Data           4  stm32f4xx_hal.o(.data)
    uwTickPrio                               0x20000080   Data           4  stm32f4xx_hal.o(.data)
    uwTickFreq                               0x20000084   Data           1  stm32f4xx_hal.o(.data)
    SystemCoreClock                          0x20000088   Data           4  system_stm32f4xx.o(.data)
    pxCurrentTCB                             0x2000008c   Data           4  tasks.o(.data)
    __stdout                                 0x20000110   Data           4  stdout.o(.data)
    atgm                                     0x20000118   Data         112  atgm.o(.bss)
    syn_buffer                               0x20000188   Data         500  hi3861.o(.bss)
    ucs_intrution                            0x2000037c   Data         200  hi3861.o(.bss)
    su03_audio                               0x20000448   Data          28  main.o(.bss)
    hi                                       0x20000464   Data          28  main.o(.bss)
    syn                                      0x20000480   Data          32  main.o(.bss)
    qmc                                      0x200004a0   Data          48  main.o(.bss)
    ucs2_test                                0x200004d0   Data         100  main.o(.bss)
    htim1                                    0x20000534   Data          72  stm32f4xx_hal_timebase_tim.o(.bss)
    syn_send_buffer                          0x2000057c   Data         256  syn6288.o(.bss)
    xQueueRegistry                           0x2000067c   Data          64  queue.o(.bss)
    __initial_sp                             0x20005350   Data           0  startup_stm32f405xx.o(STACK)



==============================================================================

Memory Map of the image

  Image Entry point : 0x08000189

  Load Region LR_IROM1 (Base: 0x08000000, Size: 0x00007780, Max: 0x00100000, ABSOLUTE)

    Execution Region ER_IROM1 (Exec base: 0x08000000, Load base: 0x08000000, Size: 0x00007668, Max: 0x00100000, ABSOLUTE)

    Exec Addr    Load Addr    Size         Type   Attr      Idx    E Section Name        Object

    0x08000000   0x08000000   0x00000188   Data   RO            3    RESET               startup_stm32f405xx.o
    0x08000188   0x08000188   0x00000000   Code   RO         5875  * .ARM.Collect$$$$00000000  mc_w.l(entry.o)
    0x08000188   0x08000188   0x00000004   Code   RO         6212    .ARM.Collect$$$$00000001  mc_w.l(entry2.o)
    0x0800018c   0x0800018c   0x00000004   Code   RO         6215    .ARM.Collect$$$$00000004  mc_w.l(entry5.o)
    0x08000190   0x08000190   0x00000000   Code   RO         6217    .ARM.Collect$$$$00000008  mc_w.l(entry7b.o)
    0x08000190   0x08000190   0x00000000   Code   RO         6219    .ARM.Collect$$$$0000000A  mc_w.l(entry8b.o)
    0x08000190   0x08000190   0x00000008   Code   RO         6220    .ARM.Collect$$$$0000000B  mc_w.l(entry9a.o)
    0x08000198   0x08000198   0x00000000   Code   RO         6222    .ARM.Collect$$$$0000000D  mc_w.l(entry10a.o)
    0x08000198   0x08000198   0x00000000   Code   RO         6224    .ARM.Collect$$$$0000000F  mc_w.l(entry11a.o)
    0x08000198   0x08000198   0x00000004   Code   RO         6213    .ARM.Collect$$$$00002712  mc_w.l(entry2.o)
    0x0800019c   0x0800019c   0x000000be   Code   RO         5780    .emb_text           port.o
    0x0800025a   0x0800025a   0x00000002   PAD
    0x0800025c   0x0800025c   0x00000024   Code   RO            4    .text               startup_stm32f405xx.o
    0x08000280   0x08000280   0x00000062   Code   RO         5878    .text               mc_w.l(uldiv.o)
    0x080002e2   0x080002e2   0x00000024   Code   RO         5880    .text               mc_w.l(memcpya.o)
    0x08000306   0x08000306   0x00000024   Code   RO         5884    .text               mc_w.l(memseta.o)
    0x0800032a   0x0800032a   0x00000024   Code   RO         5886    .text               mc_w.l(strstr.o)
    0x0800034e   0x0800034e   0x00000018   Code   RO         5888    .text               mc_w.l(strncpy.o)
    0x08000366   0x08000366   0x0000001c   Code   RO         5890    .text               mc_w.l(strcmp.o)
    0x08000382   0x08000382   0x00000002   PAD
    0x08000384   0x08000384   0x00000044   Code   RO         5892    .text               mc_w.l(strtok.o)
    0x080003c8   0x080003c8   0x00000038   Code   RO         6161    .text               mc_w.l(__0sscanf.o)
    0x08000400   0x08000400   0x0000014c   Code   RO         6163    .text               mc_w.l(_scanf_int.o)
    0x0800054c   0x0800054c   0x0000001a   Code   RO         6165    .text               mc_w.l(atoi.o)
    0x08000566   0x08000566   0x0000014e   Code   RO         6167    .text               mf_w.l(dadd.o)
    0x080006b4   0x080006b4   0x000000e4   Code   RO         6169    .text               mf_w.l(dmul.o)
    0x08000798   0x08000798   0x00000026   Code   RO         6173    .text               mf_w.l(f2d.o)
    0x080007be   0x080007be   0x00000038   Code   RO         6175    .text               mf_w.l(d2f.o)
    0x080007f6   0x080007f6   0x0000002c   Code   RO         6227    .text               mc_w.l(uidiv.o)
    0x08000822   0x08000822   0x0000001e   Code   RO         6229    .text               mc_w.l(llshl.o)
    0x08000840   0x08000840   0x00000020   Code   RO         6231    .text               mc_w.l(llushr.o)
    0x08000860   0x08000860   0x00000024   Code   RO         6233    .text               mc_w.l(llsshr.o)
    0x08000884   0x08000884   0x0000001c   Code   RO         6242    .text               mc_w.l(_chval.o)
    0x080008a0   0x080008a0   0x00000028   Code   RO         6244    .text               mc_w.l(scanf_char.o)
    0x080008c8   0x080008c8   0x00000040   Code   RO         6246    .text               mc_w.l(_sgetc.o)
    0x08000908   0x08000908   0x0000009c   Code   RO         6248    .text               mc_w.l(strtod.o)
    0x080009a4   0x080009a4   0x00000070   Code   RO         6250    .text               mc_w.l(strtol.o)
    0x08000a14   0x08000a14   0x00000000   Code   RO         6252    .text               mc_w.l(iusefp.o)
    0x08000a14   0x08000a14   0x0000006e   Code   RO         6253    .text               mf_w.l(fepilogue.o)
    0x08000a82   0x08000a82   0x000000ba   Code   RO         6255    .text               mf_w.l(depilogue.o)
    0x08000b3c   0x08000b3c   0x000000de   Code   RO         6257    .text               mf_w.l(ddiv.o)
    0x08000c1a   0x08000c1a   0x00000030   Code   RO         6261    .text               mf_w.l(dfixul.o)
    0x08000c4a   0x08000c4a   0x00000002   PAD
    0x08000c4c   0x08000c4c   0x00000030   Code   RO         6263    .text               mf_w.l(cdrcmple.o)
    0x08000c7c   0x08000c7c   0x00000024   Code   RO         6269    .text               mc_w.l(init.o)
    0x08000ca0   0x08000ca0   0x00000008   Code   RO         6273    .text               mc_w.l(ctype_o.o)
    0x08000ca8   0x08000ca8   0x00000012   Code   RO         6295    .text               mc_w.l(isspace_o.o)
    0x08000cba   0x08000cba   0x00000002   PAD
    0x08000cbc   0x08000cbc   0x0000032c   Code   RO         6301    .text               mc_w.l(_scanf.o)
    0x08000fe8   0x08000fe8   0x00000338   Code   RO         6303    .text               mc_w.l(scanf_fp.o)
    0x08001320   0x08001320   0x0000009e   Code   RO         6307    .text               mc_w.l(_strtoul.o)
    0x080013be   0x080013be   0x00000018   Code   RO         6312    .text               mf_w.l(dfltul.o)
    0x080013d6   0x080013d6   0x00000004   Code   RO          870    i.BusFault_Handler  stm32f4xx_it.o
    0x080013da   0x080013da   0x00000002   Code   RO          871    i.DebugMon_Handler  stm32f4xx_it.o
    0x080013dc   0x080013dc   0x00000006   Code   RO          671    i.Error_Handler     main.o
    0x080013e2   0x080013e2   0x00000002   PAD
    0x080013e4   0x080013e4   0x00000018   Code   RO         2609    i.HAL_IncTick       stm32f4xx_hal.o
    0x080013fc   0x080013fc   0x0000003c   Code   RO         2610    i.HAL_Init          stm32f4xx_hal.o
    0x08001438   0x08001438   0x000000a0   Code   RO          986    i.HAL_InitTick      stm32f4xx_hal_timebase_tim.o
    0x080014d8   0x080014d8   0x00000054   Code   RO          960    i.HAL_MspInit       stm32f4xx_hal_msp.o
    0x0800152c   0x0800152c   0x00000028   Code   RO         2450    i.HAL_NVIC_EnableIRQ  stm32f4xx_hal_cortex.o
    0x08001554   0x08001554   0x0000007c   Code   RO         2456    i.HAL_NVIC_SetPriority  stm32f4xx_hal_cortex.o
    0x080015d0   0x080015d0   0x00000028   Code   RO         2457    i.HAL_NVIC_SetPriorityGrouping  stm32f4xx_hal_cortex.o
    0x080015f8   0x080015f8   0x00000044   Code   RO         1665    i.HAL_RCC_GetClockConfig  stm32f4xx_hal_rcc.o
    0x0800163c   0x0800163c   0x0000000c   Code   RO         1666    i.HAL_RCC_GetHCLKFreq  stm32f4xx_hal_rcc.o
    0x08001648   0x08001648   0x00000020   Code   RO         1669    i.HAL_RCC_GetPCLK2Freq  stm32f4xx_hal_rcc.o
    0x08001668   0x08001668   0x00000002   Code   RO         3678    i.HAL_TIMEx_BreakCallback  stm32f4xx_hal_tim_ex.o
    0x0800166a   0x0800166a   0x00000002   Code   RO         3679    i.HAL_TIMEx_CommutCallback  stm32f4xx_hal_tim_ex.o
    0x0800166c   0x0800166c   0x00000066   Code   RO         2963    i.HAL_TIM_Base_Init  stm32f4xx_hal_tim.o
    0x080016d2   0x080016d2   0x00000002   Code   RO         2965    i.HAL_TIM_Base_MspInit  stm32f4xx_hal_tim.o
    0x080016d4   0x080016d4   0x000000a8   Code   RO         2968    i.HAL_TIM_Base_Start_IT  stm32f4xx_hal_tim.o
    0x0800177c   0x0800177c   0x00000002   Code   RO         2997    i.HAL_TIM_IC_CaptureCallback  stm32f4xx_hal_tim.o
    0x0800177e   0x0800177e   0x0000016c   Code   RO         3011    i.HAL_TIM_IRQHandler  stm32f4xx_hal_tim.o
    0x080018ea   0x080018ea   0x00000002   Code   RO         3014    i.HAL_TIM_OC_DelayElapsedCallback  stm32f4xx_hal_tim.o
    0x080018ec   0x080018ec   0x00000002   Code   RO         3041    i.HAL_TIM_PWM_PulseFinishedCallback  stm32f4xx_hal_tim.o
    0x080018ee   0x080018ee   0x00000002   PAD
    0x080018f0   0x080018f0   0x00000018   Code   RO          672    i.HAL_TIM_PeriodElapsedCallback  main.o
    0x08001908   0x08001908   0x00000002   Code   RO         3054    i.HAL_TIM_TriggerCallback  stm32f4xx_hal_tim.o
    0x0800190a   0x0800190a   0x00000004   Code   RO          872    i.HardFault_Handler  stm32f4xx_it.o
    0x0800190e   0x0800190e   0x00000002   PAD
    0x08001910   0x08001910   0x0000001c   Code   RO          673    i.LL_AHB1_GRP1_EnableClock  main.o
    0x0800192c   0x0800192c   0x0000001c   Code   RO          674    i.LL_APB1_GRP1_EnableClock  main.o
    0x08001948   0x08001948   0x0000001c   Code   RO          675    i.LL_APB2_GRP1_EnableClock  main.o
    0x08001964   0x08001964   0x00000138   Code   RO         1335    i.LL_GPIO_Init      stm32f4xx_ll_gpio.o
    0x08001a9c   0x08001a9c   0x0000000c   Code   RO         1174    i.LL_I2C_AcknowledgeNextData  qmc5883.o
    0x08001aa8   0x08001aa8   0x00000010   Code   RO         1175    i.LL_I2C_ClearFlag_ADDR  qmc5883.o
    0x08001ab8   0x08001ab8   0x000000bc   Code   RO         2850    i.LL_I2C_ConfigSpeed  stm32f4xx_ll_i2c.o
    0x08001b74   0x08001b74   0x0000000a   Code   RO         1176    i.LL_I2C_GenerateStartCondition  qmc5883.o
    0x08001b7e   0x08001b7e   0x0000000a   Code   RO         1177    i.LL_I2C_GenerateStopCondition  qmc5883.o
    0x08001b88   0x08001b88   0x00000068   Code   RO         2852    i.LL_I2C_Init       stm32f4xx_ll_i2c.o
    0x08001bf0   0x08001bf0   0x0000000a   Code   RO         1178    i.LL_I2C_IsActiveFlag_ADDR  qmc5883.o
    0x08001bfa   0x08001bfa   0x0000000a   Code   RO         1179    i.LL_I2C_IsActiveFlag_BUSY  qmc5883.o
    0x08001c04   0x08001c04   0x0000000a   Code   RO         1180    i.LL_I2C_IsActiveFlag_RXNE  qmc5883.o
    0x08001c0e   0x08001c0e   0x0000000a   Code   RO         1181    i.LL_I2C_IsActiveFlag_SB  qmc5883.o
    0x08001c18   0x08001c18   0x0000000a   Code   RO         1182    i.LL_I2C_IsActiveFlag_TXE  qmc5883.o
    0x08001c22   0x08001c22   0x0000000c   Code   RO         1183    i.LL_I2C_TransmitData8  qmc5883.o
    0x08001c2e   0x08001c2e   0x00000024   Code   RO         1388    i.LL_RCC_GetSystemClocksFreq  stm32f4xx_ll_rcc.o
    0x08001c52   0x08001c52   0x00000002   PAD
    0x08001c54   0x08001c54   0x00000010   Code   RO         1390    i.LL_RCC_PLL_GetN   stm32f4xx_ll_rcc.o
    0x08001c64   0x08001c64   0x0000000c   Code   RO         1501    i.LL_SetSystemCoreClock  stm32f4xx_ll_utils.o
    0x08001c70   0x08001c70   0x00000012   Code   RO          676    i.LL_USART_ConfigAsyncMode  main.o
    0x08001c82   0x08001c82   0x0000000a   Code   RO          677    i.LL_USART_Enable   main.o
    0x08001c8c   0x08001c8c   0x000000c4   Code   RO         3952    i.LL_USART_Init     stm32f4xx_ll_usart.o
    0x08001d50   0x08001d50   0x0000000a   Code   RO          415    i.LL_USART_IsActiveFlag_TC  audio.o
    0x08001d5a   0x08001d5a   0x0000000a   Code   RO          548    i.LL_USART_IsActiveFlag_TC  hi3861.o
    0x08001d64   0x08001d64   0x0000000a   Code   RO         1025    i.LL_USART_IsActiveFlag_TC  syn6288.o
    0x08001d6e   0x08001d6e   0x0000000a   Code   RO         3953    i.LL_USART_IsEnabled  stm32f4xx_ll_usart.o
    0x08001d78   0x08001d78   0x000001b8   Code   RO         3954    i.LL_USART_SetBaudRate  stm32f4xx_ll_usart.o
    0x08001f30   0x08001f30   0x0000001c   Code   RO          678    i.MX_GPIO_Init      main.o
    0x08001f4c   0x08001f4c   0x000000b0   Code   RO          679    i.MX_I2C1_Init      main.o
    0x08001ffc   0x08001ffc   0x00000098   Code   RO          680    i.MX_UART4_Init     main.o
    0x08002094   0x08002094   0x00000078   Code   RO          681    i.MX_USART1_UART_Init  main.o
    0x0800210c   0x0800210c   0x00000098   Code   RO          682    i.MX_USART2_UART_Init  main.o
    0x080021a4   0x080021a4   0x00000098   Code   RO          683    i.MX_USART3_UART_Init  main.o
    0x0800223c   0x0800223c   0x00000094   Code   RO          684    i.MX_USART6_UART_Init  main.o
    0x080022d0   0x080022d0   0x00000004   Code   RO          873    i.MemManage_Handler  stm32f4xx_it.o
    0x080022d4   0x080022d4   0x00000004   Code   RO          874    i.NMI_Handler       stm32f4xx_it.o
    0x080022d8   0x080022d8   0x00000040   Code   RO          685    i.NVIC_EncodePriority  main.o
    0x08002318   0x08002318   0x00000020   Code   RO         1392    i.RCC_GetHCLKClockFreq  stm32f4xx_ll_rcc.o
    0x08002338   0x08002338   0x00000024   Code   RO         1393    i.RCC_GetPCLK1ClockFreq  stm32f4xx_ll_rcc.o
    0x0800235c   0x0800235c   0x00000024   Code   RO         1394    i.RCC_GetPCLK2ClockFreq  stm32f4xx_ll_rcc.o
    0x08002380   0x08002380   0x00000040   Code   RO         1395    i.RCC_GetSystemClockFreq  stm32f4xx_ll_rcc.o
    0x080023c0   0x080023c0   0x0000006c   Code   RO         1398    i.RCC_PLL_GetFreqDomain_SYS  stm32f4xx_ll_rcc.o
    0x0800242c   0x0800242c   0x00000016   Code   RO         5198    i.SysTick_Handler   cmsis_os2.o
    0x08002442   0x08002442   0x00000002   PAD
    0x08002444   0x08002444   0x0000013c   Code   RO          687    i.SystemClock_Config  main.o
    0x08002580   0x08002580   0x00000014   Code   RO         4030    i.SystemInit        system_stm32f4xx.o
    0x08002594   0x08002594   0x00000010   Code   RO          875    i.TIM1_UP_TIM10_IRQHandler  stm32f4xx_it.o
    0x080025a4   0x080025a4   0x000000e8   Code   RO         3056    i.TIM_Base_SetConfig  stm32f4xx_hal_tim.o
    0x0800268c   0x0800268c   0x00000010   Code   RO          876    i.UART4_IRQHandler  stm32f4xx_it.o
    0x0800269c   0x0800269c   0x00000010   Code   RO          877    i.USART2_IRQHandler  stm32f4xx_it.o
    0x080026ac   0x080026ac   0x00000010   Code   RO          878    i.USART3_IRQHandler  stm32f4xx_it.o
    0x080026bc   0x080026bc   0x00000010   Code   RO          879    i.USART6_IRQHandler  stm32f4xx_it.o
    0x080026cc   0x080026cc   0x00000004   Code   RO          880    i.UsageFault_Handler  stm32f4xx_it.o
    0x080026d0   0x080026d0   0x00000020   Code   RO         6133    i.__0printf         mc_w.l(printfa.o)
    0x080026f0   0x080026f0   0x00000028   Code   RO         6134    i.__0snprintf       mc_w.l(printfa.o)
    0x08002718   0x08002718   0x00000022   Code   RO          688    i.__NVIC_EnableIRQ  main.o
    0x0800273a   0x0800273a   0x00000002   PAD
    0x0800273c   0x0800273c   0x00000010   Code   RO          689    i.__NVIC_GetPriorityGrouping  main.o
    0x0800274c   0x0800274c   0x00000010   Code   RO         2463    i.__NVIC_GetPriorityGrouping  stm32f4xx_hal_cortex.o
    0x0800275c   0x0800275c   0x00000028   Code   RO          690    i.__NVIC_SetPriority  main.o
    0x08002784   0x08002784   0x00000028   Code   RO         2464    i.__NVIC_SetPriority  stm32f4xx_hal_cortex.o
    0x080027ac   0x080027ac   0x00000008   Code   RO         6235    i.__aeabi_errno_addr  mc_w.l(errno.o)
    0x080027b4   0x080027b4   0x00000006   Code   RO         5200    i.__get_IPSR        cmsis_os2.o
    0x080027ba   0x080027ba   0x00000006   PAD
    0x080027c0   0x080027c0   0x00000038   Code   RO         5869    i.__hardfp_atof     m_wm.l(atof.o)
    0x080027f8   0x080027f8   0x0000000c   Code   RO         6236    i.__read_errno      mc_w.l(errno.o)
    0x08002804   0x08002804   0x0000000e   Code   RO         6316    i.__scatterload_copy  mc_w.l(handlers.o)
    0x08002812   0x08002812   0x00000002   Code   RO         6317    i.__scatterload_null  mc_w.l(handlers.o)
    0x08002814   0x08002814   0x0000000e   Code   RO         6318    i.__scatterload_zeroinit  mc_w.l(handlers.o)
    0x08002822   0x08002822   0x00000002   PAD
    0x08002824   0x08002824   0x0000000c   Code   RO         6237    i.__set_errno       mc_w.l(errno.o)
    0x08002830   0x08002830   0x00000164   Code   RO         6140    i._fp_digits        mc_w.l(printfa.o)
    0x08002994   0x08002994   0x0000000e   Code   RO         6305    i._is_digit         mc_w.l(scanf_fp.o)
    0x080029a2   0x080029a2   0x00000002   PAD
    0x080029a4   0x080029a4   0x000006dc   Code   RO         6141    i._printf_core      mc_w.l(printfa.o)
    0x08003080   0x08003080   0x00000024   Code   RO         6142    i._printf_post_padding  mc_w.l(printfa.o)
    0x080030a4   0x080030a4   0x0000002e   Code   RO         6143    i._printf_pre_padding  mc_w.l(printfa.o)
    0x080030d2   0x080030d2   0x00000016   Code   RO         6144    i._snputc           mc_w.l(printfa.o)
    0x080030e8   0x080030e8   0x00000048   Code   RO           13    i.atgm_init         atgm.o
    0x08003130   0x08003130   0x0000004c   Code   RO           14    i.atgm_task_entry   atgm.o
    0x0800317c   0x0800317c   0x0000004c   Code   RO          416    i.audio_alarm       audio.o
    0x080031c8   0x080031c8   0x00000014   Code   RO          417    i.audio_attach_header  audio.o
    0x080031dc   0x080031dc   0x0000002e   Code   RO          418    i.audio_attach_how  audio.o
    0x0800320a   0x0800320a   0x00000046   Code   RO          419    i.audio_attach_pos  audio.o
    0x08003250   0x08003250   0x0000000e   Code   RO          420    i.audio_attach_seq  audio.o
    0x0800325e   0x0800325e   0x0000001a   Code   RO          421    i.audio_attach_tailer  audio.o
    0x08003278   0x08003278   0x000000b4   Code   RO          422    i.audio_callback    audio.o
    0x0800332c   0x0800332c   0x000000f8   Code   RO          423    i.audio_handle      audio.o
    0x08003424   0x08003424   0x000000d0   Code   RO          424    i.audio_init        audio.o
    0x080034f4   0x080034f4   0x0000007a   Code   RO          425    i.audio_send_how    audio.o
    0x0800356e   0x0800356e   0x00000038   Code   RO          426    i.audio_send_msg    audio.o
    0x080035a6   0x080035a6   0x00000038   Code   RO          428    i.audio_task        audio.o
    0x080035de   0x080035de   0x00000002   PAD
    0x080035e0   0x080035e0   0x00000028   Code   RO          691    i.fputc             main.o
    0x08003608   0x08003608   0x000000c0   Code   RO          549    i.hi3861_callback   hi3861.o
    0x080036c8   0x080036c8   0x000000e0   Code   RO          550    i.hi3861_init       hi3861.o
    0x080037a8   0x080037a8   0x0000019c   Code   RO          551    i.hi3861_msg_handle  hi3861.o
    0x08003944   0x08003944   0x00000060   Code   RO          553    i.hi3861_msg_start_pos  hi3861.o
    0x080039a4   0x080039a4   0x00000060   Code   RO          555    i.hi3861_msg_target_pos  hi3861.o
    0x08003a04   0x08003a04   0x0000006c   Code   RO          556    i.hi3861_send_msg   hi3861.o
    0x08003a70   0x08003a70   0x000000e8   Code   RO          557    i.hi3861_send_pos   hi3861.o
    0x08003b58   0x08003b58   0x00000064   Code   RO          559    i.hi3861_send_target_pos  hi3861.o
    0x08003bbc   0x08003bbc   0x00000038   Code   RO          560    i.hi3861_task       hi3861.o
    0x08003bf4   0x08003bf4   0x0000005c   Code   RO         1130    i.log_nmea_buf      util.o
    0x08003c50   0x08003c50   0x000000a4   Code   RO          692    i.main              main.o
    0x08003cf4   0x08003cf4   0x000001a4   Code   RO          693    i.main_task_entry   main.o
    0x08003e98   0x08003e98   0x00000006   Code   RO          233    i.nmea_available    nmea.o
    0x08003e9e   0x08003e9e   0x00000038   Code   RO          234    i.nmea_available_reset  nmea.o
    0x08003ed6   0x08003ed6   0x00000002   PAD
    0x08003ed8   0x08003ed8   0x000000c0   Code   RO          400    i.nmea_callback     nmea.o
    0x08003f98   0x08003f98   0x0000002c   Code   RO          235    i.nmea_checksum     nmea.o
    0x08003fc4   0x08003fc4   0x00000044   Code   RO          394    i.nmea_convert      nmea.o
    0x08004008   0x08004008   0x00000022   Code   RO          243    i.nmea_gnss_latitude_deg  nmea.o
    0x0800402a   0x0800402a   0x00000022   Code   RO          244    i.nmea_gnss_longitude_deg  nmea.o
    0x0800404c   0x0800404c   0x000000b4   Code   RO          252    i.nmea_init         nmea.o
    0x08004100   0x08004100   0x00000a8c   Code   RO          253    i.nmea_loop         nmea.o
    0x08004b8c   0x08004b8c   0x0000001e   Code   RO         5201    i.osDelay           cmsis_os2.o
    0x08004baa   0x08004baa   0x00000002   PAD
    0x08004bac   0x08004bac   0x0000002c   Code   RO         5215    i.osKernelInitialize  cmsis_os2.o
    0x08004bd8   0x08004bd8   0x00000060   Code   RO         5218    i.osKernelStart     cmsis_os2.o
    0x08004c38   0x08004c38   0x000000b8   Code   RO         5260    i.osThreadNew       cmsis_os2.o
    0x08004cf0   0x08004cf0   0x0000007c   Code   RO         4638    i.prvAddCurrentTaskToDelayedList  tasks.o
    0x08004d6c   0x08004d6c   0x000000b8   Code   RO         4639    i.prvAddNewTaskToReadyList  tasks.o
    0x08004e24   0x08004e24   0x00000074   Code   RO         5014    i.prvCheckForValidListAndQueue  timers.o
    0x08004e98   0x08004e98   0x00000048   Code   RO         4640    i.prvCheckTasksWaitingTermination  tasks.o
    0x08004ee0   0x08004ee0   0x0000002a   Code   RO         4234    i.prvCopyDataFromQueue  queue.o
    0x08004f0a   0x08004f0a   0x0000007e   Code   RO         4235    i.prvCopyDataToQueue  queue.o
    0x08004f88   0x08004f88   0x00000050   Code   RO         4641    i.prvDeleteTCB      tasks.o
    0x08004fd8   0x08004fd8   0x00000028   Code   RO         5015    i.prvGetNextExpireTime  timers.o
    0x08005000   0x08005000   0x0000007c   Code   RO         5725    i.prvHeapInit       heap_4.o
    0x0800507c   0x0800507c   0x00000028   Code   RO         4642    i.prvIdleTask       tasks.o
    0x080050a4   0x080050a4   0x0000002a   Code   RO         4238    i.prvInitialiseNewQueue  queue.o
    0x080050ce   0x080050ce   0x000000be   Code   RO         4643    i.prvInitialiseNewTask  tasks.o
    0x0800518c   0x0800518c   0x00000068   Code   RO         4644    i.prvInitialiseTaskLists  tasks.o
    0x080051f4   0x080051f4   0x00000068   Code   RO         5726    i.prvInsertBlockIntoFreeList  heap_4.o
    0x0800525c   0x0800525c   0x00000058   Code   RO         5017    i.prvInsertTimerInActiveList  timers.o
    0x080052b4   0x080052b4   0x0000001a   Code   RO         4239    i.prvIsQueueEmpty   queue.o
    0x080052ce   0x080052ce   0x0000001e   Code   RO         4240    i.prvIsQueueFull    queue.o
    0x080052ec   0x080052ec   0x00000074   Code   RO         5018    i.prvProcessExpiredTimer  timers.o
    0x08005360   0x08005360   0x00000164   Code   RO         5019    i.prvProcessReceivedCommands  timers.o
    0x080054c4   0x080054c4   0x00000074   Code   RO         5020    i.prvProcessTimerOrBlockTask  timers.o
    0x08005538   0x08005538   0x00000034   Code   RO         4646    i.prvResetNextTaskUnblockTime  tasks.o
    0x0800556c   0x0800556c   0x0000002c   Code   RO         5021    i.prvSampleTimeNow  timers.o
    0x08005598   0x08005598   0x000000a4   Code   RO         5022    i.prvSwitchTimerLists  timers.o
    0x0800563c   0x0800563c   0x00000040   Code   RO         5781    i.prvTaskExitError  port.o
    0x0800567c   0x0800567c   0x0000001a   Code   RO         5023    i.prvTimerTask      timers.o
    0x08005696   0x08005696   0x0000007e   Code   RO         4241    i.prvUnlockQueue    queue.o
    0x08005714   0x08005714   0x0000014c   Code   RO         5727    i.pvPortMalloc      heap_4.o
    0x08005860   0x08005860   0x0000002c   Code   RO         5782    i.pxPortInitialiseStack  port.o
    0x0800588c   0x0800588c   0x00000022   Code   RO         1186    i.qmc_check_i2c     qmc5883.o
    0x080058ae   0x080058ae   0x00000002   PAD
    0x080058b0   0x080058b0   0x00000134   Code   RO         1190    i.qmc_init          qmc5883.o
    0x080059e4   0x080059e4   0x000000dc   Code   RO         1191    i.qmc_read_byte     qmc5883.o
    0x08005ac0   0x08005ac0   0x000000a4   Code   RO         1193    i.qmc_write_byte    qmc5883.o
    0x08005b64   0x08005b64   0x00000046   Code   RO         1131    i.remove_html_tag   util.o
    0x08005baa   0x08005baa   0x0000003a   Code   RO         1132    i.str_utf8_2_ucs2   util.o
    0x08005be4   0x08005be4   0x000000b0   Code   RO         1026    i.syn6288_send      syn6288.o
    0x08005c94   0x08005c94   0x00000012   Code   RO         1027    i.syn_attach_cmd    syn6288.o
    0x08005ca6   0x08005ca6   0x0000001a   Code   RO         1028    i.syn_attach_cmdparam  syn6288.o
    0x08005cc0   0x08005cc0   0x00000020   Code   RO         1029    i.syn_attach_data   syn6288.o
    0x08005ce0   0x08005ce0   0x00000026   Code   RO         1030    i.syn_attach_errcheck  syn6288.o
    0x08005d06   0x08005d06   0x00000014   Code   RO         1031    i.syn_attach_header  syn6288.o
    0x08005d1a   0x08005d1a   0x00000020   Code   RO         1032    i.syn_attach_len    syn6288.o
    0x08005d3a   0x08005d3a   0x00000002   PAD
    0x08005d3c   0x08005d3c   0x000000c8   Code   RO         1033    i.syn_callback      syn6288.o
    0x08005e04   0x08005e04   0x000000d4   Code   RO         1035    i.syn_init          syn6288.o
    0x08005ed8   0x08005ed8   0x00000060   Code   RO         1036    i.syn_msg_handle    syn6288.o
    0x08005f38   0x08005f38   0x00000068   Code   RO         1037    i.syn_send_msg      syn6288.o
    0x08005fa0   0x08005fa0   0x0000003a   Code   RO         1038    i.syn_task          syn6288.o
    0x08005fda   0x08005fda   0x00000060   Code   RO         1133    i.utf8_to_ucs2      util.o
    0x0800603a   0x0800603a   0x00000028   Code   RO         4194    i.uxListRemove      list.o
    0x08006062   0x08006062   0x00000022   Code   RO         4245    i.uxQueueMessagesWaitingFromISR  queue.o
    0x08006084   0x08006084   0x00000018   Code   RO         5272    i.vApplicationGetIdleTaskMemory  cmsis_os2.o
    0x0800609c   0x0800609c   0x00000018   Code   RO         5273    i.vApplicationGetTimerTaskMemory  cmsis_os2.o
    0x080060b4   0x080060b4   0x0000001a   Code   RO         4195    i.vListInitialise   list.o
    0x080060ce   0x080060ce   0x00000006   Code   RO         4196    i.vListInitialiseItem  list.o
    0x080060d4   0x080060d4   0x00000034   Code   RO         4197    i.vListInsert       list.o
    0x08006108   0x08006108   0x00000018   Code   RO         4198    i.vListInsertEnd    list.o
    0x08006120   0x08006120   0x00000054   Code   RO         5784    i.vPortEnterCritical  port.o
    0x08006174   0x08006174   0x0000003c   Code   RO         5785    i.vPortExitCritical  port.o
    0x080061b0   0x080061b0   0x000000a4   Code   RO         5728    i.vPortFree         heap_4.o
    0x08006254   0x08006254   0x00000028   Code   RO         5786    i.vPortSetupTimerInterrupt  port.o
    0x0800627c   0x0800627c   0x00000078   Code   RO         5787    i.vPortValidateInterruptPriority  port.o
    0x080062f4   0x080062f4   0x0000002c   Code   RO         4247    i.vQueueAddToRegistry  queue.o
    0x08006320   0x08006320   0x0000004a   Code   RO         4251    i.vQueueWaitForMessageRestricted  queue.o
    0x0800636a   0x0800636a   0x00000002   PAD
    0x0800636c   0x0800636c   0x0000005c   Code   RO         4659    i.vTaskDelay        tasks.o
    0x080063c8   0x080063c8   0x00000018   Code   RO         4664    i.vTaskInternalSetTimeOutState  tasks.o
    0x080063e0   0x080063e0   0x0000000c   Code   RO         4665    i.vTaskMissedYield  tasks.o
    0x080063ec   0x080063ec   0x00000038   Code   RO         4667    i.vTaskPlaceOnEventList  tasks.o
    0x08006424   0x08006424   0x00000040   Code   RO         4668    i.vTaskPlaceOnEventListRestricted  tasks.o
    0x08006464   0x08006464   0x000000b8   Code   RO         4676    i.vTaskStartScheduler  tasks.o
    0x0800651c   0x0800651c   0x00000010   Code   RO         4678    i.vTaskSuspendAll   tasks.o
    0x0800652c   0x0800652c   0x00000090   Code   RO         4679    i.vTaskSwitchContext  tasks.o
    0x080065bc   0x080065bc   0x00000168   Code   RO         5788    i.xPortStartScheduler  port.o
    0x08006724   0x08006724   0x00000034   Code   RO         5789    i.xPortSysTickHandler  port.o
    0x08006758   0x08006758   0x0000005a   Code   RO         4256    i.xQueueGenericCreate  queue.o
    0x080067b2   0x080067b2   0x000000e0   Code   RO         4257    i.xQueueGenericCreateStatic  queue.o
    0x08006892   0x08006892   0x00000002   PAD
    0x08006894   0x08006894   0x00000098   Code   RO         4258    i.xQueueGenericReset  queue.o
    0x0800692c   0x0800692c   0x000001a8   Code   RO         4259    i.xQueueGenericSend  queue.o
    0x08006ad4   0x08006ad4   0x000000fc   Code   RO         4260    i.xQueueGenericSendFromISR  queue.o
    0x08006bd0   0x08006bd0   0x00000168   Code   RO         4269    i.xQueueReceive     queue.o
    0x08006d38   0x08006d38   0x000000ca   Code   RO         4270    i.xQueueReceiveFromISR  queue.o
    0x08006e02   0x08006e02   0x00000002   PAD
    0x08006e04   0x08006e04   0x0000008c   Code   RO         4681    i.xTaskCheckForTimeOut  tasks.o
    0x08006e90   0x08006e90   0x00000064   Code   RO         4682    i.xTaskCreate       tasks.o
    0x08006ef4   0x08006ef4   0x000000ba   Code   RO         4683    i.xTaskCreateStatic  tasks.o
    0x08006fae   0x08006fae   0x00000002   PAD
    0x08006fb0   0x08006fb0   0x00000020   Code   RO         4687    i.xTaskGetSchedulerState  tasks.o
    0x08006fd0   0x08006fd0   0x0000000c   Code   RO         4688    i.xTaskGetTickCount  tasks.o
    0x08006fdc   0x08006fdc   0x00000144   Code   RO         4690    i.xTaskIncrementTick  tasks.o
    0x08007120   0x08007120   0x000000a4   Code   RO         4693    i.xTaskPriorityDisinherit  tasks.o
    0x080071c4   0x080071c4   0x00000098   Code   RO         4695    i.xTaskRemoveFromEventList  tasks.o
    0x0800725c   0x0800725c   0x00000104   Code   RO         4696    i.xTaskResumeAll    tasks.o
    0x08007360   0x08007360   0x00000078   Code   RO         5032    i.xTimerCreateTimerTask  timers.o
    0x080073d8   0x080073d8   0x00000084   Code   RO         5033    i.xTimerGenericCommand  timers.o
    0x0800745c   0x0800745c   0x0000002c   Data   RO           16    .constdata          atgm.o
    0x08007488   0x08007488   0x0000002c   Data   RO          429    .constdata          audio.o
    0x080074b4   0x080074b4   0x0000002c   Data   RO          562    .constdata          hi3861.o
    0x080074e0   0x080074e0   0x0000002c   Data   RO          695    .constdata          main.o
    0x0800750c   0x0800750c   0x0000002c   Data   RO         1040    .constdata          syn6288.o
    0x08007538   0x08007538   0x00000018   Data   RO         4031    .constdata          system_stm32f4xx.o
    0x08007550   0x08007550   0x00000081   Data   RO         6274    .constdata          mc_w.l(ctype_o.o)
    0x080075d1   0x080075d1   0x00000003   PAD
    0x080075d4   0x080075d4   0x00000004   Data   RO         6275    .constdata          mc_w.l(ctype_o.o)
    0x080075d8   0x080075d8   0x00000009   Data   RO           17    .conststring        atgm.o
    0x080075e1   0x080075e1   0x00000003   PAD
    0x080075e4   0x080075e4   0x00000040   Data   RO          258    .conststring        nmea.o
    0x08007624   0x08007624   0x00000009   Data   RO          430    .conststring        audio.o
    0x0800762d   0x0800762d   0x00000003   PAD
    0x08007630   0x08007630   0x0000000c   Data   RO          563    .conststring        hi3861.o
    0x0800763c   0x0800763c   0x00000009   Data   RO         1041    .conststring        syn6288.o
    0x08007645   0x08007645   0x00000003   PAD
    0x08007648   0x08007648   0x00000020   Data   RO         6314    Region$$Table       anon$$obj.o


    Execution Region RW_IRAM1 (Exec base: 0x20000000, Load base: 0x08007668, Size: 0x00005350, Max: 0x00020000, ABSOLUTE)

    Exec Addr    Load Addr    Size         Type   Attr      Idx    E Section Name        Object

    0x20000000   0x08007668   0x00000004   Data   RW           18    .data               atgm.o
    0x20000004   0x0800766c   0x00000018   Data   RW          259    .data               nmea.o
    0x2000001c   0x08007684   0x00000030   Data   RW          564    .data               hi3861.o
    0x2000004c   0x080076b4   0x0000002f   Data   RW          697    .data               main.o
    0x2000007b   0x080076e3   0x00000001   PAD
    0x2000007c   0x080076e4   0x00000009   Data   RW         2617    .data               stm32f4xx_hal.o
    0x20000085   0x080076ed   0x00000003   PAD
    0x20000088   0x080076f0   0x00000004   Data   RW         4032    .data               system_stm32f4xx.o
    0x2000008c   0x080076f4   0x0000003c   Data   RW         4699    .data               tasks.o
    0x200000c8   0x08007730   0x00000014   Data   RW         5041    .data               timers.o
    0x200000dc   0x08007744   0x00000004   Data   RW         5275    .data               cmsis_os2.o
    0x200000e0   0x08007748   0x00000020   Data   RW         5734    .data               heap_4.o
    0x20000100   0x08007768   0x0000000c   Data   RW         5790    .data               port.o
    0x2000010c   0x08007774   0x00000004   Data   RW         5893    .data               mc_w.l(strtok.o)
    0x20000110   0x08007778   0x00000004   Data   RW         6226    .data               mc_w.l(stdout.o)
    0x20000114   0x0800777c   0x00000004   Data   RW         6238    .data               mc_w.l(errno.o)
    0x20000118        -       0x00000070   Zero   RW           15    .bss                atgm.o
    0x20000188        -       0x000002bc   Zero   RW          561    .bss                hi3861.o
    0x20000444   0x08007780   0x00000004   PAD
    0x20000448        -       0x000000ec   Zero   RW          694    .bss                main.o
    0x20000534        -       0x00000048   Zero   RW          989    .bss                stm32f4xx_hal_timebase_tim.o
    0x2000057c        -       0x00000100   Zero   RW         1039    .bss                syn6288.o
    0x2000067c        -       0x00000040   Zero   RW         4273    .bss                queue.o
    0x200006bc        -       0x000004c4   Zero   RW         4698    .bss                tasks.o
    0x20000b80        -       0x00000118   Zero   RW         5040    .bss                timers.o
    0x20000c98        -       0x000006b8   Zero   RW         5274    .bss                cmsis_os2.o
    0x20001350        -       0x00003c00   Zero   RW         5733    .bss                heap_4.o
    0x20004f50        -       0x00000400   Zero   RW            1    STACK               startup_stm32f405xx.o


==============================================================================

Image component sizes


      Code (inc. data)   RO Data    RW Data    ZI Data      Debug   Object Name

       148         40         53          4        112     688769   atgm.o
      1132        130         53          0          0      25262   audio.o
       430         38          0          4       1720      61307   cmsis_os2.o
         0          0          0          0          0      19464   event_groups.o
       724         74          0         32      15360       4863   heap_4.o
      1526        210         56         48        700      10050   hi3861.o
       148          0          0          0          0       3562   list.o
      2164        270         44         47        236     103566   main.o
      3314         82         64         24          0      22747   nmea.o
      1014         92          0         12          0      11681   port.o
       836        184          0          0          0      22280   qmc5883.o
      2248         20          0          0         64      20669   queue.o
        36          8        392          0       1024        836   startup_stm32f405xx.o
        84         14          0          9          0       7536   stm32f4xx_hal.o
       260         22          0          0          0      33558   stm32f4xx_hal_cortex.o
        84          6          0          0          0        858   stm32f4xx_hal_msp.o
       112         26          0          0          0       2362   stm32f4xx_hal_rcc.o
       876         76          0          0          0       6606   stm32f4xx_hal_tim.o
         4          0          0          0          0       1593   stm32f4xx_hal_tim_ex.o
       160         20          0          0         72       1427   stm32f4xx_hal_timebase_tim.o
       102         30          0          0          0       5283   stm32f4xx_it.o
       312          0          0          0          0       7331   stm32f4xx_ll_gpio.o
       292         10          0          0          0      12222   stm32f4xx_ll_i2c.o
       328         52          0          0          0      28257   stm32f4xx_ll_rcc.o
       646         26          0          0          0      16916   stm32f4xx_ll_usart.o
        12          6          0          0          0        584   stm32f4xx_ll_utils.o
      1022        180         53          0        256      10203   syn6288.o
        20          6         24          4          0       1127   system_stm32f4xx.o
      2808        346          0         60       1220      27378   tasks.o
      1318        124          0         20        280      30351   timers.o
       316         54          0          0          0       3070   util.o

    ----------------------------------------------------------------------
     22514       2146        780        268      21048    1191718   Object Totals
         0          0         32          0          0          0   (incl. Generated)
        38          0          9          4          4          0   (incl. Padding)

    ----------------------------------------------------------------------

      Code (inc. data)   RO Data    RW Data    ZI Data      Debug   Library Member Name

        56         12          0          0          0        132   atof.o
        56          8          0          0          0         84   __0sscanf.o
        28          0          0          0          0         68   _chval.o
       812          4          0          0          0        112   _scanf.o
       332          0          0          0          0         96   _scanf_int.o
        64          0          0          0          0         84   _sgetc.o
       158          0          0          0          0         92   _strtoul.o
        26          0          0          0          0         80   atoi.o
         8          4        133          0          0         68   ctype_o.o
         0          0          0          0          0          0   entry.o
         0          0          0          0          0          0   entry10a.o
         0          0          0          0          0          0   entry11a.o
         8          4          0          0          0          0   entry2.o
         4          0          0          0          0          0   entry5.o
         0          0          0          0          0          0   entry7b.o
         0          0          0          0          0          0   entry8b.o
         8          4          0          0          0          0   entry9a.o
        32         16          0          4          0        204   errno.o
        30          0          0          0          0          0   handlers.o
        36          8          0          0          0         68   init.o
        18          0          0          0          0         76   isspace_o.o
         0          0          0          0          0          0   iusefp.o
        30          0          0          0          0         68   llshl.o
        36          0          0          0          0         68   llsshr.o
        32          0          0          0          0         68   llushr.o
        36          0          0          0          0         68   memcpya.o
        36          0          0          0          0        108   memseta.o
      2288         94          0          0          0        596   printfa.o
        40          8          0          0          0         84   scanf_char.o
       838         12          0          0          0        216   scanf_fp.o
         0          0          0          4          0          0   stdout.o
        28          0          0          0          0         76   strcmp.o
        24          0          0          0          0         76   strncpy.o
        36          0          0          0          0         80   strstr.o
       156         14          0          0          0        120   strtod.o
        68          6          0          4          0         80   strtok.o
       112          0          0          0          0         88   strtol.o
        44          0          0          0          0         80   uidiv.o
        98          0          0          0          0         92   uldiv.o
        48          0          0          0          0         68   cdrcmple.o
        56          0          0          0          0         88   d2f.o
       334          0          0          0          0        148   dadd.o
       222          0          0          0          0        100   ddiv.o
       186          0          0          0          0        176   depilogue.o
        48          0          0          0          0         68   dfixul.o
        24          0          0          0          0         76   dfltul.o
       228          0          0          0          0         96   dmul.o
        38          0          0          0          0         68   f2d.o
       110          0          0          0          0        168   fepilogue.o

    ----------------------------------------------------------------------
      6882        194        136         12          0       4188   Library Totals
        10          0          3          0          0          0   (incl. Padding)

    ----------------------------------------------------------------------

      Code (inc. data)   RO Data    RW Data    ZI Data      Debug   Library Name

        56         12          0          0          0        132   m_wm.l
      5522        182        133         12          0       3000   mc_w.l
      1294          0          0          0          0       1056   mf_w.l

    ----------------------------------------------------------------------
      6882        194        136         12          0       4188   Library Totals

    ----------------------------------------------------------------------

==============================================================================


      Code (inc. data)   RO Data    RW Data    ZI Data      Debug   

     29396       2340        916        280      21048    1173226   Grand Totals
     29396       2340        916        280      21048    1173226   ELF Image Totals
     29396       2340        916        280          0          0   ROM Totals

==============================================================================

    Total RO  Size (Code + RO Data)                30312 (  29.60kB)
    Total RW  Size (RW Data + ZI Data)             21328 (  20.83kB)
    Total ROM Size (Code + RO Data + RW Data)      30592 (  29.88kB)

==============================================================================

