<html>
<body>
<pre>
<h1>µVision Build Log</h1>
<h2>Tool Versions:</h2>
IDE-Version: µVision V5.39.0.0
Copyright (C) 2023 ARM Ltd and ARM Germany GmbH. All rights reserved.
License Information: kk Mike
xx
User-based license: Keil MDK Community (non-commercial free of charge)
Valid until: Jun 1 2033. Cached until: Aug 16 2024
 
Tool Versions:
Toolchain:       Keil MDK Community (non-commercial free of charge  Version: 5.39.0.0
Toolchain Path:  D:\hardware\keil\ARM\ARMCC\Bin
C Compiler:      Armcc.exe V5.06 update 1 (build 61)
Assembler:       Armasm.exe V5.06 update 1 (build 61)
Linker/Locator:  ArmLink.exe V5.06 update 1 (build 61)
Library Manager: ArmAr.exe V5.06 update 1 (build 61)
Hex Converter:   FromElf.exe V5.06 update 1 (build 61)
CPU DLL:         SARMCM3.DLL V5.39.0.0
Dialog DLL:      DCM.DLL V1.17.5.0
Target DLL:      Segger\JL2CM3.dll V2.99.43.0
Dialog DLL:      TCM.DLL V1.56.4.0
 
<h2>Project:</h2>
G:\user\275915\comtest\stm32\contest\MDK-ARM\contest.uvprojx
Project File Date:  08/01/2024

<h2>Output:</h2>
*** Warning: The configured compiler version '5.06 update 1 (build 61)' does not support the selected User Based Licensing technology.
*** Using Compiler 'V5.06 update 1 (build 61)', folder: 'D:\hardware\keil\ARM\ARMCC\Bin'
Build target 'contest'
compiling hi3861.c...
linking...
Program Size: Code=29396 RO-data=916 RW-data=280 ZI-data=21048  
FromELF: creating hex file...
"contest\contest.axf" - 0 Error(s), 0 Warning(s).

<h2>Software Packages used:</h2>

Package Vendor: ARM
                http://www.keil.com/pack/ARM.CMSIS.5.9.0.pack
                ARM::CMSIS@5.9.0
                CMSIS (Common Microcontroller Software Interface Standard)
   * Component: CORE Version: 5.6.0

Package Vendor: Keil
                https://www.keil.com/pack/Keil.STM32F4xx_DFP.2.17.1.pack
                Keil::STM32F4xx_DFP@2.17.1
                STMicroelectronics STM32F4 Series Device Support, Drivers and Examples

<h2>Collection of Component include folders:</h2>
  ./RTE/_contest
  D:/hardware/keilpack/ARM/CMSIS/5.9.0/CMSIS/Core/Include
  D:/hardware/keilpack/Keil/STM32F4xx_DFP/2.17.1/Drivers/CMSIS/Device/ST/STM32F4xx/Include

<h2>Collection of Component Files used:</h2>

   * Component: ARM::CMSIS:CORE@5.6.0
Build Time Elapsed:  00:00:03
</pre>
</body>
</html>
