Component: ARM Compiler 5.06 update 1 (build 61) Tool: armlink [4d35a8]

==============================================================================

Section Cross References

    startup_stm32f405xx.o(RESET) refers to startup_stm32f405xx.o(STACK) for __initial_sp
    startup_stm32f405xx.o(RESET) refers to startup_stm32f405xx.o(.text) for Reset_Handler
    startup_stm32f405xx.o(RESET) refers to stm32f4xx_it.o(i.NMI_Handler) for NMI_Handler
    startup_stm32f405xx.o(RESET) refers to stm32f4xx_it.o(i.HardFault_Handler) for HardFault_Handler
    startup_stm32f405xx.o(RESET) refers to stm32f4xx_it.o(i.MemManage_Handler) for MemManage_Handler
    startup_stm32f405xx.o(RESET) refers to stm32f4xx_it.o(i.BusFault_Handler) for BusFault_Handler
    startup_stm32f405xx.o(RESET) refers to stm32f4xx_it.o(i.UsageFault_Handler) for UsageFault_Handler
    startup_stm32f405xx.o(RESET) refers to port.o(.emb_text) for SVC_Handler
    startup_stm32f405xx.o(RESET) refers to stm32f4xx_it.o(i.DebugMon_Handler) for DebugMon_Handler
    startup_stm32f405xx.o(RESET) refers to cmsis_os2.o(i.SysTick_Handler) for SysTick_Handler
    startup_stm32f405xx.o(RESET) refers to stm32f4xx_it.o(i.TIM1_UP_TIM10_IRQHandler) for TIM1_UP_TIM10_IRQHandler
    startup_stm32f405xx.o(RESET) refers to stm32f4xx_it.o(i.USART2_IRQHandler) for USART2_IRQHandler
    startup_stm32f405xx.o(RESET) refers to stm32f4xx_it.o(i.USART3_IRQHandler) for USART3_IRQHandler
    startup_stm32f405xx.o(RESET) refers to stm32f4xx_it.o(i.UART4_IRQHandler) for UART4_IRQHandler
    startup_stm32f405xx.o(RESET) refers to stm32f4xx_it.o(i.USART6_IRQHandler) for USART6_IRQHandler
    startup_stm32f405xx.o(.text) refers to system_stm32f4xx.o(i.SystemInit) for SystemInit
    startup_stm32f405xx.o(.text) refers to entry.o(.ARM.Collect$$$$00000000) for __main
    atgm.o(i.atgm_init) refers to nmea.o(i.nmea_init) for nmea_init
    atgm.o(i.atgm_init) refers to cmsis_os2.o(i.osThreadNew) for osThreadNew
    atgm.o(i.atgm_init) refers to atgm.o(.bss) for atgm
    atgm.o(i.atgm_init) refers to atgm.o(.constdata) for atgmtask_attributes
    atgm.o(i.atgm_init) refers to atgm.o(i.atgm_task_entry) for atgm_task_entry
    atgm.o(i.atgm_init) refers to atgm.o(.data) for atgm_task
    atgm.o(i.atgm_task_entry) refers to nmea.o(i.nmea_available_reset) for nmea_available_reset
    atgm.o(i.atgm_task_entry) refers to nmea.o(i.nmea_loop) for nmea_loop
    atgm.o(i.atgm_task_entry) refers to cmsis_os2.o(i.osDelay) for osDelay
    atgm.o(i.atgm_task_entry) refers to atgm.o(.bss) for atgm
    atgm.o(.constdata) refers to atgm.o(.conststring) for .conststring
    nmea.o(i.nmea_available_reset) refers to cmsis_os2.o(i.osDelay) for osDelay
    nmea.o(i.nmea_available_reset) refers to memseta.o(.text) for __aeabi_memclr
    nmea.o(i.nmea_init) refers to memseta.o(.text) for __aeabi_memclr4
    nmea.o(i.nmea_init) refers to heap_4.o(i.pvPortMalloc) for pvPortMalloc
    nmea.o(i.nmea_loop) refers to _scanf_int.o(.text) for _scanf_int
    nmea.o(i.nmea_loop) refers to cmsis_os2.o(i.osDelay) for osDelay
    nmea.o(i.nmea_loop) refers to stm32f4xx_hal.o(i.HAL_GetTick) for HAL_GetTick
    nmea.o(i.nmea_loop) refers to strstr.o(.text) for strstr
    nmea.o(i.nmea_loop) refers to memseta.o(.text) for __aeabi_memclr4
    nmea.o(i.nmea_loop) refers to strncpy.o(.text) for strncpy
    nmea.o(i.nmea_loop) refers to nmea.o(i.nmea_checksum) for nmea_checksum
    nmea.o(i.nmea_loop) refers to __0sscanf.o(.text) for __0sscanf
    nmea.o(i.nmea_loop) refers to strtok.o(.text) for strtok
    nmea.o(i.nmea_loop) refers to atof.o(i.__hardfp_atof) for __hardfp_atof
    nmea.o(i.nmea_loop) refers to d2f.o(.text) for __aeabi_d2f
    nmea.o(i.nmea_loop) refers to strcmp.o(.text) for strcmp
    nmea.o(i.nmea_loop) refers to nmea.o(i.nmea_convert) for nmea_convert
    nmea.o(i.nmea_loop) refers to atoi.o(.text) for atoi
    nmea.o(i.nmea_loop) refers to nmea.o(.data) for nmea_delimiter
    nmea.o(i.nmea_loop) refers to memcpya.o(.text) for __aeabi_memcpy
    nmea.o(.data) refers to nmea.o(.conststring) for .conststring
    log.o(i.log_nmea_buf) refers to printfa.o(i.__0printf) for __2printf
    audio.o(i.audio_callback) refers to queue.o(i.xQueueGenericSendFromISR) for xQueueGenericSendFromISR
    audio.o(i.audio_init) refers to queue.o(i.xQueueGenericCreate) for xQueueGenericCreate
    audio.o(i.audio_init) refers to cmsis_os2.o(i.osThreadNew) for osThreadNew
    audio.o(i.audio_init) refers to audio.o(.constdata) for audio_task_attr
    audio.o(i.audio_init) refers to audio.o(i.audio_task) for audio_task
    audio.o(i.audio_send_how) refers to audio.o(i.audio_attach_header) for audio_attach_header
    audio.o(i.audio_send_how) refers to audio.o(i.audio_attach_seq) for audio_attach_seq
    audio.o(i.audio_send_how) refers to audio.o(i.audio_attach_how) for audio_attach_how
    audio.o(i.audio_send_how) refers to audio.o(i.audio_attach_pos) for audio_attach_pos
[...]
    i.prvCopyDataFromQueue                   0x0800479c   Section        0  queue.o(i.prvCopyDataFromQueue)
    prvCopyDataFromQueue                     0x0800479d   Thumb Code    42  queue.o(i.prvCopyDataFromQueue)
    i.prvCopyDataToQueue                     0x080047c6   Section        0  queue.o(i.prvCopyDataToQueue)
    prvCopyDataToQueue                       0x080047c7   Thumb Code   126  queue.o(i.prvCopyDataToQueue)
    i.prvDeleteTCB                           0x08004844   Section        0  tasks.o(i.prvDeleteTCB)
    prvDeleteTCB                             0x08004845   Thumb Code    80  tasks.o(i.prvDeleteTCB)
    i.prvGetNextExpireTime                   0x08004894   Section        0  timers.o(i.prvGetNextExpireTime)
    prvGetNextExpireTime                     0x08004895   Thumb Code    36  timers.o(i.prvGetNextExpireTime)
    i.prvHeapInit                            0x080048bc   Section        0  heap_4.o(i.prvHeapInit)
    prvHeapInit                              0x080048bd   Thumb Code    98  heap_4.o(i.prvHeapInit)
    i.prvIdleTask                            0x08004938   Section        0  tasks.o(i.prvIdleTask)
    prvIdleTask                              0x08004939   Thumb Code    32  tasks.o(i.prvIdleTask)
    i.prvInitialiseNewQueue                  0x08004960   Section        0  queue.o(i.prvInitialiseNewQueue)
    prvInitialiseNewQueue                    0x08004961   Thumb Code    42  queue.o(i.prvInitialiseNewQueue)
    i.prvInitialiseNewTask                   0x0800498a   Section        0  tasks.o(i.prvInitialiseNewTask)
    prvInitialiseNewTask                     0x0800498b   Thumb Code   190  tasks.o(i.prvInitialiseNewTask)
    i.prvInitialiseTaskLists                 0x08004a48   Section        0  tasks.o(i.prvInitialiseTaskLists)
    prvInitialiseTaskLists                   0x08004a49   Thumb Code    70  tasks.o(i.prvInitialiseTaskLists)
    i.prvInsertBlockIntoFreeList             0x08004ab0   Section        0  heap_4.o(i.prvInsertBlockIntoFreeList)
    prvInsertBlockIntoFreeList               0x08004ab1   Thumb Code    96  heap_4.o(i.prvInsertBlockIntoFreeList)
    i.prvInsertTimerInActiveList             0x08004b18   Section        0  timers.o(i.prvInsertTimerInActiveList)
    prvInsertTimerInActiveList               0x08004b19   Thumb Code    80  timers.o(i.prvInsertTimerInActiveList)
    i.prvIsQueueEmpty                        0x08004b70   Section        0  queue.o(i.prvIsQueueEmpty)
    prvIsQueueEmpty                          0x08004b71   Thumb Code    26  queue.o(i.prvIsQueueEmpty)
    i.prvIsQueueFull                         0x08004b8a   Section        0  queue.o(i.prvIsQueueFull)
    prvIsQueueFull                           0x08004b8b   Thumb Code    30  queue.o(i.prvIsQueueFull)
    i.prvProcessExpiredTimer                 0x08004ba8   Section        0  timers.o(i.prvProcessExpiredTimer)
    prvProcessExpiredTimer                   0x08004ba9   Thumb Code   110  timers.o(i.prvProcessExpiredTimer)
    i.prvProcessReceivedCommands             0x08004c1c   Section        0  timers.o(i.prvProcessReceivedCommands)
    prvProcessReceivedCommands               0x08004c1d   Thumb Code   350  timers.o(i.prvProcessReceivedCommands)
    i.prvProcessTimerOrBlockTask             0x08004d80   Section        0  timers.o(i.prvProcessTimerOrBlockTask)
    prvProcessTimerOrBlockTask               0x08004d81   Thumb Code   102  timers.o(i.prvProcessTimerOrBlockTask)
    i.prvResetNextTaskUnblockTime            0x08004df4   Section        0  tasks.o(i.prvResetNextTaskUnblockTime)
    prvResetNextTaskUnblockTime              0x08004df5   Thumb Code    42  tasks.o(i.prvResetNextTaskUnblockTime)
    i.prvSampleTimeNow                       0x08004e28   Section        0  timers.o(i.prvSampleTimeNow)
    prvSampleTimeNow                         0x08004e29   Thumb Code    40  timers.o(i.prvSampleTimeNow)
    i.prvSwitchTimerLists                    0x08004e54   Section        0  timers.o(i.prvSwitchTimerLists)
    prvSwitchTimerLists                      0x08004e55   Thumb Code   154  timers.o(i.prvSwitchTimerLists)
    i.prvTaskExitError                       0x08004ef8   Section        0  port.o(i.prvTaskExitError)
    prvTaskExitError                         0x08004ef9   Thumb Code    60  port.o(i.prvTaskExitError)
    i.prvTimerTask                           0x08004f38   Section        0  timers.o(i.prvTimerTask)
    prvTimerTask                             0x08004f39   Thumb Code    26  timers.o(i.prvTimerTask)
    i.prvUnlockQueue                         0x08004f52   Section        0  queue.o(i.prvUnlockQueue)
    prvUnlockQueue                           0x08004f53   Thumb Code   126  queue.o(i.prvUnlockQueue)
    i.pvPortMalloc                           0x08004fd0   Section        0  heap_4.o(i.pvPortMalloc)
    i.pxPortInitialiseStack                  0x0800511c   Section        0  port.o(i.pxPortInitialiseStack)
    i.uxListRemove                           0x08005148   Section        0  list.o(i.uxListRemove)
    i.vApplicationGetIdleTaskMemory          0x08005170   Section        0  cmsis_os2.o(i.vApplicationGetIdleTaskMemory)
    i.vApplicationGetTimerTaskMemory         0x08005188   Section        0  cmsis_os2.o(i.vApplicationGetTimerTaskMemory)
    i.vListInitialise                        0x080051a0   Section        0  list.o(i.vListInitialise)
    i.vListInitialiseItem                    0x080051ba   Section        0  list.o(i.vListInitialiseItem)
    i.vListInsert                            0x080051c0   Section        0  list.o(i.vListInsert)
    i.vListInsertEnd                         0x080051f4   Section        0  list.o(i.vListInsertEnd)
    i.vPortEnterCritical                     0x0800520c   Section        0  port.o(i.vPortEnterCritical)
    i.vPortExitCritical                      0x08005260   Section        0  port.o(i.vPortExitCritical)
    i.vPortFree                              0x0800529c   Section        0  heap_4.o(i.vPortFree)
    i.vPortSetupTimerInterrupt               0x08005340   Section        0  port.o(i.vPortSetupTimerInterrupt)
    i.vPortValidateInterruptPriority         0x08005368   Section        0  port.o(i.vPortValidateInterruptPriority)
    i.vQueueAddToRegistry                    0x080053e0   Section        0  queue.o(i.vQueueAddToRegistry)
    i.vQueueWaitForMessageRestricted         0x0800540c   Section        0  queue.o(i.vQueueWaitForMessageRestricted)
    i.vTaskDelay                             0x08005458   Section        0  tasks.o(i.vTaskDelay)
    i.vTaskInternalSetTimeOutState           0x080054b4   Section        0  tasks.o(i.vTaskInternalSetTimeOutState)
    i.vTaskMissedYield                       0x080054cc   Section        0  tasks.o(i.vTaskMissedYield)
    i.vTaskPlaceOnEventList                  0x080054d8   Section        0  tasks.o(i.vTaskPlaceOnEventList)
    i.vTaskPlaceOnEventListRestricted        0x08005510   Section        0  tasks.o(i.vTaskPlaceOnEventListRestricted)
    i.vTaskStartScheduler                    0x08005550   Section        0  tasks.o(i.vTaskStartScheduler)
    i.vTaskSuspendAll                        0x08005608   Section        0  tasks.o(i.vTaskSuspendAll)
    i.vTaskSwitchContext                     0x08005618   Section        0  tasks.o(i.vTaskSwitchContext)
    i.xPortStartScheduler                    0x080056a8   Section        0  port.o(i.xPortStartScheduler)
    i.xPortSysTickHandler                    0x08005810   Section        0  port.o(i.xPortSysTickHandler)
    i.xQueueGenericCreate                    0x08005844   Section        0  queue.o(i.xQueueGenericCreate)
    i.xQueueGenericCreateStatic              0x0800589e   Section        0  queue.o(i.xQueueGenericCreateStatic)
    i.xQueueGenericReset                     0x08005980   Section        0  queue.o(i.xQueueGenericReset)
    i.xQueueGenericSend                      0x08005a18   Section        0  queue.o(i.xQueueGenericSend)
    i.xQueueGenericSendFromISR               0x08005bc0   Section        0  queue.o(i.xQueueGenericSendFromISR)
    i.xQueueReceive                          0x08005cbc   Section        0  queue.o(i.xQueueReceive)
    i.xQueueReceiveFromISR                   0x08005e24   Section        0  queue.o(i.xQueueReceiveFromISR)
    i.xTaskCheckForTimeOut                   0x08005ef0   Section        0  tasks.o(i.xTaskCheckForTimeOut)
    i.xTaskCreate                            0x08005f7c   Section        0  tasks.o(i.xTaskCreate)
    i.xTaskCreateStatic                      0x08005fe0   Section        0  tasks.o(i.xTaskCreateStatic)
    i.xTaskGetSchedulerState                 0x0800609c   Section        0  tasks.o(i.xTaskGetSchedulerState)
    i.xTaskGetTickCount                      0x080060bc   Section        0  tasks.o(i.xTaskGetTickCount)
    i.xTaskIncrementTick                     0x080060c8   Section        0  tasks.o(i.xTaskIncrementTick)
    i.xTaskPriorityDisinherit                0x0800620c   Section        0  tasks.o(i.xTaskPriorityDisinherit)
    i.xTaskRemoveFromEventList               0x080062b0   Section        0  tasks.o(i.xTaskRemoveFromEventList)
    i.xTaskResumeAll                         0x08006348   Section        0  tasks.o(i.xTaskResumeAll)
    i.xTimerCreateTimerTask                  0x0800644c   Section        0  timers.o(i.xTimerCreateTimerTask)
    i.xTimerGenericCommand                   0x080064c4   Section        0  timers.o(i.xTimerGenericCommand)
    .constdata                               0x08006548   Section       44  atgm.o(.constdata)
    STREAM_OFFSET_TAB                        0x08006548   Data           8  atgm.o(.constdata)
    .constdata                               0x08006574   Section       44  audio.o(.constdata)
    STREAM_OFFSET_TAB                        0x08006574   Data           8  audio.o(.constdata)
    audio_task_attr                          0x0800657c   Data          36  audio.o(.constdata)
    .constdata                               0x080065a0   Section       44  hi3861.o(.constdata)
    STREAM_OFFSET_TAB                        0x080065a0   Data           8  hi3861.o(.constdata)
    hi3861_task_attr                         0x080065a8   Data          36  hi3861.o(.constdata)
    .constdata                               0x080065cc   Section       80  main.o(.constdata)
    STREAM_OFFSET_TAB                        0x080065cc   Data           8  main.o(.constdata)
    .constdata                               0x0800661c   Section       24  system_stm32f4xx.o(.constdata)
    .constdata                               0x08006634   Section      129  ctype_o.o(.constdata)
    .constdata                               0x080066b8   Section        4  ctype_o.o(.constdata)
    table                                    0x080066b8   Data           4  ctype_o.o(.constdata)
    .conststring                             0x080066bc   Section        9  atgm.o(.conststring)
    .conststring                             0x080066c8   Section       24  nmea.o(.conststring)
    .conststring                             0x080066e0   Section        9  audio.o(.conststring)
    .conststring                             0x080066ec   Section       12  hi3861.o(.conststring)
    .conststring                             0x080066f8   Section       12  main.o(.conststring)
    .data                                    0x20000000   Section        4  atgm.o(.data)
    .data                                    0x20000004   Section       24  nmea.o(.data)
    .data                                    0x2000001c   Section       20  main.o(.data)
    .data                                    0x20000030   Section        9  stm32f4xx_hal.o(.data)
    .data                                    0x2000003c   Section        4  system_stm32f4xx.o(.data)
    .data                                    0x20000040   Section       60  tasks.o(.data)
    pxDelayedTaskList                        0x20000044   Data           4  tasks.o(.data)
    pxOverflowDelayedTaskList                0x20000048   Data           4  tasks.o(.data)
    uxDeletedTasksWaitingCleanUp             0x2000004c   Data           4  tasks.o(.data)
    uxCurrentNumberOfTasks                   0x20000050   Data           4  tasks.o(.data)
    xTickCount                               0x20000054   Data           4  tasks.o(.data)
    uxTopReadyPriority                       0x20000058   Data           4  tasks.o(.data)
    xSchedulerRunning                        0x2000005c   Data           4  tasks.o(.data)
    xPendedTicks                             0x20000060   Data           4  tasks.o(.data)
    xYieldPending                            0x20000064   Data           4  tasks.o(.data)
    xNumOfOverflows                          0x20000068   Data           4  tasks.o(.data)
    uxTaskNumber                             0x2000006c   Data           4  tasks.o(.data)
    xNextTaskUnblockTime                     0x20000070   Data           4  tasks.o(.data)
    xIdleTaskHandle                          0x20000074   Data           4  tasks.o(.data)
    uxSchedulerSuspended                     0x20000078   Data           4  tasks.o(.data)
    .data                                    0x2000007c   Section       20  timers.o(.data)
    pxCurrentTimerList                       0x2000007c   Data           4  timers.o(.data)
    pxOverflowTimerList                      0x20000080   Data           4  timers.o(.data)
    xTimerQueue                              0x20000084   Data           4  timers.o(.data)
    xTimerTaskHandle                         0x20000088   Data           4  timers.o(.data)
    xLastTime                                0x2000008c   Data           4  timers.o(.data)
    .data                                    0x20000090   Section        4  cmsis_os2.o(.data)
    KernelState                              0x20000090   Data           4  cmsis_os2.o(.data)
    .data                                    0x20000094   Section       32  heap_4.o(.data)
    xStart                                   0x20000094   Data           8  heap_4.o(.data)
    pxEnd                                    0x2000009c   Data           4  heap_4.o(.data)
    xFreeBytesRemaining                      0x200000a0   Data           4  heap_4.o(.data)
    xMinimumEverFreeBytesRemaining           0x200000a4   Data           4  heap_4.o(.data)
    xNumberOfSuccessfulAllocations           0x200000a8   Data           4  heap_4.o(.data)
    xNumberOfSuccessfulFrees                 0x200000ac   Data           4  heap_4.o(.data)
    xBlockAllocatedBit                       0x200000b0   Data           4  heap_4.o(.data)
    .data                                    0x200000b4   Section       12  port.o(.data)
    uxCriticalNesting                        0x200000b4   Data           4  port.o(.data)
    ucMaxSysCallPriority                     0x200000b8   Data           1  port.o(.data)
    ulMaxPRIGROUPValue                       0x200000bc   Data           4  port.o(.data)
    .data                                    0x200000c0   Section        4  strtok.o(.data)
    state                                    0x200000c0   Data           4  strtok.o(.data)
    .data                                    0x200000c4   Section        4  stdout.o(.data)
    .data                                    0x200000c8   Section        4  errno.o(.data)
    _errno                                   0x200000c8   Data           4  errno.o(.data)
    .bss                                     0x200000cc   Section       96  atgm.o(.bss)
    .bss                                     0x2000012c   Section      560  main.o(.bss)
    .bss                                     0x2000035c   Section       72  stm32f4xx_hal_timebase_tim.o(.bss)
    .bss                                     0x200003a4   Section       64  queue.o(.bss)
    .bss                                     0x200003e4   Section     1220  tasks.o(.bss)
    pxReadyTasksLists                        0x200003e4   Data        1120  tasks.o(.bss)
    xDelayedTaskList1                        0x20000844   Data          20  tasks.o(.bss)
    xDelayedTaskList2                        0x20000858   Data          20  tasks.o(.bss)
    xPendingReadyList                        0x2000086c   Data          20  tasks.o(.bss)
    xTasksWaitingTermination                 0x20000880   Data          20  tasks.o(.bss)
    xSuspendedTaskList                       0x20000894   Data          20  tasks.o(.bss)
    .bss                                     0x200008a8   Section      280  timers.o(.bss)
    xActiveTimerList1                        0x200008a8   Data          20  timers.o(.bss)
    xActiveTimerList2                        0x200008bc   Data          20  timers.o(.bss)
    xStaticTimerQueue                        0x200008d0   Data          80  timers.o(.bss)
    ucStaticTimerQueueStorage                0x20000920   Data         160  timers.o(.bss)
    .bss                                     0x200009c0   Section     1720  cmsis_os2.o(.bss)
    Idle_TCB                                 0x200009c0   Data          92  cmsis_os2.o(.bss)
    Idle_Stack                               0x20000a1c   Data         512  cmsis_os2.o(.bss)
    Timer_TCB                                0x20000c1c   Data          92  cmsis_os2.o(.bss)
    Timer_Stack                              0x20000c78   Data        1024  cmsis_os2.o(.bss)
    .bss                                     0x20001078   Section    15360  heap_4.o(.bss)
    ucHeap                                   0x20001078   Data       15360  heap_4.o(.bss)
    STACK                                    0x20004c78   Section     1024  startup_stm32f405xx.o(STACK)

    Global Symbols

    Symbol Name                              Value     Ov Type        Size  Object(Section)

    BuildAttributes$$THM_ISAv4$E$P$D$K$B$S$7EM$VFPi3$EXTD16$VFPS$VFMA$PE$A:L22UL41UL21$X:L11$S22US41US21$IEEE1$IW$USESV6$~STKCKD$USESV7$~SHL$OTIME$ROPI$IEEEJ$EBA8$MICROLIB$REQ8$PRES8$EABIv2 0x00000000   Number         0  anon$$obj.o ABSOLUTE
    __ARM_use_no_argv                        0x00000000   Number         0  main.o ABSOLUTE
    _printf_a                                0x00000000   Number         0  stubs.o ABSOLUTE
    _printf_c                                0x00000000   Number         0  stubs.o ABSOLUTE
    _printf_charcount                        0x00000000   Number         0  stubs.o ABSOLUTE
    _printf_d                                0x00000000   Number         0  stubs.o ABSOLUTE
    _printf_e                                0x00000000   Number         0  stubs.o ABSOLUTE
    _printf_f                                0x00000000   Number         0  stubs.o ABSOLUTE
    _printf_flags                            0x00000000   Number         0  stubs.o ABSOLUTE
    _printf_fp_dec                           0x00000000   Number         0  stubs.o ABSOLUTE
    _printf_fp_hex                           0x00000000   Number         0  stubs.o ABSOLUTE
    _printf_g                                0x00000000   Number         0  stubs.o ABSOLUTE
    _printf_i                                0x00000000   Number         0  stubs.o ABSOLUTE
    _printf_int_dec                          0x00000000   Number         0  stubs.o ABSOLUTE
    _printf_l                                0x00000000   Number         0  stubs.o ABSOLUTE
    _printf_lc                               0x00000000   Number         0  stubs.o ABSOLUTE
    _printf_ll                               0x00000000   Number         0  stubs.o ABSOLUTE
    _printf_lld                              0x00000000   Number         0  stubs.o ABSOLUTE
    _printf_lli                              0x00000000   Number         0  stubs.o ABSOLUTE
    _printf_llo                              0x00000000   Number         0  stubs.o ABSOLUTE
    _printf_llu                              0x00000000   Number         0  stubs.o ABSOLUTE
    _printf_llx                              0x00000000   Number         0  stubs.o ABSOLUTE
    _printf_longlong_dec                     0x00000000   Number         0  stubs.o ABSOLUTE
    _printf_longlong_hex                     0x00000000   Number         0  stubs.o ABSOLUTE
    _printf_longlong_oct                     0x00000000   Number         0  stubs.o ABSOLUTE
    _printf_ls                               0x00000000   Number         0  stubs.o ABSOLUTE
    _printf_mbtowc                           0x00000000   Number         0  stubs.o ABSOLUTE
    _printf_n                                0x00000000   Number         0  stubs.o ABSOLUTE
    _printf_o                                0x00000000   Number         0  stubs.o ABSOLUTE
    _printf_p                                0x00000000   Number         0  stubs.o ABSOLUTE
    _printf_percent                          0x00000000   Number         0  stubs.o ABSOLUTE
    _printf_pre_padding                      0x00000000   Number         0  stubs.o ABSOLUTE
    _printf_return_value                     0x00000000   Number         0  stubs.o ABSOLUTE
    _printf_s                                0x00000000   Number         0  stubs.o ABSOLUTE
    _printf_sizespec                         0x00000000   Number         0  stubs.o ABSOLUTE
    _printf_str                              0x00000000   Number         0  stubs.o ABSOLUTE
    _printf_truncate_signed                  0x00000000   Number         0  stubs.o ABSOLUTE
    _printf_truncate_unsigned                0x00000000   Number         0  stubs.o ABSOLUTE
    _printf_u                                0x00000000   Number         0  stubs.o ABSOLUTE
    _printf_wc                               0x00000000   Number         0  stubs.o ABSOLUTE
    _printf_wctomb                           0x00000000   Number         0  stubs.o ABSOLUTE
    _printf_widthprec                        0x00000000   Number         0  stubs.o ABSOLUTE
    _printf_x                                0x00000000   Number         0  stubs.o ABSOLUTE
    __cpp_initialize__aeabi_                  - Undefined Weak Reference
    __cxa_finalize                            - Undefined Weak Reference
    __decompress                              - Undefined Weak Reference
    _clock_init                               - Undefined Weak Reference
    _microlib_exit                            - Undefined Weak Reference
    _scanf_longlong                           - Undefined Weak Reference
    _scanf_string                             - Undefined Weak Reference
    __Vectors_Size                           0x00000188   Number         0  startup_stm32f405xx.o ABSOLUTE
    __Vectors                                0x08000000   Data           4  startup_stm32f405xx.o(RESET)
    __Vectors_End                            0x08000188   Data           0  startup_stm32f405xx.o(RESET)
    __main                                   0x08000189   Thumb Code     0  entry.o(.ARM.Collect$$$$00000000)
    _main_stk                                0x08000189   Thumb Code     0  entry2.o(.ARM.Collect$$$$00000001)
    _main_scatterload                        0x0800018d   Thumb Code     0  entry5.o(.ARM.Collect$$$$00000004)
    __main_after_scatterload                 0x08000191   Thumb Code     0  entry5.o(.ARM.Collect$$$$00000004)
    _main_clock                              0x08000191   Thumb Code     0  entry7b.o(.ARM.Collect$$$$00000008)
    _main_cpp_init                           0x08000191   Thumb Code     0  entry8b.o(.ARM.Collect$$$$0000000A)
    _main_init                               0x08000191   Thumb Code     0  entry9a.o(.ARM.Collect$$$$0000000B)
    __rt_final_cpp                           0x08000199   Thumb Code     0  entry10a.o(.ARM.Collect$$$$0000000D)
    __rt_final_exit                          0x08000199   Thumb Code     0  entry11a.o(.ARM.Collect$$$$0000000F)
    SVC_Handler                              0x0800019d   Thumb Code    28  port.o(.emb_text)
    __asm___6_port_c_39a90d8d__prvStartFirstTask 0x080001bd   Thumb Code    36  port.o(.emb_text)
    __asm___6_port_c_39a90d8d__prvEnableVFP  0x080001e5   Thumb Code    16  port.o(.emb_text)
    PendSV_Handler                           0x080001f9   Thumb Code    88  port.o(.emb_text)
    vPortGetIPSR                             0x08000255   Thumb Code     6  port.o(.emb_text)
    Reset_Handler                            0x0800025d   Thumb Code     8  startup_stm32f405xx.o(.text)
    ADC_IRQHandler                           0x08000277   Thumb Code     0  startup_stm32f405xx.o(.text)
    CAN1_RX0_IRQHandler                      0x08000277   Thumb Code     0  startup_stm32f405xx.o(.text)
    CAN1_RX1_IRQHandler                      0x08000277   Thumb Code     0  startup_stm32f405xx.o(.text)
    CAN1_SCE_IRQHandler                      0x08000277   Thumb Code     0  startup_stm32f405xx.o(.text)
    CAN1_TX_IRQHandler                       0x08000277   Thumb Code     0  startup_stm32f405xx.o(.text)
    CAN2_RX0_IRQHandler                      0x08000277   Thumb Code     0  startup_stm32f405xx.o(.text)
    CAN2_RX1_IRQHandler                      0x08000277   Thumb Code     0  startup_stm32f405xx.o(.text)
    CAN2_SCE_IRQHandler                      0x08000277   Thumb Code     0  startup_stm32f405xx.o(.text)
    CAN2_TX_IRQHandler                       0x08000277   Thumb Code     0  startup_stm32f405xx.o(.text)
    DMA1_Stream0_IRQHandler                  0x08000277   Thumb Code     0  startup_stm32f405xx.o(.text)
    DMA1_Stream1_IRQHandler                  0x08000277   Thumb Code     0  startup_stm32f405xx.o(.text)
    DMA1_Stream2_IRQHandler                  0x08000277   Thumb Code     0  startup_stm32f405xx.o(.text)
    DMA1_Stream3_IRQHandler                  0x08000277   Thumb Code     0  startup_stm32f405xx.o(.text)
    DMA1_Stream4_IRQHandler                  0x08000277   Thumb Code     0  startup_stm32f405xx.o(.text)
    DMA1_Stream5_IRQHandler                  0x08000277   Thumb Code     0  startup_stm32f405xx.o(.text)
    DMA1_Stream6_IRQHandler                  0x08000277   Thumb Code     0  startup_stm32f405xx.o(.text)
    DMA1_Stream7_IRQHandler                  0x08000277   Thumb Code     0  startup_stm32f405xx.o(.text)
    DMA2_Stream0_IRQHandler                  0x08000277   Thumb Code     0  startup_stm32f405xx.o(.text)
    DMA2_Stream1_IRQHandler                  0x08000277   Thumb Code     0  startup_stm32f405xx.o(.text)
    DMA2_Stream2_IRQHandler                  0x08000277   Thumb Code     0  startup_stm32f405xx.o(.text)
    DMA2_Stream3_IRQHandler                  0x08000277   Thumb Code     0  startup_stm32f405xx.o(.text)
    DMA2_Stream4_IRQHandler                  0x08000277   Thumb Code     0  startup_stm32f405xx.o(.text)
    DMA2_Stream5_IRQHandler                  0x08000277   Thumb Code     0  startup_stm32f405xx.o(.text)
    DMA2_Stream6_IRQHandler                  0x08000277   Thumb Code     0  startup_stm32f405xx.o(.text)
    DMA2_Stream7_IRQHandler                  0x08000277   Thumb Code     0  startup_stm32f405xx.o(.text)
    EXTI0_IRQHandler                         0x08000277   Thumb Code     0  startup_stm32f405xx.o(.text)
    EXTI15_10_IRQHandler                     0x08000277   Thumb Code     0  startup_stm32f405xx.o(.text)
    EXTI1_IRQHandler                         0x08000277   Thumb Code     0  startup_stm32f405xx.o(.text)
    EXTI2_IRQHandler                         0x08000277   Thumb Code     0  startup_stm32f405xx.o(.text)
    EXTI3_IRQHandler                         0x08000277   Thumb Code     0  startup_stm32f405xx.o(.text)
    EXTI4_IRQHandler                         0x08000277   Thumb Code     0  startup_stm32f405xx.o(.text)
    EXTI9_5_IRQHandler                       0x08000277   Thumb Code     0  startup_stm32f405xx.o(.text)
    FLASH_IRQHandler                         0x08000277   Thumb Code     0  startup_stm32f405xx.o(.text)
    FMC_IRQHandler                           0x08000277   Thumb Code     0  startup_stm32f405xx.o(.text)
    FPU_IRQHandler                           0x08000277   Thumb Code     0  startup_stm32f405xx.o(.text)
    HASH_RNG_IRQHandler                      0x08000277   Thumb Code     0  startup_stm32f405xx.o(.text)
    I2C1_ER_IRQHandler                       0x08000277   Thumb Code     0  startup_stm32f405xx.o(.text)
    I2C1_EV_IRQHandler                       0x08000277   Thumb Code     0  startup_stm32f405xx.o(.text)
    I2C2_ER_IRQHandler                       0x08000277   Thumb Code     0  startup_stm32f405xx.o(.text)
    I2C2_EV_IRQHandler                       0x08000277   Thumb Code     0  startup_stm32f405xx.o(.text)
    I2C3_ER_IRQHandler                       0x08000277   Thumb Code     0  startup_stm32f405xx.o(.text)
    I2C3_EV_IRQHandler                       0x08000277   Thumb Code     0  startup_stm32f405xx.o(.text)
    OTG_FS_IRQHandler                        0x08000277   Thumb Code     0  startup_stm32f405xx.o(.text)
    OTG_FS_WKUP_IRQHandler                   0x08000277   Thumb Code     0  startup_stm32f405xx.o(.text)
    OTG_HS_EP1_IN_IRQHandler                 0x08000277   Thumb Code     0  startup_stm32f405xx.o(.text)
    OTG_HS_EP1_OUT_IRQHandler                0x08000277   Thumb Code     0  startup_stm32f405xx.o(.text)
    OTG_HS_IRQHandler                        0x08000277   Thumb Code     0  startup_stm32f405xx.o(.text)
    OTG_HS_WKUP_IRQHandler                   0x08000277   Thumb Code     0  startup_stm32f405xx.o(.text)
    PVD_IRQHandler                           0x08000277   Thumb Code     0  startup_stm32f405xx.o(.text)
    RCC_IRQHandler                           0x08000277   Thumb Code     0  startup_stm32f405xx.o(.text)
    RTC_Alarm_IRQHandler                     0x08000277   Thumb Code     0  startup_stm32f405xx.o(.text)
    RTC_WKUP_IRQHandler                      0x08000277   Thumb Code     0  startup_stm32f405xx.o(.text)
    SDIO_IRQHandler                          0x08000277   Thumb Code     0  startup_stm32f405xx.o(.text)
    SPI1_IRQHandler                          0x08000277   Thumb Code     0  startup_stm32f405xx.o(.text)
    SPI2_IRQHandler                          0x08000277   Thumb Code     0  startup_stm32f405xx.o(.text)
    SPI3_IRQHandler                          0x08000277   Thumb Code     0  startup_stm32f405xx.o(.text)
    TAMP_STAMP_IRQHandler                    0x08000277   Thumb Code     0  startup_stm32f405xx.o(.text)
    TIM1_BRK_TIM9_IRQHandler                 0x08000277   Thumb Code     0  startup_stm32f405xx.o(.text)
    TIM1_CC_IRQHandler                       0x08000277   Thumb Code     0  startup_stm32f405xx.o(.text)
    TIM1_TRG_COM_TIM11_IRQHandler            0x08000277   Thumb Code     0  startup_stm32f405xx.o(.text)
    TIM2_IRQHandler                          0x08000277   Thumb Code     0  startup_stm32f405xx.o(.text)
    TIM3_IRQHandler                          0x08000277   Thumb Code     0  startup_stm32f405xx.o(.text)
    TIM4_IRQHandler                          0x08000277   Thumb Code     0  startup_stm32f405xx.o(.text)
    TIM5_IRQHandler                          0x08000277   Thumb Code     0  startup_stm32f405xx.o(.text)
    TIM6_DAC_IRQHandler                      0x08000277   Thumb Code     0  startup_stm32f405xx.o(.text)
    TIM7_IRQHandler                          0x08000277   Thumb Code     0  startup_stm32f405xx.o(.text)
    TIM8_BRK_TIM12_IRQHandler                0x08000277   Thumb Code     0  startup_stm32f405xx.o(.text)
    TIM8_CC_IRQHandler                       0x08000277   Thumb Code     0  startup_stm32f405xx.o(.text)
    TIM8_TRG_COM_TIM14_IRQHandler            0x08000277   Thumb Code     0  startup_stm32f405xx.o(.text)
    TIM8_UP_TIM13_IRQHandler                 0x08000277   Thumb Code     0  startup_stm32f405xx.o(.text)
    UART5_IRQHandler                         0x08000277   Thumb Code     0  startup_stm32f405xx.o(.text)
    USART1_IRQHandler                        0x08000277   Thumb Code     0  startup_stm32f405xx.o(.text)
    WWDG_IRQHandler                          0x08000277   Thumb Code     0  startup_stm32f405xx.o(.text)
    __aeabi_uldivmod                         0x08000281   Thumb Code    98  uldiv.o(.text)
    __aeabi_memcpy                           0x080002e3   Thumb Code    36  memcpya.o(.text)
    __aeabi_memcpy4                          0x080002e3   Thumb Code     0  memcpya.o(.text)
    __aeabi_memcpy8                          0x080002e3   Thumb Code     0  memcpya.o(.text)
    __aeabi_memset                           0x08000307   Thumb Code    14  memseta.o(.text)
    __aeabi_memset4                          0x08000307   Thumb Code     0  memseta.o(.text)
    __aeabi_memset8                          0x08000307   Thumb Code     0  memseta.o(.text)
    __aeabi_memclr                           0x08000315   Thumb Code     4  memseta.o(.text)
    __aeabi_memclr4                          0x08000315   Thumb Code     0  memseta.o(.text)
    __aeabi_memclr8                          0x08000315   Thumb Code     0  memseta.o(.text)
    memset                                   0x08000319   Thumb Code    18  memseta.o(.text)
    strstr                                   0x0800032b   Thumb Code    36  strstr.o(.text)
    strncpy                                  0x0800034f   Thumb Code    24  strncpy.o(.text)
    strcmp                                   0x08000367   Thumb Code    28  strcmp.o(.text)
    strtok                                   0x08000385   Thumb Code    62  strtok.o(.text)
    __0sscanf                                0x080003c9   Thumb Code    48  __0sscanf.o(.text)
    _scanf_int                               0x08000401   Thumb Code   332  _scanf_int.o(.text)
    atoi                                     0x0800054d   Thumb Code    26  atoi.o(.text)
    __aeabi_f2d                              0x08000567   Thumb Code    38  f2d.o(.text)
    __aeabi_d2f                              0x0800058d   Thumb Code    56  d2f.o(.text)
    __aeabi_uidiv                            0x080005c5   Thumb Code     0  uidiv.o(.text)
    __aeabi_uidivmod                         0x080005c5   Thumb Code    44  uidiv.o(.text)
    __aeabi_llsl                             0x080005f1   Thumb Code    30  llshl.o(.text)
    _ll_shift_l                              0x080005f1   Thumb Code     0  llshl.o(.text)
    __aeabi_llsr                             0x0800060f   Thumb Code    32  llushr.o(.text)
    _ll_ushift_r                             0x0800060f   Thumb Code     0  llushr.o(.text)
    _chval                                   0x0800062f   Thumb Code    28  _chval.o(.text)
    __vfscanf_char                           0x08000659   Thumb Code    20  scanf_char.o(.text)
    _sgetc                                   0x08000675   Thumb Code    30  _sgetc.o(.text)
    _sbackspace                              0x08000693   Thumb Code    34  _sgetc.o(.text)
    __strtod_int                             0x080006eb   Thumb Code    88  strtod.o(.text)
    strtol                                   0x08000751   Thumb Code   112  strtol.o(.text)
    __I$use$fp                               0x080007c1   Thumb Code     0  iusefp.o(.text)
    _float_round                             0x080007c1   Thumb Code    18  fepilogue.o(.text)
    _float_epilogue                          0x080007d3   Thumb Code    92  fepilogue.o(.text)
    __aeabi_dadd                             0x0800082f   Thumb Code   322  dadd.o(.text)
    __aeabi_dsub                             0x08000971   Thumb Code     6  dadd.o(.text)
    __aeabi_drsub                            0x08000977   Thumb Code     6  dadd.o(.text)
    __aeabi_dmul                             0x0800097d   Thumb Code   228  dmul.o(.text)
    __aeabi_ddiv                             0x08000a61   Thumb Code   222  ddiv.o(.text)
    __aeabi_d2ulz                            0x08000b3f   Thumb Code    48  dfixul.o(.text)
    __aeabi_cdrcmple                         0x08000b71   Thumb Code    48  cdrcmple.o(.text)
    __scatterload                            0x08000ba1   Thumb Code    28  init.o(.text)
    __scatterload_rt2                        0x08000ba1   Thumb Code     0  init.o(.text)
    __aeabi_lasr                             0x08000bc5   Thumb Code    36  llsshr.o(.text)
    _ll_sshift_r                             0x08000bc5   Thumb Code     0  llsshr.o(.text)
    __rt_ctype_table                         0x08000be9   Thumb Code     4  ctype_o.o(.text)
    isspace                                  0x08000bf1   Thumb Code    18  isspace_o.o(.text)
    __vfscanf                                0x08000c05   Thumb Code   808  _scanf.o(.text)
    _scanf_real                              0x08001031   Thumb Code     0  scanf_fp.o(.text)
    _scanf_really_real                       0x08001031   Thumb Code   556  scanf_fp.o(.text)
    _strtoul                                 0x08001269   Thumb Code   158  _strtoul.o(.text)
    _double_round                            0x08001307   Thumb Code    30  depilogue.o(.text)
    _double_epilogue                         0x08001325   Thumb Code   156  depilogue.o(.text)
    __aeabi_ul2d                             0x080013c1   Thumb Code    24  dfltul.o(.text)
    BusFault_Handler                         0x080013d9   Thumb Code     4  stm32f4xx_it.o(i.BusFault_Handler)
    DebugMon_Handler                         0x080013dd   Thumb Code     2  stm32f4xx_it.o(i.DebugMon_Handler)
    Error_Handler                            0x080013df   Thumb Code     6  main.o(i.Error_Handler)
    HAL_GetTick                              0x080013e5   Thumb Code     6  stm32f4xx_hal.o(i.HAL_GetTick)
    HAL_IncTick                              0x080013f1   Thumb Code    16  stm32f4xx_hal.o(i.HAL_IncTick)
    HAL_Init                                 0x08001409   Thumb Code    54  stm32f4xx_hal.o(i.HAL_Init)
    HAL_InitTick                             0x08001445   Thumb Code   140  stm32f4xx_hal_timebase_tim.o(i.HAL_InitTick)
    HAL_MspInit                              0x080014e5   Thumb Code    78  stm32f4xx_hal_msp.o(i.HAL_MspInit)
    HAL_NVIC_EnableIRQ                       0x08001539   Thumb Code    40  stm32f4xx_hal_cortex.o(i.HAL_NVIC_EnableIRQ)
    HAL_NVIC_SetPriority                     0x08001561   Thumb Code   124  stm32f4xx_hal_cortex.o(i.HAL_NVIC_SetPriority)
    HAL_NVIC_SetPriorityGrouping             0x080015dd   Thumb Code    32  stm32f4xx_hal_cortex.o(i.HAL_NVIC_SetPriorityGrouping)
    HAL_RCC_GetClockConfig                   0x08001605   Thumb Code    58  stm32f4xx_hal_rcc.o(i.HAL_RCC_GetClockConfig)
    HAL_RCC_GetHCLKFreq                      0x08001649   Thumb Code     6  stm32f4xx_hal_rcc.o(i.HAL_RCC_GetHCLKFreq)
    HAL_RCC_GetPCLK2Freq                     0x08001655   Thumb Code    22  stm32f4xx_hal_rcc.o(i.HAL_RCC_GetPCLK2Freq)
    HAL_TIMEx_BreakCallback                  0x08001675   Thumb Code     2  stm32f4xx_hal_tim_ex.o(i.HAL_TIMEx_BreakCallback)
    HAL_TIMEx_CommutCallback                 0x08001677   Thumb Code     2  stm32f4xx_hal_tim_ex.o(i.HAL_TIMEx_CommutCallback)
    HAL_TIM_Base_Init                        0x08001679   Thumb Code   102  stm32f4xx_hal_tim.o(i.HAL_TIM_Base_Init)
    HAL_TIM_Base_MspInit                     0x080016df   Thumb Code     2  stm32f4xx_hal_tim.o(i.HAL_TIM_Base_MspInit)
    HAL_TIM_Base_Start_IT                    0x080016e1   Thumb Code   138  stm32f4xx_hal_tim.o(i.HAL_TIM_Base_Start_IT)
    HAL_TIM_IC_CaptureCallback               0x08001789   Thumb Code     2  stm32f4xx_hal_tim.o(i.HAL_TIM_IC_CaptureCallback)
    HAL_TIM_IRQHandler                       0x0800178b   Thumb Code   364  stm32f4xx_hal_tim.o(i.HAL_TIM_IRQHandler)
    HAL_TIM_OC_DelayElapsedCallback          0x080018f7   Thumb Code     2  stm32f4xx_hal_tim.o(i.HAL_TIM_OC_DelayElapsedCallback)
    HAL_TIM_PWM_PulseFinishedCallback        0x080018f9   Thumb Code     2  stm32f4xx_hal_tim.o(i.HAL_TIM_PWM_PulseFinishedCallback)
    HAL_TIM_PeriodElapsedCallback            0x080018fd   Thumb Code    18  main.o(i.HAL_TIM_PeriodElapsedCallback)
    HAL_TIM_TriggerCallback                  0x08001915   Thumb Code     2  stm32f4xx_hal_tim.o(i.HAL_TIM_TriggerCallback)
    HardFault_Handler                        0x08001917   Thumb Code     4  stm32f4xx_it.o(i.HardFault_Handler)
    LL_GPIO_Init                             0x08001955   Thumb Code   312  stm32f4xx_ll_gpio.o(i.LL_GPIO_Init)
    LL_I2C_Init                              0x08001b49   Thumb Code   104  stm32f4xx_ll_i2c.o(i.LL_I2C_Init)
    LL_RCC_GetSystemClocksFreq               0x08001bb1   Thumb Code    36  stm32f4xx_ll_rcc.o(i.LL_RCC_GetSystemClocksFreq)
    LL_SetSystemCoreClock                    0x08001be5   Thumb Code     6  stm32f4xx_ll_utils.o(i.LL_SetSystemCoreClock)
    LL_USART_Init                            0x08001c0d   Thumb Code   170  stm32f4xx_ll_usart.o(i.LL_USART_Init)
    MemManage_Handler                        0x080021cd   Thumb Code     4  stm32f4xx_it.o(i.MemManage_Handler)
    NMI_Handler                              0x080021d1   Thumb Code     4  stm32f4xx_it.o(i.NMI_Handler)
    RCC_GetHCLKClockFreq                     0x08002215   Thumb Code    24  stm32f4xx_ll_rcc.o(i.RCC_GetHCLKClockFreq)
    RCC_GetPCLK1ClockFreq                    0x08002235   Thumb Code    26  stm32f4xx_ll_rcc.o(i.RCC_GetPCLK1ClockFreq)
    RCC_GetPCLK2ClockFreq                    0x08002259   Thumb Code    26  stm32f4xx_ll_rcc.o(i.RCC_GetPCLK2ClockFreq)
    RCC_GetSystemClockFreq                   0x0800227d   Thumb Code    54  stm32f4xx_ll_rcc.o(i.RCC_GetSystemClockFreq)
    RCC_PLL_GetFreqDomain_SYS                0x080022bd   Thumb Code   100  stm32f4xx_ll_rcc.o(i.RCC_PLL_GetFreqDomain_SYS)
    StartDefaultTask                         0x08002329   Thumb Code    10  main.o(i.StartDefaultTask)
    SysTick_Handler                          0x08002333   Thumb Code    22  cmsis_os2.o(i.SysTick_Handler)
    SystemClock_Config                       0x08002349   Thumb Code   296  main.o(i.SystemClock_Config)
    SystemInit                               0x08002485   Thumb Code    14  system_stm32f4xx.o(i.SystemInit)
    TIM1_UP_TIM10_IRQHandler                 0x08002499   Thumb Code    10  stm32f4xx_it.o(i.TIM1_UP_TIM10_IRQHandler)
    TIM_Base_SetConfig                       0x080024a9   Thumb Code   186  stm32f4xx_hal_tim.o(i.TIM_Base_SetConfig)
    UART4_IRQHandler                         0x08002591   Thumb Code    10  stm32f4xx_it.o(i.UART4_IRQHandler)
    USART2_IRQHandler                        0x080025a1   Thumb Code    10  stm32f4xx_it.o(i.USART2_IRQHandler)
    USART3_IRQHandler                        0x080025b1   Thumb Code    10  stm32f4xx_it.o(i.USART3_IRQHandler)
    USART6_IRQHandler                        0x080025c1   Thumb Code     2  stm32f4xx_it.o(i.USART6_IRQHandler)
    UsageFault_Handler                       0x080025c3   Thumb Code     4  stm32f4xx_it.o(i.UsageFault_Handler)
    __0printf                                0x080025c9   Thumb Code    22  printfa.o(i.__0printf)
    __1printf                                0x080025c9   Thumb Code     0  printfa.o(i.__0printf)
    __2printf                                0x080025c9   Thumb Code     0  printfa.o(i.__0printf)
    __c89printf                              0x080025c9   Thumb Code     0  printfa.o(i.__0printf)
    printf                                   0x080025c9   Thumb Code     0  printfa.o(i.__0printf)
    __0snprintf                              0x080025e9   Thumb Code    36  printfa.o(i.__0snprintf)
    __1snprintf                              0x080025e9   Thumb Code     0  printfa.o(i.__0snprintf)
    __2snprintf                              0x080025e9   Thumb Code     0  printfa.o(i.__0snprintf)
    __c89snprintf                            0x080025e9   Thumb Code     0  printfa.o(i.__0snprintf)
    snprintf                                 0x080025e9   Thumb Code     0  printfa.o(i.__0snprintf)
    __aeabi_errno_addr                       0x080026a5   Thumb Code     4  errno.o(i.__aeabi_errno_addr)
    __rt_errno_addr                          0x080026a5   Thumb Code     0  errno.o(i.__aeabi_errno_addr)
    __hardfp_atof                            0x080026b9   Thumb Code    44  atof.o(i.__hardfp_atof)
    __read_errno                             0x080026f1   Thumb Code     6  errno.o(i.__read_errno)
    __scatterload_copy                       0x080026fd   Thumb Code    14  handlers.o(i.__scatterload_copy)
    __scatterload_null                       0x0800270b   Thumb Code     2  handlers.o(i.__scatterload_null)
    __scatterload_zeroinit                   0x0800270d   Thumb Code    14  handlers.o(i.__scatterload_zeroinit)
    __set_errno                              0x0800271d   Thumb Code     6  errno.o(i.__set_errno)
    _is_digit                                0x0800288d   Thumb Code    14  scanf_fp.o(i._is_digit)
    atgm_init                                0x08002fe1   Thumb Code    32  atgm.o(i.atgm_init)
    audio_attach_header                      0x0800302d   Thumb Code    20  audio.o(i.audio_attach_header)
    audio_attach_how                         0x08003041   Thumb Code    58  audio.o(i.audio_attach_how)
    audio_attach_pos                         0x0800307b   Thumb Code    82  audio.o(i.audio_attach_pos)
    audio_attach_seq                         0x080030cd   Thumb Code    18  audio.o(i.audio_attach_seq)
    audio_attach_tailer                      0x080030df   Thumb Code    30  audio.o(i.audio_attach_tailer)
    audio_callback                           0x080030fd   Thumb Code    98  audio.o(i.audio_callback)
    audio_handle                             0x08003165   Thumb Code    10  audio.o(i.audio_handle)
    audio_init                               0x08003171   Thumb Code    56  audio.o(i.audio_init)
    audio_send_how                           0x080031b1   Thumb Code   126  audio.o(i.audio_send_how)
    audio_send_msg                           0x0800322f   Thumb Code    64  audio.o(i.audio_send_msg)
    audio_task                               0x0800326f   Thumb Code    46  audio.o(i.audio_task)
    fputc                                    0x0800329d   Thumb Code    36  main.o(i.fputc)
    hi3861_callback                          0x080032c5   Thumb Code   148  hi3861.o(i.hi3861_callback)
    hi3861_init                              0x08003371   Thumb Code   172  hi3861.o(i.hi3861_init)
    hi3861_msg_handle                        0x08003425   Thumb Code   150  hi3861.o(i.hi3861_msg_handle)
    hi3861_msg_pos                           0x080034d1   Thumb Code    82  hi3861.o(i.hi3861_msg_pos)
    hi3861_send_msg                          0x08003531   Thumb Code    70  hi3861.o(i.hi3861_send_msg)
    hi3861_send_pos                          0x0800359d   Thumb Code   100  hi3861.o(i.hi3861_send_pos)
    log_nmea_buf                             0x08003639   Thumb Code    38  log.o(i.log_nmea_buf)
    main                                     0x08003695   Thumb Code   108  main.o(i.main)
    nmea_available                           0x08003811   Thumb Code     6  nmea.o(i.nmea_available)
    nmea_available_reset                     0x08003817   Thumb Code    52  nmea.o(i.nmea_available_reset)
    nmea_callback                            0x0800384b   Thumb Code    60  nmea.o(i.nmea_callback)
    nmea_checksum                            0x08003887   Thumb Code    44  nmea.o(i.nmea_checksum)
    nmea_convert                             0x080038b5   Thumb Code    60  nmea.o(i.nmea_convert)
    nmea_gnss_altitude_m                     0x080038f9   Thumb Code    34  nmea.o(i.nmea_gnss_altitude_m)
    nmea_gnss_latitude_deg                   0x0800391b   Thumb Code    34  nmea.o(i.nmea_gnss_latitude_deg)
    nmea_gnss_longitude_deg                  0x0800393d   Thumb Code    34  nmea.o(i.nmea_gnss_longitude_deg)
    nmea_init                                0x08003961   Thumb Code    92  nmea.o(i.nmea_init)
    nmea_loop                                0x080039c1   Thumb Code  2690  nmea.o(i.nmea_loop)
    osDelay                                  0x08004449   Thumb Code    30  cmsis_os2.o(i.osDelay)
    osKernelInitialize                       0x08004469   Thumb Code    38  cmsis_os2.o(i.osKernelInitialize)
    osKernelStart                            0x08004495   Thumb Code    82  cmsis_os2.o(i.osKernelStart)
    osThreadNew                              0x080044f5   Thumb Code   184  cmsis_os2.o(i.osThreadNew)
    pvPortMalloc                             0x08004fd1   Thumb Code   306  heap_4.o(i.pvPortMalloc)
    pxPortInitialiseStack                    0x0800511d   Thumb Code    38  port.o(i.pxPortInitialiseStack)
    uxListRemove                             0x08005149   Thumb Code    40  list.o(i.uxListRemove)
    vApplicationGetIdleTaskMemory            0x08005171   Thumb Code    14  cmsis_os2.o(i.vApplicationGetIdleTaskMemory)
    vApplicationGetTimerTaskMemory           0x08005189   Thumb Code    16  cmsis_os2.o(i.vApplicationGetTimerTaskMemory)
    vListInitialise                          0x080051a1   Thumb Code    26  list.o(i.vListInitialise)
    vListInitialiseItem                      0x080051bb   Thumb Code     6  list.o(i.vListInitialiseItem)
    vListInsert                              0x080051c1   Thumb Code    52  list.o(i.vListInsert)
    vListInsertEnd                           0x080051f5   Thumb Code    24  list.o(i.vListInsertEnd)
    vPortEnterCritical                       0x0800520d   Thumb Code    76  port.o(i.vPortEnterCritical)
    vPortExitCritical                        0x08005261   Thumb Code    56  port.o(i.vPortExitCritical)
    vPortFree                                0x0800529d   Thumb Code   150  heap_4.o(i.vPortFree)
    vPortSetupTimerInterrupt                 0x08005341   Thumb Code    36  port.o(i.vPortSetupTimerInterrupt)
    vPortValidateInterruptPriority           0x08005369   Thumb Code   106  port.o(i.vPortValidateInterruptPriority)
    vQueueAddToRegistry                      0x080053e1   Thumb Code    38  queue.o(i.vQueueAddToRegistry)
    vQueueWaitForMessageRestricted           0x0800540d   Thumb Code    74  queue.o(i.vQueueWaitForMessageRestricted)
    vTaskDelay                               0x08005459   Thumb Code    82  tasks.o(i.vTaskDelay)
    vTaskInternalSetTimeOutState             0x080054b5   Thumb Code    14  tasks.o(i.vTaskInternalSetTimeOutState)
    vTaskMissedYield                         0x080054cd   Thumb Code     8  tasks.o(i.vTaskMissedYield)
    vTaskPlaceOnEventList                    0x080054d9   Thumb Code    52  tasks.o(i.vTaskPlaceOnEventList)
    vTaskPlaceOnEventListRestricted          0x08005511   Thumb Code    60  tasks.o(i.vTaskPlaceOnEventListRestricted)
    vTaskStartScheduler                      0x08005551   Thumb Code   156  tasks.o(i.vTaskStartScheduler)
    vTaskSuspendAll                          0x08005609   Thumb Code    12  tasks.o(i.vTaskSuspendAll)
    vTaskSwitchContext                       0x08005619   Thumb Code   122  tasks.o(i.vTaskSwitchContext)
    xPortStartScheduler                      0x080056a9   Thumb Code   330  port.o(i.xPortStartScheduler)
    xPortSysTickHandler                      0x08005811   Thumb Code    46  port.o(i.xPortSysTickHandler)
    xQueueGenericCreate                      0x08005845   Thumb Code    90  queue.o(i.xQueueGenericCreate)
    xQueueGenericCreateStatic                0x0800589f   Thumb Code   224  queue.o(i.xQueueGenericCreateStatic)
    xQueueGenericReset                       0x08005981   Thumb Code   146  queue.o(i.xQueueGenericReset)
    xQueueGenericSend                        0x08005a19   Thumb Code   420  queue.o(i.xQueueGenericSend)
    xQueueGenericSendFromISR                 0x08005bc1   Thumb Code   252  queue.o(i.xQueueGenericSendFromISR)
    xQueueReceive                            0x08005cbd   Thumb Code   356  queue.o(i.xQueueReceive)
    xQueueReceiveFromISR                     0x08005e25   Thumb Code   202  queue.o(i.xQueueReceiveFromISR)
    xTaskCheckForTimeOut                     0x08005ef1   Thumb Code   132  tasks.o(i.xTaskCheckForTimeOut)
    xTaskCreate                              0x08005f7d   Thumb Code   100  tasks.o(i.xTaskCreate)
    xTaskCreateStatic                        0x08005fe1   Thumb Code   186  tasks.o(i.xTaskCreateStatic)
    xTaskGetSchedulerState                   0x0800609d   Thumb Code    24  tasks.o(i.xTaskGetSchedulerState)
    xTaskGetTickCount                        0x080060bd   Thumb Code     6  tasks.o(i.xTaskGetTickCount)
    xTaskIncrementTick                       0x080060c9   Thumb Code   280  tasks.o(i.xTaskIncrementTick)
    xTaskPriorityDisinherit                  0x0800620d   Thumb Code   152  tasks.o(i.xTaskPriorityDisinherit)
    xTaskRemoveFromEventList                 0x080062b1   Thumb Code   126  tasks.o(i.xTaskRemoveFromEventList)
    xTaskResumeAll                           0x08006349   Thumb Code   222  tasks.o(i.xTaskResumeAll)
    xTimerCreateTimerTask                    0x0800644d   Thumb Code   100  timers.o(i.xTimerCreateTimerTask)
    xTimerGenericCommand                     0x080064c5   Thumb Code   128  timers.o(i.xTimerGenericCommand)
    atgmtask_attributes                      0x08006550   Data          36  atgm.o(.constdata)
    defaultTask_attributes                   0x080065d4   Data          36  main.o(.constdata)
    AHBPrescTable                            0x0800661c   Data          16  system_stm32f4xx.o(.constdata)
    APBPrescTable                            0x0800662c   Data           8  system_stm32f4xx.o(.constdata)
    __ctype_table                            0x08006634   Data         129  ctype_o.o(.constdata)
    Region$$Table$$Base                      0x08006704   Number         0  anon$$obj.o(Region$$Table)
    Region$$Table$$Limit                     0x08006724   Number         0  anon$$obj.o(Region$$Table)
    atgm_task                                0x20000000   Data           4  atgm.o(.data)
    nmea_delimiter                           0x20000004   Data          24  nmea.o(.data)
    defaultTaskHandle                        0x2000001c   Data           4  main.o(.data)
    maintask                                 0x20000020   Data           4  main.o(.data)
    latitude                                 0x20000024   Data           4  main.o(.data)
    longitute                                0x20000028   Data           4  main.o(.data)
    altitude                                 0x2000002c   Data           4  main.o(.data)
    uwTick                                   0x20000030   Data           4  stm32f4xx_hal.o(.data)
    uwTickPrio                               0x20000034   Data           4  stm32f4xx_hal.o(.data)
    uwTickFreq                               0x20000038   Data           1  stm32f4xx_hal.o(.data)
    SystemCoreClock                          0x2000003c   Data           4  system_stm32f4xx.o(.data)
    pxCurrentTCB                             0x20000040   Data           4  tasks.o(.data)
    __stdout                                 0x200000c4   Data           4  stdout.o(.data)
    atgm                                     0x200000cc   Data          96  atgm.o(.bss)
    su03_audio                               0x2000012c   Data         532  main.o(.bss)
    hi                                       0x20000340   Data          28  main.o(.bss)
    htim1                                    0x2000035c   Data          72  stm32f4xx_hal_timebase_tim.o(.bss)
    xQueueRegistry                           0x200003a4   Data          64  queue.o(.bss)
    __initial_sp                             0x20005078   Data           0  startup_stm32f405xx.o(STACK)



==============================================================================

Memory Map of the image

  Image Entry point : 0x08000189

  Load Region LR_IROM1 (Base: 0x08000000, Size: 0x000067f0, Max: 0x00100000, ABSOLUTE)

    Execution Region ER_IROM1 (Exec base: 0x08000000, Load base: 0x08000000, Size: 0x00006724, Max: 0x00100000, ABSOLUTE)

    Exec Addr    Load Addr    Size         Type   Attr      Idx    E Section Name        Object

    0x08000000   0x08000000   0x00000188   Data   RO            3    RESET               startup_stm32f405xx.o
    0x08000188   0x08000188   0x00000000   Code   RO         5544  * .ARM.Collect$$$$00000000  mc_w.l(entry.o)
    0x08000188   0x08000188   0x00000004   Code   RO         5840    .ARM.Collect$$$$00000001  mc_w.l(entry2.o)
    0x0800018c   0x0800018c   0x00000004   Code   RO         5843    .ARM.Collect$$$$00000004  mc_w.l(entry5.o)
    0x08000190   0x08000190   0x00000000   Code   RO         5845    .ARM.Collect$$$$00000008  mc_w.l(entry7b.o)
    0x08000190   0x08000190   0x00000000   Code   RO         5847    .ARM.Collect$$$$0000000A  mc_w.l(entry8b.o)
    0x08000190   0x08000190   0x00000008   Code   RO         5848    .ARM.Collect$$$$0000000B  mc_w.l(entry9a.o)
    0x08000198   0x08000198   0x00000000   Code   RO         5850    .ARM.Collect$$$$0000000D  mc_w.l(entry10a.o)
    0x08000198   0x08000198   0x00000000   Code   RO         5852    .ARM.Collect$$$$0000000F  mc_w.l(entry11a.o)
    0x08000198   0x08000198   0x00000004   Code   RO         5841    .ARM.Collect$$$$00002712  mc_w.l(entry2.o)
    0x0800019c   0x0800019c   0x000000be   Code   RO         5461    .emb_text           port.o
    0x0800025a   0x0800025a   0x00000002   PAD
    0x0800025c   0x0800025c   0x00000024   Code   RO            4    .text               startup_stm32f405xx.o
    0x08000280   0x08000280   0x00000062   Code   RO         5547    .text               mc_w.l(uldiv.o)
    0x080002e2   0x080002e2   0x00000024   Code   RO         5549    .text               mc_w.l(memcpya.o)
    0x08000306   0x08000306   0x00000024   Code   RO         5553    .text               mc_w.l(memseta.o)
    0x0800032a   0x0800032a   0x00000024   Code   RO         5555    .text               mc_w.l(strstr.o)
    0x0800034e   0x0800034e   0x00000018   Code   RO         5557    .text               mc_w.l(strncpy.o)
    0x08000366   0x08000366   0x0000001c   Code   RO         5559    .text               mc_w.l(strcmp.o)
    0x08000382   0x08000382   0x00000002   PAD
    0x08000384   0x08000384   0x00000044   Code   RO         5561    .text               mc_w.l(strtok.o)
    0x080003c8   0x080003c8   0x00000038   Code   RO         5830    .text               mc_w.l(__0sscanf.o)
    0x08000400   0x08000400   0x0000014c   Code   RO         5832    .text               mc_w.l(_scanf_int.o)
    0x0800054c   0x0800054c   0x0000001a   Code   RO         5834    .text               mc_w.l(atoi.o)
    0x08000566   0x08000566   0x00000026   Code   RO         5836    .text               mf_w.l(f2d.o)
    0x0800058c   0x0800058c   0x00000038   Code   RO         5838    .text               mf_w.l(d2f.o)
    0x080005c4   0x080005c4   0x0000002c   Code   RO         5855    .text               mc_w.l(uidiv.o)
    0x080005f0   0x080005f0   0x0000001e   Code   RO         5857    .text               mc_w.l(llshl.o)
    0x0800060e   0x0800060e   0x00000020   Code   RO         5859    .text               mc_w.l(llushr.o)
    0x0800062e   0x0800062e   0x0000001c   Code   RO         5868    .text               mc_w.l(_chval.o)
    0x0800064a   0x0800064a   0x00000002   PAD
    0x0800064c   0x0800064c   0x00000028   Code   RO         5870    .text               mc_w.l(scanf_char.o)
    0x08000674   0x08000674   0x00000040   Code   RO         5872    .text               mc_w.l(_sgetc.o)
    0x080006b4   0x080006b4   0x0000009c   Code   RO         5874    .text               mc_w.l(strtod.o)
    0x08000750   0x08000750   0x00000070   Code   RO         5876    .text               mc_w.l(strtol.o)
    0x080007c0   0x080007c0   0x00000000   Code   RO         5878    .text               mc_w.l(iusefp.o)
    0x080007c0   0x080007c0   0x0000006e   Code   RO         5879    .text               mf_w.l(fepilogue.o)
    0x0800082e   0x0800082e   0x0000014e   Code   RO         5881    .text               mf_w.l(dadd.o)
    0x0800097c   0x0800097c   0x000000e4   Code   RO         5883    .text               mf_w.l(dmul.o)
    0x08000a60   0x08000a60   0x000000de   Code   RO         5885    .text               mf_w.l(ddiv.o)
    0x08000b3e   0x08000b3e   0x00000030   Code   RO         5887    .text               mf_w.l(dfixul.o)
    0x08000b6e   0x08000b6e   0x00000002   PAD
    0x08000b70   0x08000b70   0x00000030   Code   RO         5889    .text               mf_w.l(cdrcmple.o)
    0x08000ba0   0x08000ba0   0x00000024   Code   RO         5891    .text               mc_w.l(init.o)
    0x08000bc4   0x08000bc4   0x00000024   Code   RO         5893    .text               mc_w.l(llsshr.o)
    0x08000be8   0x08000be8   0x00000008   Code   RO         5897    .text               mc_w.l(ctype_o.o)
    0x08000bf0   0x08000bf0   0x00000012   Code   RO         5919    .text               mc_w.l(isspace_o.o)
    0x08000c02   0x08000c02   0x00000002   PAD
    0x08000c04   0x08000c04   0x0000032c   Code   RO         5925    .text               mc_w.l(_scanf.o)
    0x08000f30   0x08000f30   0x00000338   Code   RO         5927    .text               mc_w.l(scanf_fp.o)
    0x08001268   0x08001268   0x0000009e   Code   RO         5931    .text               mc_w.l(_strtoul.o)
    0x08001306   0x08001306   0x000000ba   Code   RO         5933    .text               mf_w.l(depilogue.o)
    0x080013c0   0x080013c0   0x00000018   Code   RO         5938    .text               mf_w.l(dfltul.o)
    0x080013d8   0x080013d8   0x00000004   Code   RO          855    i.BusFault_Handler  stm32f4xx_it.o
    0x080013dc   0x080013dc   0x00000002   Code   RO          856    i.DebugMon_Handler  stm32f4xx_it.o
    0x080013de   0x080013de   0x00000006   Code   RO          669    i.Error_Handler     main.o
    0x080013e4   0x080013e4   0x0000000c   Code   RO         2281    i.HAL_GetTick       stm32f4xx_hal.o
    0x080013f0   0x080013f0   0x00000018   Code   RO         2287    i.HAL_IncTick       stm32f4xx_hal.o
    0x08001408   0x08001408   0x0000003c   Code   RO         2288    i.HAL_Init          stm32f4xx_hal.o
    0x08001444   0x08001444   0x000000a0   Code   RO          971    i.HAL_InitTick      stm32f4xx_hal_timebase_tim.o
    0x080014e4   0x080014e4   0x00000054   Code   RO          945    i.HAL_MspInit       stm32f4xx_hal_msp.o
    0x08001538   0x08001538   0x00000028   Code   RO         2128    i.HAL_NVIC_EnableIRQ  stm32f4xx_hal_cortex.o
    0x08001560   0x08001560   0x0000007c   Code   RO         2134    i.HAL_NVIC_SetPriority  stm32f4xx_hal_cortex.o
    0x080015dc   0x080015dc   0x00000028   Code   RO         2135    i.HAL_NVIC_SetPriorityGrouping  stm32f4xx_hal_cortex.o
    0x08001604   0x08001604   0x00000044   Code   RO         1343    i.HAL_RCC_GetClockConfig  stm32f4xx_hal_rcc.o
    0x08001648   0x08001648   0x0000000c   Code   RO         1344    i.HAL_RCC_GetHCLKFreq  stm32f4xx_hal_rcc.o
    0x08001654   0x08001654   0x00000020   Code   RO         1347    i.HAL_RCC_GetPCLK2Freq  stm32f4xx_hal_rcc.o
    0x08001674   0x08001674   0x00000002   Code   RO         3356    i.HAL_TIMEx_BreakCallback  stm32f4xx_hal_tim_ex.o
    0x08001676   0x08001676   0x00000002   Code   RO         3357    i.HAL_TIMEx_CommutCallback  stm32f4xx_hal_tim_ex.o
    0x08001678   0x08001678   0x00000066   Code   RO         2641    i.HAL_TIM_Base_Init  stm32f4xx_hal_tim.o
    0x080016de   0x080016de   0x00000002   Code   RO         2643    i.HAL_TIM_Base_MspInit  stm32f4xx_hal_tim.o
    0x080016e0   0x080016e0   0x000000a8   Code   RO         2646    i.HAL_TIM_Base_Start_IT  stm32f4xx_hal_tim.o
    0x08001788   0x08001788   0x00000002   Code   RO         2675    i.HAL_TIM_IC_CaptureCallback  stm32f4xx_hal_tim.o
    0x0800178a   0x0800178a   0x0000016c   Code   RO         2689    i.HAL_TIM_IRQHandler  stm32f4xx_hal_tim.o
    0x080018f6   0x080018f6   0x00000002   Code   RO         2692    i.HAL_TIM_OC_DelayElapsedCallback  stm32f4xx_hal_tim.o
    0x080018f8   0x080018f8   0x00000002   Code   RO         2719    i.HAL_TIM_PWM_PulseFinishedCallback  stm32f4xx_hal_tim.o
    0x080018fa   0x080018fa   0x00000002   PAD
    0x080018fc   0x080018fc   0x00000018   Code   RO          670    i.HAL_TIM_PeriodElapsedCallback  main.o
    0x08001914   0x08001914   0x00000002   Code   RO         2732    i.HAL_TIM_TriggerCallback  stm32f4xx_hal_tim.o
    0x08001916   0x08001916   0x00000004   Code   RO          857    i.HardFault_Handler  stm32f4xx_it.o
    0x0800191a   0x0800191a   0x00000002   PAD
    0x0800191c   0x0800191c   0x0000001c   Code   RO          671    i.LL_AHB1_GRP1_EnableClock  main.o
    0x08001938   0x08001938   0x0000001c   Code   RO          672    i.LL_APB1_GRP1_EnableClock  main.o
    0x08001954   0x08001954   0x00000138   Code   RO         1013    i.LL_GPIO_Init      stm32f4xx_ll_gpio.o
    0x08001a8c   0x08001a8c   0x000000bc   Code   RO         2528    i.LL_I2C_ConfigSpeed  stm32f4xx_ll_i2c.o
    0x08001b48   0x08001b48   0x00000068   Code   RO         2530    i.LL_I2C_Init       stm32f4xx_ll_i2c.o
    0x08001bb0   0x08001bb0   0x00000024   Code   RO         1066    i.LL_RCC_GetSystemClocksFreq  stm32f4xx_ll_rcc.o
    0x08001bd4   0x08001bd4   0x00000010   Code   RO         1068    i.LL_RCC_PLL_GetN   stm32f4xx_ll_rcc.o
    0x08001be4   0x08001be4   0x0000000c   Code   RO         1179    i.LL_SetSystemCoreClock  stm32f4xx_ll_utils.o
    0x08001bf0   0x08001bf0   0x00000012   Code   RO          673    i.LL_USART_ConfigAsyncMode  main.o
    0x08001c02   0x08001c02   0x0000000a   Code   RO          674    i.LL_USART_Enable   main.o
    0x08001c0c   0x08001c0c   0x000000c4   Code   RO         3630    i.LL_USART_Init     stm32f4xx_ll_usart.o
    0x08001cd0   0x08001cd0   0x0000000a   Code   RO          441    i.LL_USART_IsActiveFlag_TC  audio.o
    0x08001cda   0x08001cda   0x0000000a   Code   RO          564    i.LL_USART_IsActiveFlag_TC  hi3861.o
    0x08001ce4   0x08001ce4   0x0000000a   Code   RO         3631    i.LL_USART_IsEnabled  stm32f4xx_ll_usart.o
    0x08001cee   0x08001cee   0x000001b8   Code   RO         3632    i.LL_USART_SetBaudRate  stm32f4xx_ll_usart.o
    0x08001ea6   0x08001ea6   0x0000001c   Code   RO          675    i.MX_GPIO_Init      main.o
    0x08001ec2   0x08001ec2   0x00000002   PAD
    0x08001ec4   0x08001ec4   0x000000b0   Code   RO          676    i.MX_I2C1_Init      main.o
    0x08001f74   0x08001f74   0x00000098   Code   RO          677    i.MX_UART4_Init     main.o
    0x0800200c   0x0800200c   0x00000090   Code   RO          678    i.MX_USART1_UART_Init  main.o
    0x0800209c   0x0800209c   0x00000098   Code   RO          679    i.MX_USART2_UART_Init  main.o
    0x08002134   0x08002134   0x00000098   Code   RO          680    i.MX_USART3_UART_Init  main.o
    0x080021cc   0x080021cc   0x00000004   Code   RO          858    i.MemManage_Handler  stm32f4xx_it.o
    0x080021d0   0x080021d0   0x00000004   Code   RO          859    i.NMI_Handler       stm32f4xx_it.o
    0x080021d4   0x080021d4   0x00000040   Code   RO          681    i.NVIC_EncodePriority  main.o
    0x08002214   0x08002214   0x00000020   Code   RO         1070    i.RCC_GetHCLKClockFreq  stm32f4xx_ll_rcc.o
    0x08002234   0x08002234   0x00000024   Code   RO         1071    i.RCC_GetPCLK1ClockFreq  stm32f4xx_ll_rcc.o
    0x08002258   0x08002258   0x00000024   Code   RO         1072    i.RCC_GetPCLK2ClockFreq  stm32f4xx_ll_rcc.o
    0x0800227c   0x0800227c   0x00000040   Code   RO         1073    i.RCC_GetSystemClockFreq  stm32f4xx_ll_rcc.o
    0x080022bc   0x080022bc   0x0000006c   Code   RO         1076    i.RCC_PLL_GetFreqDomain_SYS  stm32f4xx_ll_rcc.o
    0x08002328   0x08002328   0x0000000a   Code   RO          682    i.StartDefaultTask  main.o
    0x08002332   0x08002332   0x00000016   Code   RO         4876    i.SysTick_Handler   cmsis_os2.o
    0x08002348   0x08002348   0x0000013c   Code   RO          683    i.SystemClock_Config  main.o
    0x08002484   0x08002484   0x00000014   Code   RO         3708    i.SystemInit        system_stm32f4xx.o
    0x08002498   0x08002498   0x00000010   Code   RO          860    i.TIM1_UP_TIM10_IRQHandler  stm32f4xx_it.o
    0x080024a8   0x080024a8   0x000000e8   Code   RO         2734    i.TIM_Base_SetConfig  stm32f4xx_hal_tim.o
    0x08002590   0x08002590   0x00000010   Code   RO          861    i.UART4_IRQHandler  stm32f4xx_it.o
    0x080025a0   0x080025a0   0x00000010   Code   RO          862    i.USART2_IRQHandler  stm32f4xx_it.o
    0x080025b0   0x080025b0   0x00000010   Code   RO          863    i.USART3_IRQHandler  stm32f4xx_it.o
    0x080025c0   0x080025c0   0x00000002   Code   RO          864    i.USART6_IRQHandler  stm32f4xx_it.o
    0x080025c2   0x080025c2   0x00000004   Code   RO          865    i.UsageFault_Handler  stm32f4xx_it.o
    0x080025c6   0x080025c6   0x00000002   PAD
    0x080025c8   0x080025c8   0x00000020   Code   RO         5802    i.__0printf         mc_w.l(printfa.o)
    0x080025e8   0x080025e8   0x00000028   Code   RO         5803    i.__0snprintf       mc_w.l(printfa.o)
    0x08002610   0x08002610   0x00000022   Code   RO          684    i.__NVIC_EnableIRQ  main.o
    0x08002632   0x08002632   0x00000002   PAD
    0x08002634   0x08002634   0x00000010   Code   RO          685    i.__NVIC_GetPriorityGrouping  main.o
    0x08002644   0x08002644   0x00000010   Code   RO         2141    i.__NVIC_GetPriorityGrouping  stm32f4xx_hal_cortex.o
    0x08002654   0x08002654   0x00000028   Code   RO          686    i.__NVIC_SetPriority  main.o
    0x0800267c   0x0800267c   0x00000028   Code   RO         2142    i.__NVIC_SetPriority  stm32f4xx_hal_cortex.o
    0x080026a4   0x080026a4   0x00000008   Code   RO         5861    i.__aeabi_errno_addr  mc_w.l(errno.o)
    0x080026ac   0x080026ac   0x00000006   Code   RO         4878    i.__get_IPSR        cmsis_os2.o
    0x080026b2   0x080026b2   0x00000006   PAD
    0x080026b8   0x080026b8   0x00000038   Code   RO         5538    i.__hardfp_atof     m_wm.l(atof.o)
    0x080026f0   0x080026f0   0x0000000c   Code   RO         5862    i.__read_errno      mc_w.l(errno.o)
    0x080026fc   0x080026fc   0x0000000e   Code   RO         5942    i.__scatterload_copy  mc_w.l(handlers.o)
    0x0800270a   0x0800270a   0x00000002   Code   RO         5943    i.__scatterload_null  mc_w.l(handlers.o)
    0x0800270c   0x0800270c   0x0000000e   Code   RO         5944    i.__scatterload_zeroinit  mc_w.l(handlers.o)
    0x0800271a   0x0800271a   0x00000002   PAD
    0x0800271c   0x0800271c   0x0000000c   Code   RO         5863    i.__set_errno       mc_w.l(errno.o)
    0x08002728   0x08002728   0x00000164   Code   RO         5809    i._fp_digits        mc_w.l(printfa.o)
    0x0800288c   0x0800288c   0x0000000e   Code   RO         5929    i._is_digit         mc_w.l(scanf_fp.o)
    0x0800289a   0x0800289a   0x00000002   PAD
    0x0800289c   0x0800289c   0x000006dc   Code   RO         5810    i._printf_core      mc_w.l(printfa.o)
    0x08002f78   0x08002f78   0x00000024   Code   RO         5811    i._printf_post_padding  mc_w.l(printfa.o)
    0x08002f9c   0x08002f9c   0x0000002e   Code   RO         5812    i._printf_pre_padding  mc_w.l(printfa.o)
    0x08002fca   0x08002fca   0x00000016   Code   RO         5813    i._snputc           mc_w.l(printfa.o)
    0x08002fe0   0x08002fe0   0x00000030   Code   RO           13    i.atgm_init         atgm.o
    0x08003010   0x08003010   0x0000001c   Code   RO           14    i.atgm_task_entry   atgm.o
    0x0800302c   0x0800302c   0x00000014   Code   RO          442    i.audio_attach_header  audio.o
    0x08003040   0x08003040   0x0000003a   Code   RO          443    i.audio_attach_how  audio.o
    0x0800307a   0x0800307a   0x00000052   Code   RO          444    i.audio_attach_pos  audio.o
    0x080030cc   0x080030cc   0x00000012   Code   RO          445    i.audio_attach_seq  audio.o
    0x080030de   0x080030de   0x0000001e   Code   RO          446    i.audio_attach_tailer  audio.o
    0x080030fc   0x080030fc   0x00000068   Code   RO          447    i.audio_callback    audio.o
    0x08003164   0x08003164   0x0000000a   Code   RO          448    i.audio_handle      audio.o
    0x0800316e   0x0800316e   0x00000002   PAD
    0x08003170   0x08003170   0x00000040   Code   RO          449    i.audio_init        audio.o
    0x080031b0   0x080031b0   0x0000007e   Code   RO          450    i.audio_send_how    audio.o
    0x0800322e   0x0800322e   0x00000040   Code   RO          451    i.audio_send_msg    audio.o
    0x0800326e   0x0800326e   0x0000002e   Code   RO          453    i.audio_task        audio.o
    0x0800329c   0x0800329c   0x00000028   Code   RO          687    i.fputc             main.o
    0x080032c4   0x080032c4   0x000000ac   Code   RO          565    i.hi3861_callback   hi3861.o
    0x08003370   0x08003370   0x000000b4   Code   RO          566    i.hi3861_init       hi3861.o
    0x08003424   0x08003424   0x000000ac   Code   RO          567    i.hi3861_msg_handle  hi3861.o
    0x080034d0   0x080034d0   0x00000060   Code   RO          569    i.hi3861_msg_pos    hi3861.o
    0x08003530   0x08003530   0x0000006c   Code   RO          571    i.hi3861_send_msg   hi3861.o
    0x0800359c   0x0800359c   0x00000064   Code   RO          572    i.hi3861_send_pos   hi3861.o
    0x08003600   0x08003600   0x00000038   Code   RO          573    i.hi3861_task       hi3861.o
    0x08003638   0x08003638   0x0000005c   Code   RO          412    i.log_nmea_buf      log.o
    0x08003694   0x08003694   0x00000098   Code   RO          688    i.main              main.o
    0x0800372c   0x0800372c   0x000000e4   Code   RO          689    i.main_task_entry   main.o
    0x08003810   0x08003810   0x00000006   Code   RO          230    i.nmea_available    nmea.o
    0x08003816   0x08003816   0x00000034   Code   RO          231    i.nmea_available_reset  nmea.o
    0x0800384a   0x0800384a   0x0000003c   Code   RO          397    i.nmea_callback     nmea.o
    0x08003886   0x08003886   0x0000002c   Code   RO          232    i.nmea_checksum     nmea.o
    0x080038b2   0x080038b2   0x00000002   PAD
    0x080038b4   0x080038b4   0x00000044   Code   RO          391    i.nmea_convert      nmea.o
    0x080038f8   0x080038f8   0x00000022   Code   RO          235    i.nmea_gnss_altitude_m  nmea.o
    0x0800391a   0x0800391a   0x00000022   Code   RO          240    i.nmea_gnss_latitude_deg  nmea.o
    0x0800393c   0x0800393c   0x00000022   Code   RO          241    i.nmea_gnss_longitude_deg  nmea.o
    0x0800395e   0x0800395e   0x00000002   PAD
    0x08003960   0x08003960   0x00000060   Code   RO          249    i.nmea_init         nmea.o
    0x080039c0   0x080039c0   0x00000a88   Code   RO          250    i.nmea_loop         nmea.o
    0x08004448   0x08004448   0x0000001e   Code   RO         4879    i.osDelay           cmsis_os2.o
    0x08004466   0x08004466   0x00000002   PAD
    0x08004468   0x08004468   0x0000002c   Code   RO         4893    i.osKernelInitialize  cmsis_os2.o
    0x08004494   0x08004494   0x00000060   Code   RO         4896    i.osKernelStart     cmsis_os2.o
    0x080044f4   0x080044f4   0x000000b8   Code   RO         4938    i.osThreadNew       cmsis_os2.o
    0x080045ac   0x080045ac   0x0000007c   Code   RO         4316    i.prvAddCurrentTaskToDelayedList  tasks.o
    0x08004628   0x08004628   0x000000b8   Code   RO         4317    i.prvAddNewTaskToReadyList  tasks.o
    0x080046e0   0x080046e0   0x00000074   Code   RO         4692    i.prvCheckForValidListAndQueue  timers.o
    0x08004754   0x08004754   0x00000048   Code   RO         4318    i.prvCheckTasksWaitingTermination  tasks.o
    0x0800479c   0x0800479c   0x0000002a   Code   RO         3912    i.prvCopyDataFromQueue  queue.o
    0x080047c6   0x080047c6   0x0000007e   Code   RO         3913    i.prvCopyDataToQueue  queue.o
    0x08004844   0x08004844   0x00000050   Code   RO         4319    i.prvDeleteTCB      tasks.o
    0x08004894   0x08004894   0x00000028   Code   RO         4693    i.prvGetNextExpireTime  timers.o
    0x080048bc   0x080048bc   0x0000007c   Code   RO         5406    i.prvHeapInit       heap_4.o
    0x08004938   0x08004938   0x00000028   Code   RO         4320    i.prvIdleTask       tasks.o
    0x08004960   0x08004960   0x0000002a   Code   RO         3916    i.prvInitialiseNewQueue  queue.o
    0x0800498a   0x0800498a   0x000000be   Code   RO         4321    i.prvInitialiseNewTask  tasks.o
    0x08004a48   0x08004a48   0x00000068   Code   RO         4322    i.prvInitialiseTaskLists  tasks.o
    0x08004ab0   0x08004ab0   0x00000068   Code   RO         5407    i.prvInsertBlockIntoFreeList  heap_4.o
    0x08004b18   0x08004b18   0x00000058   Code   RO         4695    i.prvInsertTimerInActiveList  timers.o
    0x08004b70   0x08004b70   0x0000001a   Code   RO         3917    i.prvIsQueueEmpty   queue.o
    0x08004b8a   0x08004b8a   0x0000001e   Code   RO         3918    i.prvIsQueueFull    queue.o
    0x08004ba8   0x08004ba8   0x00000074   Code   RO         4696    i.prvProcessExpiredTimer  timers.o
    0x08004c1c   0x08004c1c   0x00000164   Code   RO         4697    i.prvProcessReceivedCommands  timers.o
    0x08004d80   0x08004d80   0x00000074   Code   RO         4698    i.prvProcessTimerOrBlockTask  timers.o
    0x08004df4   0x08004df4   0x00000034   Code   RO         4324    i.prvResetNextTaskUnblockTime  tasks.o
    0x08004e28   0x08004e28   0x0000002c   Code   RO         4699    i.prvSampleTimeNow  timers.o
    0x08004e54   0x08004e54   0x000000a4   Code   RO         4700    i.prvSwitchTimerLists  timers.o
    0x08004ef8   0x08004ef8   0x00000040   Code   RO         5462    i.prvTaskExitError  port.o
    0x08004f38   0x08004f38   0x0000001a   Code   RO         4701    i.prvTimerTask      timers.o
    0x08004f52   0x08004f52   0x0000007e   Code   RO         3919    i.prvUnlockQueue    queue.o
    0x08004fd0   0x08004fd0   0x0000014c   Code   RO         5408    i.pvPortMalloc      heap_4.o
    0x0800511c   0x0800511c   0x0000002c   Code   RO         5463    i.pxPortInitialiseStack  port.o
    0x08005148   0x08005148   0x00000028   Code   RO         3872    i.uxListRemove      list.o
    0x08005170   0x08005170   0x00000018   Code   RO         4950    i.vApplicationGetIdleTaskMemory  cmsis_os2.o
    0x08005188   0x08005188   0x00000018   Code   RO         4951    i.vApplicationGetTimerTaskMemory  cmsis_os2.o
    0x080051a0   0x080051a0   0x0000001a   Code   RO         3873    i.vListInitialise   list.o
    0x080051ba   0x080051ba   0x00000006   Code   RO         3874    i.vListInitialiseItem  list.o
    0x080051c0   0x080051c0   0x00000034   Code   RO         3875    i.vListInsert       list.o
    0x080051f4   0x080051f4   0x00000018   Code   RO         3876    i.vListInsertEnd    list.o
    0x0800520c   0x0800520c   0x00000054   Code   RO         5465    i.vPortEnterCritical  port.o
    0x08005260   0x08005260   0x0000003c   Code   RO         5466    i.vPortExitCritical  port.o
    0x0800529c   0x0800529c   0x000000a4   Code   RO         5409    i.vPortFree         heap_4.o
    0x08005340   0x08005340   0x00000028   Code   RO         5467    i.vPortSetupTimerInterrupt  port.o
    0x08005368   0x08005368   0x00000078   Code   RO         5468    i.vPortValidateInterruptPriority  port.o
    0x080053e0   0x080053e0   0x0000002c   Code   RO         3925    i.vQueueAddToRegistry  queue.o
    0x0800540c   0x0800540c   0x0000004a   Code   RO         3929    i.vQueueWaitForMessageRestricted  queue.o
    0x08005456   0x08005456   0x00000002   PAD
    0x08005458   0x08005458   0x0000005c   Code   RO         4337    i.vTaskDelay        tasks.o
    0x080054b4   0x080054b4   0x00000018   Code   RO         4342    i.vTaskInternalSetTimeOutState  tasks.o
    0x080054cc   0x080054cc   0x0000000c   Code   RO         4343    i.vTaskMissedYield  tasks.o
    0x080054d8   0x080054d8   0x00000038   Code   RO         4345    i.vTaskPlaceOnEventList  tasks.o
    0x08005510   0x08005510   0x00000040   Code   RO         4346    i.vTaskPlaceOnEventListRestricted  tasks.o
    0x08005550   0x08005550   0x000000b8   Code   RO         4354    i.vTaskStartScheduler  tasks.o
    0x08005608   0x08005608   0x00000010   Code   RO         4356    i.vTaskSuspendAll   tasks.o
    0x08005618   0x08005618   0x00000090   Code   RO         4357    i.vTaskSwitchContext  tasks.o
    0x080056a8   0x080056a8   0x00000168   Code   RO         5469    i.xPortStartScheduler  port.o
    0x08005810   0x08005810   0x00000034   Code   RO         5470    i.xPortSysTickHandler  port.o
    0x08005844   0x08005844   0x0000005a   Code   RO         3934    i.xQueueGenericCreate  queue.o
    0x0800589e   0x0800589e   0x000000e0   Code   RO         3935    i.xQueueGenericCreateStatic  queue.o
    0x0800597e   0x0800597e   0x00000002   PAD
    0x08005980   0x08005980   0x00000098   Code   RO         3936    i.xQueueGenericReset  queue.o
    0x08005a18   0x08005a18   0x000001a8   Code   RO         3937    i.xQueueGenericSend  queue.o
    0x08005bc0   0x08005bc0   0x000000fc   Code   RO         3938    i.xQueueGenericSendFromISR  queue.o
    0x08005cbc   0x08005cbc   0x00000168   Code   RO         3947    i.xQueueReceive     queue.o
    0x08005e24   0x08005e24   0x000000ca   Code   RO         3948    i.xQueueReceiveFromISR  queue.o
    0x08005eee   0x08005eee   0x00000002   PAD
    0x08005ef0   0x08005ef0   0x0000008c   Code   RO         4359    i.xTaskCheckForTimeOut  tasks.o
    0x08005f7c   0x08005f7c   0x00000064   Code   RO         4360    i.xTaskCreate       tasks.o
    0x08005fe0   0x08005fe0   0x000000ba   Code   RO         4361    i.xTaskCreateStatic  tasks.o
    0x0800609a   0x0800609a   0x00000002   PAD
    0x0800609c   0x0800609c   0x00000020   Code   RO         4365    i.xTaskGetSchedulerState  tasks.o
    0x080060bc   0x080060bc   0x0000000c   Code   RO         4366    i.xTaskGetTickCount  tasks.o
    0x080060c8   0x080060c8   0x00000144   Code   RO         4368    i.xTaskIncrementTick  tasks.o
    0x0800620c   0x0800620c   0x000000a4   Code   RO         4371    i.xTaskPriorityDisinherit  tasks.o
    0x080062b0   0x080062b0   0x00000098   Code   RO         4373    i.xTaskRemoveFromEventList  tasks.o
    0x08006348   0x08006348   0x00000104   Code   RO         4374    i.xTaskResumeAll    tasks.o
    0x0800644c   0x0800644c   0x00000078   Code   RO         4710    i.xTimerCreateTimerTask  timers.o
    0x080064c4   0x080064c4   0x00000084   Code   RO         4711    i.xTimerGenericCommand  timers.o
    0x08006548   0x08006548   0x0000002c   Data   RO           16    .constdata          atgm.o
    0x08006574   0x08006574   0x0000002c   Data   RO          454    .constdata          audio.o
    0x080065a0   0x080065a0   0x0000002c   Data   RO          574    .constdata          hi3861.o
    0x080065cc   0x080065cc   0x00000050   Data   RO          691    .constdata          main.o
    0x0800661c   0x0800661c   0x00000018   Data   RO         3709    .constdata          system_stm32f4xx.o
    0x08006634   0x08006634   0x00000081   Data   RO         5898    .constdata          mc_w.l(ctype_o.o)
    0x080066b5   0x080066b5   0x00000003   PAD
    0x080066b8   0x080066b8   0x00000004   Data   RO         5899    .constdata          mc_w.l(ctype_o.o)
    0x080066bc   0x080066bc   0x00000009   Data   RO           17    .conststring        atgm.o
    0x080066c5   0x080066c5   0x00000003   PAD
    0x080066c8   0x080066c8   0x00000018   Data   RO          255    .conststring        nmea.o
    0x080066e0   0x080066e0   0x00000009   Data   RO          455    .conststring        audio.o
    0x080066e9   0x080066e9   0x00000003   PAD
    0x080066ec   0x080066ec   0x0000000c   Data   RO          575    .conststring        hi3861.o
    0x080066f8   0x080066f8   0x0000000c   Data   RO          692    .conststring        main.o
    0x08006704   0x08006704   0x00000020   Data   RO         5940    Region$$Table       anon$$obj.o


    Execution Region RW_IRAM1 (Exec base: 0x20000000, Load base: 0x08006724, Size: 0x00005078, Max: 0x0001c000, ABSOLUTE)

    Exec Addr    Load Addr    Size         Type   Attr      Idx    E Section Name        Object

    0x20000000   0x08006724   0x00000004   Data   RW           18    .data               atgm.o
    0x20000004   0x08006728   0x00000018   Data   RW          256    .data               nmea.o
    0x2000001c   0x08006740   0x00000014   Data   RW          693    .data               main.o
    0x20000030   0x08006754   0x00000009   Data   RW         2295    .data               stm32f4xx_hal.o
    0x20000039   0x0800675d   0x00000003   PAD
    0x2000003c   0x08006760   0x00000004   Data   RW         3710    .data               system_stm32f4xx.o
    0x20000040   0x08006764   0x0000003c   Data   RW         4377    .data               tasks.o
    0x2000007c   0x080067a0   0x00000014   Data   RW         4719    .data               timers.o
    0x20000090   0x080067b4   0x00000004   Data   RW         4953    .data               cmsis_os2.o
    0x20000094   0x080067b8   0x00000020   Data   RW         5415    .data               heap_4.o
    0x200000b4   0x080067d8   0x0000000c   Data   RW         5471    .data               port.o
    0x200000c0   0x080067e4   0x00000004   Data   RW         5562    .data               mc_w.l(strtok.o)
    0x200000c4   0x080067e8   0x00000004   Data   RW         5854    .data               mc_w.l(stdout.o)
    0x200000c8   0x080067ec   0x00000004   Data   RW         5864    .data               mc_w.l(errno.o)
    0x200000cc        -       0x00000060   Zero   RW           15    .bss                atgm.o
    0x2000012c        -       0x00000230   Zero   RW          690    .bss                main.o
    0x2000035c        -       0x00000048   Zero   RW          974    .bss                stm32f4xx_hal_timebase_tim.o
    0x200003a4        -       0x00000040   Zero   RW         3951    .bss                queue.o
    0x200003e4        -       0x000004c4   Zero   RW         4376    .bss                tasks.o
    0x200008a8        -       0x00000118   Zero   RW         4718    .bss                timers.o
    0x200009c0        -       0x000006b8   Zero   RW         4952    .bss                cmsis_os2.o
    0x20001078        -       0x00003c00   Zero   RW         5414    .bss                heap_4.o
    0x20004c78        -       0x00000400   Zero   RW            1    STACK               startup_stm32f405xx.o


    Execution Region RW_IRAM2 (Exec base: 0x2001c000, Load base: 0x080067f0, Size: 0x00000000, Max: 0x00004000, ABSOLUTE)

    **** No section assigned to this execution region ****


==============================================================================

Image component sizes


      Code (inc. data)   RO Data    RW Data    ZI Data      Debug   Object Name

        76         22         53          4         96     686061   atgm.o
       632         14         53          0          0      24393   audio.o
       430         38          0          4       1720      65035   cmsis_os2.o
         0          0          0          0          0      19464   event_groups.o
       724         74          0         32      15360       4863   heap_4.o
       894        106         56          0          0      20462   hi3861.o
       148          0          0          0          0       3562   list.o
        92         54          0          0          0        783   log.o
      1818        206         92         20        560     102331   main.o
      3124         76         24         24          0      22862   nmea.o
      1014         92          0         12          0      11681   port.o
      2214         20          0          0         64      19841   queue.o
        36          8        392          0       1024        836   startup_stm32f405xx.o
        96         20          0          9          0       8070   stm32f4xx_hal.o
       260         22          0          0          0      33558   stm32f4xx_hal_cortex.o
        84          6          0          0          0        858   stm32f4xx_hal_msp.o
       112         26          0          0          0       2362   stm32f4xx_hal_rcc.o
       876         76          0          0          0       6606   stm32f4xx_hal_tim.o
         4          0          0          0          0       1593   stm32f4xx_hal_tim_ex.o
       160         20          0          0         72       1427   stm32f4xx_hal_timebase_tim.o
        88         24          0          0          0       5255   stm32f4xx_it.o
       312          0          0          0          0       7331   stm32f4xx_ll_gpio.o
       292         10          0          0          0      12222   stm32f4xx_ll_i2c.o
       328         52          0          0          0      28257   stm32f4xx_ll_rcc.o
       646         26          0          0          0      16916   stm32f4xx_ll_usart.o
        12          6          0          0          0        584   stm32f4xx_ll_utils.o
        20          6         24          4          0       1127   system_stm32f4xx.o
      2808        346          0         60       1220      27378   tasks.o
      1318        124          0         20        280      30351   timers.o

    ----------------------------------------------------------------------
     18652       1474        732        192      20396    1166069   Object Totals
         0          0         32          0          0          0   (incl. Generated)
        34          0          6          3          0          0   (incl. Padding)

    ----------------------------------------------------------------------

      Code (inc. data)   RO Data    RW Data    ZI Data      Debug   Library Member Name

        56         12          0          0          0        132   atof.o
        56          8          0          0          0         84   __0sscanf.o
        28          0          0          0          0         68   _chval.o
       812          4          0          0          0        112   _scanf.o
       332          0          0          0          0         96   _scanf_int.o
        64          0          0          0          0         84   _sgetc.o
       158          0          0          0          0         92   _strtoul.o
        26          0          0          0          0         80   atoi.o
         8          4        133          0          0         68   ctype_o.o
         0          0          0          0          0          0   entry.o
         0          0          0          0          0          0   entry10a.o
         0          0          0          0          0          0   entry11a.o
         8          4          0          0          0          0   entry2.o
         4          0          0          0          0          0   entry5.o
         0          0          0          0          0          0   entry7b.o
         0          0          0          0          0          0   entry8b.o
         8          4          0          0          0          0   entry9a.o
        32         16          0          4          0        204   errno.o
        30          0          0          0          0          0   handlers.o
        36          8          0          0          0         68   init.o
        18          0          0          0          0         76   isspace_o.o
         0          0          0          0          0          0   iusefp.o
        30          0          0          0          0         68   llshl.o
        36          0          0          0          0         68   llsshr.o
        32          0          0          0          0         68   llushr.o
        36          0          0          0          0         68   memcpya.o
        36          0          0          0          0        108   memseta.o
      2288         94          0          0          0        596   printfa.o
        40          8          0          0          0         84   scanf_char.o
       838         12          0          0          0        216   scanf_fp.o
         0          0          0          4          0          0   stdout.o
        28          0          0          0          0         76   strcmp.o
        24          0          0          0          0         76   strncpy.o
        36          0          0          0          0         80   strstr.o
       156         14          0          0          0        120   strtod.o
        68          6          0          4          0         80   strtok.o
       112          0          0          0          0         88   strtol.o
        44          0          0          0          0         80   uidiv.o
        98          0          0          0          0         92   uldiv.o
        48          0          0          0          0         68   cdrcmple.o
        56          0          0          0          0         88   d2f.o
       334          0          0          0          0        148   dadd.o
       222          0          0          0          0        100   ddiv.o
       186          0          0          0          0        176   depilogue.o
        48          0          0          0          0         68   dfixul.o
        24          0          0          0          0         76   dfltul.o
       228          0          0          0          0         96   dmul.o
        38          0          0          0          0         68   f2d.o
       110          0          0          0          0        168   fepilogue.o

    ----------------------------------------------------------------------
      6884        194        136         12          0       4188   Library Totals
        12          0          3          0          0          0   (incl. Padding)

    ----------------------------------------------------------------------

      Code (inc. data)   RO Data    RW Data    ZI Data      Debug   Library Name

        56         12          0          0          0        132   m_wm.l
      5522        182        133         12          0       3000   mc_w.l
      1294          0          0          0          0       1056   mf_w.l

    ----------------------------------------------------------------------
      6884        194        136         12          0       4188   Library Totals

    ----------------------------------------------------------------------

==============================================================================


      Code (inc. data)   RO Data    RW Data    ZI Data      Debug   

     25536       1668        868        204      20396    1150877   Grand Totals
     25536       1668        868        204      20396    1150877   ELF Image Totals
     25536       1668        868        204          0          0   ROM Totals

==============================================================================

    Total RO  Size (Code + RO Data)                26404 (  25.79kB)
    Total RW  Size (RW Data + ZI Data)             20600 (  20.12kB)
    Total ROM Size (Code + RO Data + RW Data)      26608 (  25.98kB)

==============================================================================

